Archive member included because of file (symbol)

/usr/share/crossworks_for_arm_3.3/lib/libc_v7m_t_le_eabi.a(libc2.o)
                              due_rowley_rtos THUMB Flash Debug/ili9341.o (abs)
/usr/share/crossworks_for_arm_3.3/lib/libc_v7m_t_le_eabi.a(libc2_asm.o)
                              due_rowley_rtos THUMB Flash Debug/main.o (memcpy)
/usr/share/crossworks_for_arm_3.3/lib/libc_v7m_t_le_eabi.a(libc_asm.o)
                              /usr/share/crossworks_for_arm_3.3/lib/libc_v7m_t_le_eabi.a(libc2.o) (__aeabi_uldivmod)
/usr/share/crossworks_for_arm_3.3/lib/lib_vfprintf_float_long_long_v7m_t_le_eabi.a(lib_vfprintf_float_long_long.o)
                              /usr/share/crossworks_for_arm_3.3/lib/libc_v7m_t_le_eabi.a(libc2.o) (__vfprintf)
/usr/share/crossworks_for_arm_3.3/lib/lib_vfscanf_float_long_long_cc_v7m_t_le_eabi.a(lib_vfscanf_float_long_long_cc.o)
                              /usr/share/crossworks_for_arm_3.3/lib/libc_v7m_t_le_eabi.a(libc2.o) (__vfscanf)
/usr/share/crossworks_for_arm_3.3/lib/libc_user_libc_v7m_t_le_eabi.a(user_libc.o)
                              /usr/share/crossworks_for_arm_3.3/lib/libc_v7m_t_le_eabi.a(libc2.o) (__aeabi_read_tp)
/usr/share/crossworks_for_arm_3.3/lib/libm_v7m_t_le_eabi.a(libm_asm.o)
                              /usr/share/crossworks_for_arm_3.3/lib/libc_v7m_t_le_eabi.a(libc2.o) (__aeabi_i2f)
/usr/share/crossworks_for_arm_3.3/lib/libm_v7m_t_le_eabi.a(libm2.o)
                              /usr/share/crossworks_for_arm_3.3/lib/lib_vfprintf_float_long_long_v7m_t_le_eabi.a(lib_vfprintf_float_long_long.o) (frexp)
/usr/share/crossworks_for_arm_3.3/lib/libm_v7m_t_le_eabi.a(libm2_asm.o)
                              /usr/share/crossworks_for_arm_3.3/lib/libm_v7m_t_le_eabi.a(libm2.o) (fabs)

Discarded input sections

 .text          0x00000000        0x0 due_rowley_rtos THUMB Flash Debug/main.o
 .data          0x00000000        0x0 due_rowley_rtos THUMB Flash Debug/main.o
 .bss           0x00000000        0x0 due_rowley_rtos THUMB Flash Debug/main.o
 .text.test_sd  0x00000000       0xf8 due_rowley_rtos THUMB Flash Debug/main.o
 .text.sd_bmp_read
                0x00000000       0xd8 due_rowley_rtos THUMB Flash Debug/main.o
 .text.ADC_IrqHandler
                0x00000000       0x4c due_rowley_rtos THUMB Flash Debug/main.o
 .bss.SPI_DEVICE_SD_CARD
                0x00000000        0x4 due_rowley_rtos THUMB Flash Debug/main.o
 .text          0x00000000        0x0 due_rowley_rtos THUMB Flash Debug/ctrl_access.o
 .data          0x00000000        0x0 due_rowley_rtos THUMB Flash Debug/ctrl_access.o
 .bss           0x00000000        0x0 due_rowley_rtos THUMB Flash Debug/ctrl_access.o
 .text.get_nb_lun
                0x00000000        0x4 due_rowley_rtos THUMB Flash Debug/ctrl_access.o
 .text.get_cur_lun
                0x00000000        0x4 due_rowley_rtos THUMB Flash Debug/ctrl_access.o
 .text.mem_test_unit_ready
                0x00000000        0xc due_rowley_rtos THUMB Flash Debug/ctrl_access.o
 .text.mem_read_capacity
                0x00000000        0xc due_rowley_rtos THUMB Flash Debug/ctrl_access.o
 .text.mem_sector_size
                0x00000000        0xc due_rowley_rtos THUMB Flash Debug/ctrl_access.o
 .text.mem_unload
                0x00000000        0xc due_rowley_rtos THUMB Flash Debug/ctrl_access.o
 .text.mem_wr_protect
                0x00000000        0xc due_rowley_rtos THUMB Flash Debug/ctrl_access.o
 .text.mem_removal
                0x00000000        0xc due_rowley_rtos THUMB Flash Debug/ctrl_access.o
 .text.mem_name
                0x00000000       0x10 due_rowley_rtos THUMB Flash Debug/ctrl_access.o
 .text.memory_2_ram
                0x00000000       0x10 due_rowley_rtos THUMB Flash Debug/ctrl_access.o
 .text.ram_2_memory
                0x00000000       0x10 due_rowley_rtos THUMB Flash Debug/ctrl_access.o
 .rodata.str1.4
                0x00000000       0x18 due_rowley_rtos THUMB Flash Debug/ctrl_access.o
 .debug_frame   0x00000000       0xc0 due_rowley_rtos THUMB Flash Debug/ctrl_access.o
 .debug_info    0x00000000      0x571 due_rowley_rtos THUMB Flash Debug/ctrl_access.o
 .debug_abbrev  0x00000000      0x1e6 due_rowley_rtos THUMB Flash Debug/ctrl_access.o
 .debug_loc     0x00000000      0x336 due_rowley_rtos THUMB Flash Debug/ctrl_access.o
 .debug_aranges
                0x00000000       0x70 due_rowley_rtos THUMB Flash Debug/ctrl_access.o
 .debug_ranges  0x00000000       0x60 due_rowley_rtos THUMB Flash Debug/ctrl_access.o
 .debug_line    0x00000000      0x2e9 due_rowley_rtos THUMB Flash Debug/ctrl_access.o
 .debug_str     0x00000000      0x42d due_rowley_rtos THUMB Flash Debug/ctrl_access.o
 .comment       0x00000000       0x4f due_rowley_rtos THUMB Flash Debug/ctrl_access.o
 .ARM.attributes
                0x00000000       0x33 due_rowley_rtos THUMB Flash Debug/ctrl_access.o
 .text          0x00000000        0x0 due_rowley_rtos THUMB Flash Debug/ff.o
 .data          0x00000000        0x0 due_rowley_rtos THUMB Flash Debug/ff.o
[...]
Memory Configuration

Name             Origin             Length             Attributes
UNPLACED_SECTIONS 0xffffffff         0x00000000         xw
CM3_System_Control_Space 0xe000e000         0x00001000         xw
Peripherals      0x40000000         0x20000000         xw
RAM              0x20070000         0x00018000         xw
FLASH            0x00080000         0x00080000         xr
*default*        0x00000000         0xffffffff

Linker script and memory map

                0xe000e000                __CM3_System_Control_Space_segment_start__ = 0xe000e000
                0xe000f000                __CM3_System_Control_Space_segment_end__ = 0xe000f000
                0x00001000                __CM3_System_Control_Space_segment_size__ = 0x1000
                0x40000000                __Peripherals_segment_start__ = 0x40000000
                0x60000000                __Peripherals_segment_end__ = 0x60000000
                0x20000000                __Peripherals_segment_size__ = 0x20000000
                0x20070000                __RAM_segment_start__ = 0x20070000
                0x20088000                __RAM_segment_end__ = 0x20088000
                0x00018000                __RAM_segment_size__ = 0x18000
                0x00080000                __FLASH_segment_start__ = 0x80000
                0x00100000                __FLASH_segment_end__ = 0x100000
                0x00080000                __FLASH_segment_size__ = 0x80000
                0x00000100                __HEAPSIZE__ = 0x100
                0x00000000                __STACKSIZE_ABT__ = 0x0
                0x00000000                __STACKSIZE_FIQ__ = 0x0
                0x00000000                __STACKSIZE_IRQ__ = 0x0
                0x00000200                __STACKSIZE_PROCESS__ = 0x200
                0x00000000                __STACKSIZE_SVC__ = 0x0
                0x00000000                __STACKSIZE_UND__ = 0x0
                0x00000200                __STACKSIZE__ = 0x200
                0x20070000                __vectors_ram_load_start__ = ALIGN (__RAM_segment_start__, 0x100)

.vectors_ram    0x20070000        0x0
                0x20070000                __vectors_ram_start__ = .
 *(.vectors_ram .vectors_ram.*)
                0x20070000                __vectors_ram_end__ = (__vectors_ram_start__ + SIZEOF (.vectors_ram))
                0x00000000                __vectors_ram_size__ = SIZEOF (.vectors_ram)
                0x20070000                __vectors_ram_load_end__ = __vectors_ram_end__
                0x00000001                . = ASSERT (((__vectors_ram_start__ == __vectors_ram_end__) || ((__vectors_ram_end__ >= __RAM_segment_start__) && (__vectors_ram_end__ <= __RAM_segment_end__))), error: .vectors_ram is too large to fit in RAM memory segment)
                0x00080000                __vectors_load_start__ = ALIGN (__FLASH_segment_start__, 0x100)

.vectors        0x00080000       0xf4
                0x00080000                __vectors_start__ = .
 *(.vectors .vectors.*)
 .vectors       0x00080000       0xf4 due_rowley_rtos THUMB Flash Debug/SAM3XA_Startup.o
                0x00080000                _vectors
                0x000800f4                __vectors_end__ = (__vectors_start__ + SIZEOF (.vectors))
                0x000000f4                __vectors_size__ = SIZEOF (.vectors)
                0x000800f4                __vectors_load_end__ = __vectors_end__
                0x00000001                . = ASSERT (((__vectors_start__ == __vectors_end__) || ((__vectors_end__ >= __FLASH_segment_start__) && (__vectors_end__ <= __FLASH_segment_end__))), error: .vectors is too large to fit in FLASH memory segment)
                0x000800f4                __init_load_start__ = ALIGN (__vectors_end__, 0x4)

.init           0x000800f4      0x208
                0x000800f4                __init_start__ = .
 *(.init .init.*)
 .init          0x000800f4      0x15c due_rowley_rtos THUMB Flash Debug/thumb_crt0.o
                0x000800f4                _start
                0x000801a4                exit
                0x000801cc                __getchar
 .init          0x00080250       0xac due_rowley_rtos THUMB Flash Debug/SAM3XA_Startup.o
                0x00080250                reset_handler
                0x00080294                SDRAMC_Handler
                0x0008029e                PIOE_Handler
                0x000802a0                PIOF_Handler
                0x000802b2                SPI1_Handler
                0x000802fc                __init_end__ = (__init_start__ + SIZEOF (.init))
                0x00000208                __init_size__ = SIZEOF (.init)
                0x000802fc                __init_load_end__ = __init_end__
                0x00000001                . = ASSERT (((__init_start__ == __init_end__) || ((__init_end__ >= __FLASH_segment_start__) && (__init_end__ <= __FLASH_segment_end__))), error: .init is too large to fit in FLASH memory segment)
                0x000802fc                __text_load_start__ = ALIGN (__init_end__, 0x4)

.text           0x000802fc     0x5784
                0x000802fc                __text_start__ = .
 *(.text .text.* .glue_7t .glue_7 .gnu.linkonce.t.* .gcc_except_table .ARM.extab* .gnu.linkonce.armextab.*)
 .glue_7        0x00000000        0x0 linker stubs
 .glue_7t       0x00000000        0x0 linker stubs
 .text.vRelayTask
                0x000802fc       0x2c due_rowley_rtos THUMB Flash Debug/main.o
 .text.vDhtTask
                0x00080328       0x30 due_rowley_rtos THUMB Flash Debug/main.o
 .text.vAdcTask
                0x00080358       0x4c due_rowley_rtos THUMB Flash Debug/main.o
 .text.vPeriodicTask
                0x000803a4      0x180 due_rowley_rtos THUMB Flash Debug/main.o
 .text.vBlinkTask
                0x00080524       0x34 due_rowley_rtos THUMB Flash Debug/main.o
 .text.__putchar
                0x00080558       0x28 due_rowley_rtos THUMB Flash Debug/main.o
                0x00080558                __putchar
 .text.startup.main
                0x00080580      0x260 due_rowley_rtos THUMB Flash Debug/main.o
                0x00080580                main
 .text.vApplicationMallocFailedHook
                0x000807e0        0x8 due_rowley_rtos THUMB Flash Debug/main.o
                0x000807e0                vApplicationMallocFailedHook
 .text.vApplicationStackOverflowHook
                0x000807e8        0x8 due_rowley_rtos THUMB Flash Debug/main.o
                0x000807e8                vApplicationStackOverflowHook
 .text.board_init
                0x000807f0       0xc4 due_rowley_rtos THUMB Flash Debug/init.o
                0x000807f0                board_init
 .text.Dummy_Handler
                0x000808b4        0x4 due_rowley_rtos THUMB Flash Debug/exceptions.o
                0x000808b4                DACC_Handler
                0x000808b4                DebugMon_Handler
                0x000808b4                DMAC_Handler
                0x000808b4                TRNG_Handler
                0x000808b4                HardFault_Handler
                0x000808b4                TC2_Handler
                0x000808b4                TWI1_Handler
                0x000808b4                NMI_Handler
                0x000808b4                TC7_Handler
                0x000808b4                ADC_Handler
                0x000808b4                SMC_Handler
                0x000808b4                RTT_Handler
                0x000808b4                EFC1_Handler
                0x000808b4                RTC_Handler
                0x000808b4                UsageFault_Handler
                0x000808b4                TC6_Handler
                0x000808b4                WDT_Handler
                0x000808b4                CAN0_Handler
                0x000808b4                TC4_Handler
                0x000808b4                TC1_Handler
                0x000808b4                HSMCI_Handler
                0x000808b4                TC3_Handler
                0x000808b4                Dummy_Handler
                0x000808b4                TWI0_Handler
                0x000808b4                SSC_Handler
                0x000808b4                EFC0_Handler
                0x000808b4                PMC_Handler
                0x000808b4                PWM_Handler
                0x000808b4                CAN1_Handler
                0x000808b4                MemManage_Handler
                0x000808b4                SUPC_Handler
                0x000808b4                TC8_Handler
                0x000808b4                EMAC_Handler
                0x000808b4                BusFault_Handler
                0x000808b4                RSTC_Handler
                0x000808b4                TC0_Handler
                0x000808b4                TC5_Handler
                0x000808b4                UOTGHS_Handler
                0x000808b4                SPI0_Handler
 .text.pio_set  0x000808b8        0x4 due_rowley_rtos THUMB Flash Debug/pio.o
                0x000808b8                pio_set
 .text.pio_clear
                0x000808bc        0x4 due_rowley_rtos THUMB Flash Debug/pio.o
                0x000808bc                pio_clear
 .text.pio_get  0x000808c0       0x18 due_rowley_rtos THUMB Flash Debug/pio.o
                0x000808c0                pio_get
 .text.pio_set_peripheral
                0x000808d8       0x40 due_rowley_rtos THUMB Flash Debug/pio.o
                0x000808d8                pio_set_peripheral
 .text.pio_set_input
                0x00080918       0x30 due_rowley_rtos THUMB Flash Debug/pio.o
                0x00080918                pio_set_input
 .text.pio_set_output
                0x00080948       0x34 due_rowley_rtos THUMB Flash Debug/pio.o
                0x00080948                pio_set_output
 .text.pio_get_interrupt_status
                0x0008097c        0x4 due_rowley_rtos THUMB Flash Debug/pio.o
                0x0008097c                pio_get_interrupt_status
 .text.pio_get_interrupt_mask
                0x00080980        0x4 due_rowley_rtos THUMB Flash Debug/pio.o
                0x00080980                pio_get_interrupt_mask
 .text.pio_configure_pin
                0x00080984       0xd4 due_rowley_rtos THUMB Flash Debug/pio.o
                0x00080984                pio_configure_pin
 .text.pio_configure_pin_group
                0x00080a58       0x8c due_rowley_rtos THUMB Flash Debug/pio.o
                0x00080a58                pio_configure_pin_group
 .text.pio_handler_process
                0x00080ae4       0x50 due_rowley_rtos THUMB Flash Debug/pio_handler.o
                0x00080ae4                pio_handler_process
 .text.PIOA_Handler
                0x00080b34        0xc due_rowley_rtos THUMB Flash Debug/pio_handler.o
                0x00080b34                PIOA_Handler
 .text.PIOB_Handler
                0x00080b40        0xc due_rowley_rtos THUMB Flash Debug/pio_handler.o
                0x00080b40                PIOB_Handler
 .text.PIOC_Handler
                0x00080b4c        0xc due_rowley_rtos THUMB Flash Debug/pio_handler.o
                0x00080b4c                PIOC_Handler
 .text.PIOD_Handler
                0x00080b58        0xc due_rowley_rtos THUMB Flash Debug/pio_handler.o
                0x00080b58                PIOD_Handler
 .text.sysclk_init
                0x00080b64       0x4c due_rowley_rtos THUMB Flash Debug/sysclk.o
                0x00080b64                sysclk_init
 .text.pmc_switch_mck_to_pllack
                0x00080bb0       0x58 due_rowley_rtos THUMB Flash Debug/pmc.o
                0x00080bb0                pmc_switch_mck_to_pllack
 .text.pmc_switch_mainck_to_xtal
                0x00080c08       0x54 due_rowley_rtos THUMB Flash Debug/pmc.o
                0x00080c08                pmc_switch_mainck_to_xtal
 .text.pmc_osc_is_ready_mainck
                0x00080c5c       0x10 due_rowley_rtos THUMB Flash Debug/pmc.o
                0x00080c5c                pmc_osc_is_ready_mainck
 .text.pmc_disable_pllack
                0x00080c6c       0x10 due_rowley_rtos THUMB Flash Debug/pmc.o
                0x00080c6c                pmc_disable_pllack
 .text.pmc_is_locked_pllack
                0x00080c7c       0x10 due_rowley_rtos THUMB Flash Debug/pmc.o
                0x00080c7c                pmc_is_locked_pllack
 .text.pmc_enable_periph_clk
                0x00080c8c       0x48 due_rowley_rtos THUMB Flash Debug/pmc.o
                0x00080c8c                pmc_enable_periph_clk
 .text.spi_master_init
                0x00080cd4       0x40 due_rowley_rtos THUMB Flash Debug/spi_master.o
                0x00080cd4                spi_master_init
 .text.spi_master_setup_device
                0x00080d14       0x60 due_rowley_rtos THUMB Flash Debug/spi_master.o
                0x00080d14                spi_master_setup_device
 .text.spi_select_device
                0x00080d74       0x20 due_rowley_rtos THUMB Flash Debug/spi_master.o
                0x00080d74                spi_select_device
 .text.spi_deselect_device
                0x00080d94       0x1c due_rowley_rtos THUMB Flash Debug/spi_master.o
                0x00080d94                spi_deselect_device
 .text.spi_enable_clock
                0x00080db0       0x14 due_rowley_rtos THUMB Flash Debug/spi.o
                0x00080db0                spi_enable_clock
 .text.spi_set_peripheral_chip_select_value
                0x00080dc4       0x18 due_rowley_rtos THUMB Flash Debug/spi.o
                0x00080dc4                spi_set_peripheral_chip_select_value
 .text.spi_set_delay_between_chip_select
                0x00080ddc       0x14 due_rowley_rtos THUMB Flash Debug/spi.o
                0x00080ddc                spi_set_delay_between_chip_select
 .text.spi_set_clock_polarity
                0x00080df0       0x18 due_rowley_rtos THUMB Flash Debug/spi.o
                0x00080df0                spi_set_clock_polarity
 .text.spi_set_clock_phase
                0x00080e08       0x18 due_rowley_rtos THUMB Flash Debug/spi.o
                0x00080e08                spi_set_clock_phase
 .text.spi_configure_cs_behavior
                0x00080e20       0x44 due_rowley_rtos THUMB Flash Debug/spi.o
                0x00080e20                spi_configure_cs_behavior
 .text.spi_set_bits_per_transfer
                0x00080e64       0x14 due_rowley_rtos THUMB Flash Debug/spi.o
                0x00080e64                spi_set_bits_per_transfer
 .text.spi_calc_baudrate_div
                0x00080e78       0x1c due_rowley_rtos THUMB Flash Debug/spi.o
                0x00080e78                spi_calc_baudrate_div
 .text.spi_set_baudrate_div
                0x00080e94       0x18 due_rowley_rtos THUMB Flash Debug/spi.o
                0x00080e94                spi_set_baudrate_div
 .text.spi_set_transfer_delay
                0x00080eac       0x18 due_rowley_rtos THUMB Flash Debug/spi.o
                0x00080eac                spi_set_transfer_delay
 .text.adc_init
                0x00080ec4       0x34 due_rowley_rtos THUMB Flash Debug/adc.o
                0x00080ec4                adc_init
 .text.adc_set_resolution
                0x00080ef8       0x10 due_rowley_rtos THUMB Flash Debug/adc.o
                0x00080ef8                adc_set_resolution
 .text.adc_configure_trigger
                0x00080f08       0x10 due_rowley_rtos THUMB Flash Debug/adc.o
                0x00080f08                adc_configure_trigger
 .text.adc_configure_timing
                0x00080f18       0x20 due_rowley_rtos THUMB Flash Debug/adc.o
                0x00080f18                adc_configure_timing
 .text.adc_start
                0x00080f38        0x8 due_rowley_rtos THUMB Flash Debug/adc.o
                0x00080f38                adc_start
 .text.adc_enable_channel
                0x00080f40        0xc due_rowley_rtos THUMB Flash Debug/adc.o
                0x00080f40                adc_enable_channel
 .text.adc_get_latest_value
                0x00080f4c        0x4 due_rowley_rtos THUMB Flash Debug/adc.o
                0x00080f4c                adc_get_latest_value
 .text.adc_enable_interrupt
                0x00080f50        0x4 due_rowley_rtos THUMB Flash Debug/adc.o
                0x00080f50                adc_enable_interrupt
 .text.adc_get_status
                0x00080f54        0x4 due_rowley_rtos THUMB Flash Debug/adc.o
                0x00080f54                adc_get_status
 .text.uart_init
                0x00080f58       0x3c due_rowley_rtos THUMB Flash Debug/uart.o
                0x00080f58                uart_init
 .text.uart_enable_tx
                0x00080f94        0x8 due_rowley_rtos THUMB Flash Debug/uart.o
                0x00080f94                uart_enable_tx
 .text.uart_disable_tx
                0x00080f9c        0x8 due_rowley_rtos THUMB Flash Debug/uart.o
                0x00080f9c                uart_disable_tx
 .text.uart_enable_rx
                0x00080fa4        0x8 due_rowley_rtos THUMB Flash Debug/uart.o
                0x00080fa4                uart_enable_rx
 .text.uart_disable_rx
                0x00080fac        0x8 due_rowley_rtos THUMB Flash Debug/uart.o
                0x00080fac                uart_disable_rx
 .text.uart_enable_interrupt
                0x00080fb4        0x4 due_rowley_rtos THUMB Flash Debug/uart.o
                0x00080fb4                uart_enable_interrupt
 .text.uart_disable_interrupt
                0x00080fb8        0x4 due_rowley_rtos THUMB Flash Debug/uart.o
                0x00080fb8                uart_disable_interrupt
 .text.uart_get_interrupt_mask
                0x00080fbc        0x4 due_rowley_rtos THUMB Flash Debug/uart.o
                0x00080fbc                uart_get_interrupt_mask
 .text.uart_get_status
                0x00080fc0        0x4 due_rowley_rtos THUMB Flash Debug/uart.o
                0x00080fc0                uart_get_status
 .text.uart_reset_status
                0x00080fc4        0x8 due_rowley_rtos THUMB Flash Debug/uart.o
                0x00080fc4                uart_reset_status
 .text.usart_enable_interrupt
                0x00080fcc        0x4 due_rowley_rtos THUMB Flash Debug/usart.o
                0x00080fcc                usart_enable_interrupt
 .text.usart_disable_interrupt
                0x00080fd0        0x4 due_rowley_rtos THUMB Flash Debug/usart.o
                0x00080fd0                usart_disable_interrupt
 .text.usart_get_interrupt_mask
                0x00080fd4        0x4 due_rowley_rtos THUMB Flash Debug/usart.o
                0x00080fd4                usart_get_interrupt_mask
 .text.usart_get_status
                0x00080fd8        0x4 due_rowley_rtos THUMB Flash Debug/usart.o
                0x00080fd8                usart_get_status
 .text.usart_reset_status
                0x00080fdc        0x8 due_rowley_rtos THUMB Flash Debug/usart.o
                0x00080fdc                usart_reset_status
 .text.usart_start_rx_timeout
                0x00080fe4        0x8 due_rowley_rtos THUMB Flash Debug/usart.o
                0x00080fe4                usart_start_rx_timeout
 .text.pdc_tx_init
                0x00080fec       0x1c due_rowley_rtos THUMB Flash Debug/pdc.o
                0x00080fec                pdc_tx_init
 .text.pdc_rx_init
                0x00081008       0x1c due_rowley_rtos THUMB Flash Debug/pdc.o
                0x00081008                pdc_rx_init
 .text.pdc_enable_transfer
                0x00081024        0xc due_rowley_rtos THUMB Flash Debug/pdc.o
                0x00081024                pdc_enable_transfer
 .text.pdc_disable_transfer
                0x00081030        0xc due_rowley_rtos THUMB Flash Debug/pdc.o
                0x00081030                pdc_disable_transfer
 .text.dht_init
                0x0008103c       0x40 due_rowley_rtos THUMB Flash Debug/dht11.o
                0x0008103c                dht_init
 .text.dht_read_sensor
                0x0008107c      0x148 due_rowley_rtos THUMB Flash Debug/dht11.o
                0x0008107c                dht_read_sensor
 .text.ILI9341_command
                0x000811c4       0x34 due_rowley_rtos THUMB Flash Debug/ili9341.o
                0x000811c4                ILI9341_command
 .text.ILI9341_data
                0x000811f8       0x34 due_rowley_rtos THUMB Flash Debug/ili9341.o
                0x000811f8                ILI9341_data
 .text.ILI9341_set_rotation
                0x0008122c       0x60 due_rowley_rtos THUMB Flash Debug/ili9341.o
                0x0008122c                ILI9341_set_rotation
 .text.ILI9341_set_col
                0x0008128c       0x28 due_rowley_rtos THUMB Flash Debug/ili9341.o
                0x0008128c                ILI9341_set_col
 .text.ILI9341_set_page
                0x000812b4       0x28 due_rowley_rtos THUMB Flash Debug/ili9341.o
                0x000812b4                ILI9341_set_page
 .text.ILI9341_fill_screen
                0x000812dc       0x40 due_rowley_rtos THUMB Flash Debug/ili9341.o
                0x000812dc                ILI9341_fill_screen
 .text.ILI9341_init
                0x0008131c      0x2a4 due_rowley_rtos THUMB Flash Debug/ili9341.o
                0x0008131c                ILI9341_init
 .text.ILI9341_fill_screen_xy
                0x000815c0       0x94 due_rowley_rtos THUMB Flash Debug/ili9341.o
                0x000815c0                ILI9341_fill_screen_xy
 .text.ILI9341_draw_char
                0x00081654       0x80 due_rowley_rtos THUMB Flash Debug/ili9341.o
                0x00081654                ILI9341_draw_char
 .text.ILI9341_draw_string
                0x000816d4       0x58 due_rowley_rtos THUMB Flash Debug/ili9341.o
                0x000816d4                ILI9341_draw_string
 .text.configure_timer_for_run_time_stats
                0x0008172c       0x10 due_rowley_rtos THUMB Flash Debug/run-time-stats-utils.o
                0x0008172c                configure_timer_for_run_time_stats
 .text.get_run_time_counter_value
                0x0008173c       0x48 due_rowley_rtos THUMB Flash Debug/run-time-stats-utils.o
                0x0008173c                get_run_time_counter_value
 .text.pwm_clocks_generate
                0x00081784       0x50 due_rowley_rtos THUMB Flash Debug/pwm.o
 .text.pwm_init
                0x000817d4       0x3c due_rowley_rtos THUMB Flash Debug/pwm.o
                0x000817d4                pwm_init
 .text.pwm_channel_init
                0x00081810      0x104 due_rowley_rtos THUMB Flash Debug/pwm.o
                0x00081810                pwm_channel_init
 .text.pwm_channel_enable
                0x00081914        0xc due_rowley_rtos THUMB Flash Debug/pwm.o
                0x00081914                pwm_channel_enable
 .text.pwm_channel_disable
                0x00081920        0xc due_rowley_rtos THUMB Flash Debug/pwm.o
                0x00081920                pwm_channel_disable
 .text.SystemInit
                0x0008192c       0x94 due_rowley_rtos THUMB Flash Debug/system_sam.o
                0x0008192c                SystemInit
 .text.SystemCoreClockUpdate
                0x000819c0       0xf0 due_rowley_rtos THUMB Flash Debug/system_sam.o
                0x000819c0                SystemCoreClockUpdate
 .text.system_init_flash
                0x00081ab0       0x6c due_rowley_rtos THUMB Flash Debug/system_sam.o
                0x00081ab0                system_init_flash
 .text.vListInitialise
                0x00081b1c       0x18 due_rowley_rtos THUMB Flash Debug/list.o
                0x00081b1c                vListInitialise
 .text.vListInitialiseItem
                0x00081b34        0x8 due_rowley_rtos THUMB Flash Debug/list.o
                0x00081b34                vListInitialiseItem
 .text.vListInsertEnd
                0x00081b3c       0x1c due_rowley_rtos THUMB Flash Debug/list.o
                0x00081b3c                vListInsertEnd
 .text.vListInsert
                0x00081b58       0x34 due_rowley_rtos THUMB Flash Debug/list.o
                0x00081b58                vListInsert
 .text.uxListRemove
                0x00081b8c       0x28 due_rowley_rtos THUMB Flash Debug/list.o
                0x00081b8c                uxListRemove
 .text.prvCopyDataToQueue
                0x00081bb4       0x7c due_rowley_rtos THUMB Flash Debug/queue.o
 .text.unlikely.prvCopyDataFromQueue
                0x00081c30       0x2c due_rowley_rtos THUMB Flash Debug/queue.o
 .text.prvUnlockQueue
                0x00081c5c       0x84 due_rowley_rtos THUMB Flash Debug/queue.o
 .text.xQueueGenericReset
                0x00081ce0       0x74 due_rowley_rtos THUMB Flash Debug/queue.o
                0x00081ce0                xQueueGenericReset
 .text.xQueueGenericCreate
                0x00081d54       0x44 due_rowley_rtos THUMB Flash Debug/queue.o
                0x00081d54                xQueueGenericCreate
 .text.xQueueCreateCountingSemaphore
                0x00081d98       0x2c due_rowley_rtos THUMB Flash Debug/queue.o
                0x00081d98                xQueueCreateCountingSemaphore
 .text.xQueueGenericSend
                0x00081dc4      0x134 due_rowley_rtos THUMB Flash Debug/queue.o
                0x00081dc4                xQueueGenericSend
 .text.xQueueCreateMutex
                0x00081ef8       0x50 due_rowley_rtos THUMB Flash Debug/queue.o
                0x00081ef8                xQueueCreateMutex
 .text.xQueueGenericSendFromISR
                0x00081f48       0xb0 due_rowley_rtos THUMB Flash Debug/queue.o
                0x00081f48                xQueueGenericSendFromISR
 .text.xQueueGenericReceive
                0x00081ff8      0x154 due_rowley_rtos THUMB Flash Debug/queue.o
                0x00081ff8                xQueueGenericReceive
 .text.vQueueWaitForMessageRestricted
                0x0008214c       0x3c due_rowley_rtos THUMB Flash Debug/queue.o
                0x0008214c                vQueueWaitForMessageRestricted
 .text.prvListTaskWithinSingleList.part.2
                0x00082188       0x94 due_rowley_rtos THUMB Flash Debug/tasks.o
 .text.vTaskSuspendAll
                0x0008221c       0x10 due_rowley_rtos THUMB Flash Debug/tasks.o
                0x0008221c                vTaskSuspendAll
 .text.xTaskGetTickCount
                0x0008222c       0x18 due_rowley_rtos THUMB Flash Debug/tasks.o
                0x0008222c                xTaskGetTickCount
 .text.xTaskGetTickCountFromISR
                0x00082244       0x18 due_rowley_rtos THUMB Flash Debug/tasks.o
                0x00082244                xTaskGetTickCountFromISR
 .text.vTaskSwitchContext
                0x0008225c       0xfc due_rowley_rtos THUMB Flash Debug/tasks.o
                0x0008225c                vTaskSwitchContext
 .text.xTaskRemoveFromEventList
                0x00082358       0x7c due_rowley_rtos THUMB Flash Debug/tasks.o
                0x00082358                xTaskRemoveFromEventList
 .text.vTaskSetTimeOutState
                0x000823d4       0x20 due_rowley_rtos THUMB Flash Debug/tasks.o
                0x000823d4                vTaskSetTimeOutState
 .text.xTaskCheckForTimeOut
                0x000823f4       0x70 due_rowley_rtos THUMB Flash Debug/tasks.o
                0x000823f4                xTaskCheckForTimeOut
 .text.vTaskMissedYield
                0x00082464        0xc due_rowley_rtos THUMB Flash Debug/tasks.o
                0x00082464                vTaskMissedYield
 .text.prvInitialiseTCBVariables
                0x00082470       0x48 due_rowley_rtos THUMB Flash Debug/tasks.o
                0x00082470                prvInitialiseTCBVariables
 .text.prvInitialiseTaskLists
                0x000824b8       0x64 due_rowley_rtos THUMB Flash Debug/tasks.o
                0x000824b8                prvInitialiseTaskLists
 .text.prvAddCurrentTaskToDelayedList
                0x0008251c       0x50 due_rowley_rtos THUMB Flash Debug/tasks.o
                0x0008251c                prvAddCurrentTaskToDelayedList
 .text.vTaskPlaceOnEventList
                0x0008256c       0x4c due_rowley_rtos THUMB Flash Debug/tasks.o
                0x0008256c                vTaskPlaceOnEventList
 .text.vTaskPlaceOnEventListRestricted
                0x000825b8       0x34 due_rowley_rtos THUMB Flash Debug/tasks.o
                0x000825b8                vTaskPlaceOnEventListRestricted
 .text.prvAllocateTCBAndStack
                0x000825ec       0x44 due_rowley_rtos THUMB Flash Debug/tasks.o
                0x000825ec                prvAllocateTCBAndStack
 .text.xTaskGenericCreate
                0x00082630      0x110 due_rowley_rtos THUMB Flash Debug/tasks.o
                0x00082630                xTaskGenericCreate
 .text.vTaskStartScheduler
                0x00082740       0x60 due_rowley_rtos THUMB Flash Debug/tasks.o
                0x00082740                vTaskStartScheduler
 .text.prvResetNextTaskUnblockTime
                0x000827a0       0x28 due_rowley_rtos THUMB Flash Debug/tasks.o
                0x000827a0                prvResetNextTaskUnblockTime
 .text.xTaskIncrementTick
                0x000827c8      0x128 due_rowley_rtos THUMB Flash Debug/tasks.o
                0x000827c8                xTaskIncrementTick
 .text.xTaskResumeAll
                0x000828f0       0xe8 due_rowley_rtos THUMB Flash Debug/tasks.o
                0x000828f0                xTaskResumeAll
 .text.vTaskDelay
                0x000829d8       0x4c due_rowley_rtos THUMB Flash Debug/tasks.o
                0x000829d8                vTaskDelay
 .text.uxTaskGetSystemState
                0x00082a24      0x100 due_rowley_rtos THUMB Flash Debug/tasks.o
                0x00082a24                uxTaskGetSystemState
 .text.prvCheckTasksWaitingTermination
                0x00082b24       0x74 due_rowley_rtos THUMB Flash Debug/tasks.o
                0x00082b24                prvCheckTasksWaitingTermination
 .text.prvIdleTask
                0x00082b98       0x18 due_rowley_rtos THUMB Flash Debug/tasks.o
                0x00082b98                prvIdleTask
 .text.xTaskGetSchedulerState
                0x00082bb0       0x20 due_rowley_rtos THUMB Flash Debug/tasks.o
                0x00082bb0                xTaskGetSchedulerState
 .text.vTaskPriorityInherit
                0x00082bd0       0x70 due_rowley_rtos THUMB Flash Debug/tasks.o
                0x00082bd0                vTaskPriorityInherit
 .text.xTaskPriorityDisinherit
                0x00082c40       0x5c due_rowley_rtos THUMB Flash Debug/tasks.o
                0x00082c40                xTaskPriorityDisinherit
 .text.vTaskGetRunTimeStats
                0x00082c9c       0xa8 due_rowley_rtos THUMB Flash Debug/tasks.o
                0x00082c9c                vTaskGetRunTimeStats
 .text.pvTaskIncrementMutexHeldCount
                0x00082d44       0x18 due_rowley_rtos THUMB Flash Debug/tasks.o
                0x00082d44                pvTaskIncrementMutexHeldCount
 .text.prvCheckForValidListAndQueue
                0x00082d5c       0x5c due_rowley_rtos THUMB Flash Debug/timers.o
 .text.prvInsertTimerInActiveList
                0x00082db8       0x44 due_rowley_rtos THUMB Flash Debug/timers.o
 .text.xTimerCreateTimerTask
                0x00082dfc       0x40 due_rowley_rtos THUMB Flash Debug/timers.o
                0x00082dfc                xTimerCreateTimerTask
 .text.xTimerGenericCommand
                0x00082e3c       0x58 due_rowley_rtos THUMB Flash Debug/timers.o
                0x00082e3c                xTimerGenericCommand
 .text.prvSwitchTimerLists
                0x00082e94       0x80 due_rowley_rtos THUMB Flash Debug/timers.o
 .text.prvTimerTask
                0x00082f14      0x184 due_rowley_rtos THUMB Flash Debug/timers.o
 .text.prvPortStartFirstTask
                0x00083098       0x20 due_rowley_rtos THUMB Flash Debug/port.o
 .text.pxPortInitialiseStack
                0x000830b8       0x24 due_rowley_rtos THUMB Flash Debug/port.o
                0x000830b8                pxPortInitialiseStack
 .text.SVC_Handler
                0x000830dc       0x24 due_rowley_rtos THUMB Flash Debug/port.o
                0x000830dc                SVC_Handler
 .text.vPortYield
                0x00083100       0x18 due_rowley_rtos THUMB Flash Debug/port.o
                0x00083100                vPortYield
 .text.ulPortSetInterruptMask
                0x00083118       0x10 due_rowley_rtos THUMB Flash Debug/port.o
                0x00083118                ulPortSetInterruptMask
 .text.prvTaskExitError
                0x00083128       0x1c due_rowley_rtos THUMB Flash Debug/port.o
 .text.vPortEnterCritical
                0x00083144       0x34 due_rowley_rtos THUMB Flash Debug/port.o
                0x00083144                vPortEnterCritical
 .text.vPortClearInterruptMask
                0x00083178        0x8 due_rowley_rtos THUMB Flash Debug/port.o
                0x00083178                vPortClearInterruptMask
 .text.vPortExitCritical
                0x00083180       0x24 due_rowley_rtos THUMB Flash Debug/port.o
                0x00083180                vPortExitCritical
 .text.PendSV_Handler
                0x000831a4       0x44 due_rowley_rtos THUMB Flash Debug/port.o
                0x000831a4                PendSV_Handler
 .text.SysTick_Handler
                0x000831e8       0x24 due_rowley_rtos THUMB Flash Debug/port.o
                0x000831e8                SysTick_Handler
 .text.vPortSetupTimerInterrupt
                0x0008320c       0x1c due_rowley_rtos THUMB Flash Debug/port.o
                0x0008320c                vPortSetupTimerInterrupt
 .text.xPortStartScheduler
                0x00083228       0x98 due_rowley_rtos THUMB Flash Debug/port.o
                0x00083228                xPortStartScheduler
 .text.configure_rx_dma
                0x000832c0       0x7c due_rowley_rtos THUMB Flash Debug/freertos_uart_serial.o
 .text.freertos_uart_serial_init
                0x0008333c      0x188 due_rowley_rtos THUMB Flash Debug/freertos_uart_serial.o
                0x0008333c                freertos_uart_serial_init
 .text.freertos_uart_write_packet_async
                0x000834c4       0x7c due_rowley_rtos THUMB Flash Debug/freertos_uart_serial.o
                0x000834c4                freertos_uart_write_packet_async
 .text.UART_Handler
                0x00083540       0xe0 due_rowley_rtos THUMB Flash Debug/freertos_uart_serial.o
                0x00083540                UART_Handler
 .text.configure_rx_dma
                0x00083620       0x80 due_rowley_rtos THUMB Flash Debug/freertos_usart_serial.o
 .text.local_usart_handler
                0x000836a0      0x118 due_rowley_rtos THUMB Flash Debug/freertos_usart_serial.o
 .text.USART0_Handler
                0x000837b8        0x8 due_rowley_rtos THUMB Flash Debug/freertos_usart_serial.o
                0x000837b8                USART0_Handler
 .text.USART1_Handler
                0x000837c0        0x8 due_rowley_rtos THUMB Flash Debug/freertos_usart_serial.o
                0x000837c0                USART1_Handler
 .text.USART2_Handler
                0x000837c8        0x8 due_rowley_rtos THUMB Flash Debug/freertos_usart_serial.o
                0x000837c8                USART2_Handler
 .text.USART3_Handler
                0x000837d0        0x8 due_rowley_rtos THUMB Flash Debug/freertos_usart_serial.o
                0x000837d0                USART3_Handler
 .text.get_pdc_peripheral_details
                0x000837d8       0x2c due_rowley_rtos THUMB Flash Debug/freertos_peripheral_control.o
                0x000837d8                get_pdc_peripheral_details
 .text.check_requested_operating_mode
                0x00083804       0x24 due_rowley_rtos THUMB Flash Debug/freertos_peripheral_control.o
                0x00083804                check_requested_operating_mode
 .text.create_peripheral_control_semaphores
                0x00083828       0x94 due_rowley_rtos THUMB Flash Debug/freertos_peripheral_control.o
                0x00083828                create_peripheral_control_semaphores
 .text.configure_interrupt_controller
                0x000838bc       0x60 due_rowley_rtos THUMB Flash Debug/freertos_peripheral_control.o
                0x000838bc                configure_interrupt_controller
 .text.freertos_obtain_peripheral_access_mutex
                0x0008391c       0x44 due_rowley_rtos THUMB Flash Debug/freertos_peripheral_control.o
                0x0008391c                freertos_obtain_peripheral_access_mutex
 .text.freertos_start_pdc_transfer
                0x00083960       0x74 due_rowley_rtos THUMB Flash Debug/freertos_peripheral_control.o
                0x00083960                freertos_start_pdc_transfer
 .text.freertos_optionally_wait_transfer_completion
                0x000839d4       0x20 due_rowley_rtos THUMB Flash Debug/freertos_peripheral_control.o
                0x000839d4                freertos_optionally_wait_transfer_completion
 .text.prvInsertBlockIntoFreeList
                0x000839f4       0x60 due_rowley_rtos THUMB Flash Debug/heap_4.o
 .text.pvPortMalloc
                0x00083a54      0x12c due_rowley_rtos THUMB Flash Debug/heap_4.o
                0x00083a54                pvPortMalloc
 .text.vPortFree
                0x00083b80       0x58 due_rowley_rtos THUMB Flash Debug/heap_4.o
                0x00083b80                vPortFree
 .text.libc.__RAL_pow10
                0x00083bd8       0x54 /usr/share/crossworks_for_arm_3.3/lib/libc_v7m_t_le_eabi.a(libc2.o)
                0x00083bd8                __RAL_pow10
 .text.libc.__putc
                0x00083c2c       0x34 /usr/share/crossworks_for_arm_3.3/lib/libc_v7m_t_le_eabi.a(libc2.o)
                0x00083c2c                __putc
 .text.libc.__RAL_print_padding
                0x00083c60       0x1c /usr/share/crossworks_for_arm_3.3/lib/libc_v7m_t_le_eabi.a(libc2.o)
                0x00083c60                __RAL_print_padding
 .text.libc.__RAL_pre_padding
                0x00083c7c       0x1c /usr/share/crossworks_for_arm_3.3/lib/libc_v7m_t_le_eabi.a(libc2.o)
                0x00083c7c                __RAL_pre_padding
 .text.libc.__xtoa
                0x00083c98       0x50 /usr/share/crossworks_for_arm_3.3/lib/libc_v7m_t_le_eabi.a(libc2.o)
                0x00083c98                __xtoa
 .text.libc.abs
                0x00083ce8        0x8 /usr/share/crossworks_for_arm_3.3/lib/libc_v7m_t_le_eabi.a(libc2.o)
                0x00083ce8                abs
 .text.libc.__aeabi_errno_addr
                0x00083cf0       0x14 /usr/share/crossworks_for_arm_3.3/lib/libc_v7m_t_le_eabi.a(libc2.o)
                0x00083cf0                __aeabi_errno_addr
 .text.libc.itoa
                0x00083d04       0x1c /usr/share/crossworks_for_arm_3.3/lib/libc_v7m_t_le_eabi.a(libc2.o)
                0x00083d04                itoa
 .text.libc.memcmp
                0x00083d20       0x38 /usr/share/crossworks_for_arm_3.3/lib/libc_v7m_t_le_eabi.a(libc2.o)
                0x00083d20                memcmp
 .text.libc.puts
                0x00083d58       0x3c /usr/share/crossworks_for_arm_3.3/lib/libc_v7m_t_le_eabi.a(libc2.o)
                0x00083d58                puts
 .text.libc.sprintf
                0x00083d94       0x2c /usr/share/crossworks_for_arm_3.3/lib/libc_v7m_t_le_eabi.a(libc2.o)
                0x00083d94                sprintf
 .text.libc.strnlen
                0x00083dc0       0x28 /usr/share/crossworks_for_arm_3.3/lib/libc_v7m_t_le_eabi.a(libc2.o)
                0x00083dc0                strnlen
 .text.libc.memcpy
                0x00083de8       0x3c /usr/share/crossworks_for_arm_3.3/lib/libc_v7m_t_le_eabi.a(libc2_asm.o)
                0x00083de8                memcpy
                0x00083de8                __aeabi_memcpy
                0x00083de8                __aeabi_memcpy4
                0x00083de8                __aeabi_memcpy8
 .text.libc.memset
                0x00083e24       0x60 /usr/share/crossworks_for_arm_3.3/lib/libc_v7m_t_le_eabi.a(libc2_asm.o)
                0x00083e24                memset
 .text.libc.strlen
                0x00083e84       0x60 /usr/share/crossworks_for_arm_3.3/lib/libc_v7m_t_le_eabi.a(libc2_asm.o)
                0x00083e84                strlen
 .text.libc.__int64_udivmod
                0x00083ee4       0x60 /usr/share/crossworks_for_arm_3.3/lib/libc_v7m_t_le_eabi.a(libc_asm.o)
                0x00083ee4                __int64_udivmod
                0x00083ee4                __aeabi_uldivmod
                0x00083ee4                __int64_udiv
                0x00083ee4                __udivdi3
 *fill*         0x00083f44        0x4 
 .text.libc.__vfprintf
                0x00083f48      0xfc0 /usr/share/crossworks_for_arm_3.3/lib/lib_vfprintf_float_long_long_v7m_t_le_eabi.a(lib_vfprintf_float_long_long.o)
                0x00083f48                __vfprintf
 .text.libc.__aeabi_read_tp
                0x00084f08        0x8 /usr/share/crossworks_for_arm_3.3/lib/libc_user_libc_v7m_t_le_eabi.a(user_libc.o)
                0x00084f08                __aeabi_read_tp
 .text.libc.__printf_lock
                0x00084f10        0x4 /usr/share/crossworks_for_arm_3.3/lib/libc_user_libc_v7m_t_le_eabi.a(user_libc.o)
                0x00084f10                __printf_lock
 .text.libc.__printf_unlock
                0x00084f14        0x4 /usr/share/crossworks_for_arm_3.3/lib/libc_user_libc_v7m_t_le_eabi.a(user_libc.o)
                0x00084f14                __printf_unlock
 .text.libc.__int64_to_float64
                0x00084f18       0xa0 /usr/share/crossworks_for_arm_3.3/lib/libm_v7m_t_le_eabi.a(libm_asm.o)
                0x00084f18                __floatdidf
                0x00084f18                __int64_to_float64
                0x00084f18                __aeabi_l2d
                0x00084f3c                __RAL_aeabi_l2d_common
 .text.libc.__uint64_to_float64
                0x00084fb8       0x14 /usr/share/crossworks_for_arm_3.3/lib/libm_v7m_t_le_eabi.a(libm_asm.o)
                0x00084fb8                __uint64_to_float64
                0x00084fb8                __aeabi_ul2d
                0x00084fb8                __floatundidf
 .text.libc.__float64_to_uint64
                0x00084fcc       0x48 /usr/share/crossworks_for_arm_3.3/lib/libm_v7m_t_le_eabi.a(libm_asm.o)
                0x00084fcc                __aeabi_d2ulz
                0x00084fcc                __fixunsdfdi
                0x00084fcc                __float64_to_uint64
 .text.libc.__float64_add
                0x00085014      0x294 /usr/share/crossworks_for_arm_3.3/lib/libm_v7m_t_le_eabi.a(libm_asm.o)
                0x00085014                __aeabi_drsub
                0x0008501c                __float64_sub
                0x0008501c                __aeabi_dsub
                0x0008501c                __subdf3
                0x00085020                __adddf3
                0x00085020                __float64_add
                0x00085020                __aeabi_dadd
 .text.libc.__float64_mul
                0x000852a8      0x16c /usr/share/crossworks_for_arm_3.3/lib/libm_v7m_t_le_eabi.a(libm_asm.o)
                0x000852a8                __aeabi_dmul
                0x000852a8                __float64_mul
                0x000852a8                __muldf3
 .text.libc.__float64_div
                0x00085414      0x214 /usr/share/crossworks_for_arm_3.3/lib/libm_v7m_t_le_eabi.a(libm_asm.o)
                0x00085414                __aeabi_ddiv
                0x00085414                __divdf3
                0x00085414                __float64_div
 .text.libc.__float64_cmpeq
                0x00085628       0x34 /usr/share/crossworks_for_arm_3.3/lib/libm_v7m_t_le_eabi.a(libm_asm.o)
                0x00085628                __aeabi_dcmpeq
 .text.libc.__float64_cmple
                0x0008565c       0x38 /usr/share/crossworks_for_arm_3.3/lib/libm_v7m_t_le_eabi.a(libm_asm.o)
                0x0008565c                __aeabi_dcmple
 .text.libc.__float64_cmpge
                0x00085694       0x38 /usr/share/crossworks_for_arm_3.3/lib/libm_v7m_t_le_eabi.a(libm_asm.o)
                0x00085694                __aeabi_dcmpge
 .text.libc.__float64_cmplt
                0x000856cc       0x38 /usr/share/crossworks_for_arm_3.3/lib/libm_v7m_t_le_eabi.a(libm_asm.o)
                0x000856cc                __aeabi_dcmplt
 .text.libc.__float64_cmpgt
                0x00085704       0x38 /usr/share/crossworks_for_arm_3.3/lib/libm_v7m_t_le_eabi.a(libm_asm.o)
                0x00085704                __aeabi_dcmpgt
 .text.libc.__float64_signbit
                0x0008573c        0x8 /usr/share/crossworks_for_arm_3.3/lib/libm_v7m_t_le_eabi.a(libm_asm.o)
                0x0008573c                __float64_signbit
 .text.libc.__float64_isinf
                0x00085744       0x10 /usr/share/crossworks_for_arm_3.3/lib/libm_v7m_t_le_eabi.a(libm_asm.o)
                0x00085744                __float64_isinf
 .text.libc.__float64_isnan
                0x00085754       0x10 /usr/share/crossworks_for_arm_3.3/lib/libm_v7m_t_le_eabi.a(libm_asm.o)
                0x00085754                __float64_isnan
 .text.libc.frexp
                0x00085764       0x4c /usr/share/crossworks_for_arm_3.3/lib/libm_v7m_t_le_eabi.a(libm2.o)
                0x00085764                frexp
 .text.libc.ldexp
                0x000857b0       0x64 /usr/share/crossworks_for_arm_3.3/lib/libm_v7m_t_le_eabi.a(libm2.o)
                0x000857b0                ldexp
 .text.libc.floor
                0x00085814       0x98 /usr/share/crossworks_for_arm_3.3/lib/libm_v7m_t_le_eabi.a(libm2.o)
                0x00085814                floor
 .text.libc.fmod
                0x000858ac      0x1b8 /usr/share/crossworks_for_arm_3.3/lib/libm_v7m_t_le_eabi.a(libm2.o)
                0x000858ac                fmod
 .text.libc.fabs
                0x00085a64        0x8 /usr/share/crossworks_for_arm_3.3/lib/libm_v7m_t_le_eabi.a(libm2_asm.o)
                0x00085a64                fabs
 *fill*         0x00085a6c        0x4 
 .text.libc.fabs.__stub
                0x00085a70       0x10 linker stubs
                0x00085a80                __text_end__ = (__text_start__ + SIZEOF (.text))
                0x00005784                __text_size__ = SIZEOF (.text)
                0x00085a80                __text_load_end__ = __text_end__

.vfp11_veneer   0x00000000        0x0
 .vfp11_veneer  0x00000000        0x0 linker stubs

.v4_bx          0x00000000        0x0
 .v4_bx         0x00000000        0x0 linker stubs

.iplt           0x00000000        0x0
 .iplt          0x00000000        0x0 due_rowley_rtos THUMB Flash Debug/main.o
                0x00000001                . = ASSERT (((__text_start__ == __text_end__) || ((__text_end__ >= __FLASH_segment_start__) && (__text_end__ <= __FLASH_segment_end__))), error: .text is too large to fit in FLASH memory segment)
                0x00085a80                __dtors_load_start__ = ALIGN (__text_end__, 0x4)

.dtors          0x00085a80        0x0
                0x00085a80                __dtors_start__ = .
 *(SORT(.dtors.*))
 *(.dtors)
 *(.fini_array)
 *(SORT(.fini_array.*))
                0x00085a80                __dtors_end__ = (__dtors_start__ + SIZEOF (.dtors))
                0x00000000                __dtors_size__ = SIZEOF (.dtors)
                0x00085a80                __dtors_load_end__ = __dtors_end__
                0x00000001                . = ASSERT (((__dtors_start__ == __dtors_end__) || ((__dtors_end__ >= __FLASH_segment_start__) && (__dtors_end__ <= __FLASH_segment_end__))), error: .dtors is too large to fit in FLASH memory segment)
                0x00085a80                __ctors_load_start__ = ALIGN (__dtors_end__, 0x4)

.ctors          0x00085a80        0x0
                0x00085a80                __ctors_start__ = .
 *(SORT(.ctors.*))
 *(.ctors)
 *(.init_array)
 *(SORT(.init_array.*))
                0x00085a80                __ctors_end__ = (__ctors_start__ + SIZEOF (.ctors))
                0x00000000                __ctors_size__ = SIZEOF (.ctors)
                0x00085a80                __ctors_load_end__ = __ctors_end__
                0x00000001                . = ASSERT (((__ctors_start__ == __ctors_end__) || ((__ctors_end__ >= __FLASH_segment_start__) && (__ctors_end__ <= __FLASH_segment_end__))), error: .ctors is too large to fit in FLASH memory segment)
                0x00085a80                __rodata_load_start__ = ALIGN (__ctors_end__, 0x4)

.rodata         0x00085a80      0x778
                0x00085a80                __rodata_start__ = .
 *(.rodata .rodata.* .gnu.linkonce.r.*)
 .rodata        0x00085a80       0x10 due_rowley_rtos THUMB Flash Debug/main.o
 .rodata.str1.4
                0x00085a90      0x240 due_rowley_rtos THUMB Flash Debug/main.o
 .rodata.simpleFont
                0x00085cd0      0x300 due_rowley_rtos THUMB Flash Debug/ili9341.o
                0x00085cd0                simpleFont
 .rodata        0x00085fd0       0x2c due_rowley_rtos THUMB Flash Debug/pwm.o
 .rodata        0x00085ffc       0x14 due_rowley_rtos THUMB Flash Debug/tasks.o
 .rodata.str1.4
                0x00086010       0x48 due_rowley_rtos THUMB Flash Debug/tasks.o
 .rodata.str1.4
                0x00086058        0x8 due_rowley_rtos THUMB Flash Debug/timers.o
 .rodata.all_uart_definitions
                0x00086060       0x10 due_rowley_rtos THUMB Flash Debug/freertos_uart_serial.o
 .rodata.all_usart_definitions
                0x00086070       0x40 due_rowley_rtos THUMB Flash Debug/freertos_usart_serial.o
 *fill*         0x000860b0        0x0 
 .rodata.libc.power
                0x000860b0       0x48 /usr/share/crossworks_for_arm_3.3/lib/libc_v7m_t_le_eabi.a(libc2.o)
 .rodata.libc.__RAL_hex_uc
                0x000860f8       0x10 /usr/share/crossworks_for_arm_3.3/lib/libc_v7m_t_le_eabi.a(libc2.o)
                0x000860f8                __RAL_hex_uc
 .rodata.libc.__aeabi_ERANGE
                0x00086108        0x4 /usr/share/crossworks_for_arm_3.3/lib/libc_v7m_t_le_eabi.a(libc2.o)
                0x00086108                __aeabi_ERANGE
 .rodata.libc.__RAL_hex_lc
                0x0008610c       0x10 /usr/share/crossworks_for_arm_3.3/lib/libc_v7m_t_le_eabi.a(libc2.o)
                0x0008610c                __RAL_hex_lc
 .rodata.libc.str1.4
                0x0008611c       0x30 /usr/share/crossworks_for_arm_3.3/lib/lib_vfprintf_float_long_long_v7m_t_le_eabi.a(lib_vfprintf_float_long_long.o)
 *fill*         0x0008614c        0x4 
 .rodata.libc.ipow10
                0x00086150       0xa0 /usr/share/crossworks_for_arm_3.3/lib/lib_vfprintf_float_long_long_v7m_t_le_eabi.a(lib_vfprintf_float_long_long.o)
 .rodata.libc.__float64_nan
                0x000861f0        0x8 /usr/share/crossworks_for_arm_3.3/lib/libm_v7m_t_le_eabi.a(libm_asm.o)
                0x000861f0                __float64_nan
                0x000861f8                __rodata_end__ = (__rodata_start__ + SIZEOF (.rodata))
                0x00000778                __rodata_size__ = SIZEOF (.rodata)
                0x000861f8                __rodata_load_end__ = __rodata_end__
                0x00000001                . = ASSERT (((__rodata_start__ == __rodata_end__) || ((__rodata_end__ >= __FLASH_segment_start__) && (__rodata_end__ <= __FLASH_segment_end__))), error: .rodata is too large to fit in FLASH memory segment)
                0x000861f8                __ARM.exidx_load_start__ = ALIGN (__rodata_end__, 0x4)

.ARM.exidx      0x000861f8        0x0
                0x000861f8                __ARM.exidx_start__ = .
                0x000861f8                __exidx_start = __ARM.exidx_start__
 *(.ARM.exidx .ARM.exidx.*)
                0x000861f8                __ARM.exidx_end__ = (__ARM.exidx_start__ + SIZEOF (.ARM.exidx))
                0x00000000                __ARM.exidx_size__ = SIZEOF (.ARM.exidx)
                0x000861f8                __exidx_end = __ARM.exidx_end__
                0x000861f8                __ARM.exidx_load_end__ = __ARM.exidx_end__
                0x00000001                . = ASSERT (((__ARM.exidx_start__ == __ARM.exidx_end__) || ((__ARM.exidx_end__ >= __FLASH_segment_start__) && (__ARM.exidx_end__ <= __FLASH_segment_end__))), error: .ARM.exidx is too large to fit in FLASH memory segment)
                0x000861f8                __fast_load_start__ = ALIGN (__ARM.exidx_end__, 0x4)

.fast           0x20070000        0xc load address 0x000861f8
                0x20070000                __fast_start__ = .
 *(.fast .fast.*)
 .fast          0x20070000        0xc due_rowley_rtos THUMB Flash Debug/cycle_counter.o
                0x20070000                portable_delay_cycles
                0x2007000c                __fast_end__ = (__fast_start__ + SIZEOF (.fast))
                0x0000000c                __fast_size__ = SIZEOF (.fast)
                0x00086204                __fast_load_end__ = (__fast_load_start__ + SIZEOF (.fast))

.rel.dyn        0x00080000        0x0
 .rel.iplt      0x00000000        0x0 due_rowley_rtos THUMB Flash Debug/main.o
                0x00000001                . = ASSERT (((__fast_load_start__ == __fast_load_end__) || ((__fast_load_end__ >= __FLASH_segment_start__) && (__fast_load_end__ <= __FLASH_segment_end__))), error: .fast is too large to fit in FLASH memory segment)

.fast_run       0x20070000        0xc load address 0x000861f8
                0x20070000                __fast_run_start__ = .
                0x2007000c                . = MAX ((__fast_run_start__ + SIZEOF (.fast)), .)
 *fill*         0x20070000        0xc 
                0x2007000c                __fast_run_end__ = (__fast_run_start__ + SIZEOF (.fast_run))
                0x0000000c                __fast_run_size__ = SIZEOF (.fast_run)
                0x2007000c                __fast_run_load_end__ = __fast_run_end__
                0x00000001                . = ASSERT (((__fast_run_start__ == __fast_run_end__) || ((__fast_run_end__ >= __RAM_segment_start__) && (__fast_run_end__ <= __RAM_segment_end__))), error: .fast_run is too large to fit in RAM memory segment)
                0x00086204                __data_load_start__ = ALIGN ((__fast_load_start__ + SIZEOF (.fast)), 0x4)

.data           0x2007000c       0x1c load address 0x00086204
                0x2007000c                __data_start__ = .
 *(.data .data.* .gnu.linkonce.d.*)
 .data.SPI_DEVICE_TFT_DISPLAY
                0x2007000c        0x4 due_rowley_rtos THUMB Flash Debug/main.o
                0x2007000c                SPI_DEVICE_TFT_DISPLAY
 .data.prv_height
                0x20070010        0x4 due_rowley_rtos THUMB Flash Debug/ili9341.o
 .data.prv_width
                0x20070014        0x4 due_rowley_rtos THUMB Flash Debug/ili9341.o
 .data.SPI_DEVICE_ILI9341
                0x20070018        0x4 due_rowley_rtos THUMB Flash Debug/ili9341.o
                0x20070018                SPI_DEVICE_ILI9341
 .data.SystemCoreClock
                0x2007001c        0x4 due_rowley_rtos THUMB Flash Debug/system_sam.o
                0x2007001c                SystemCoreClock
 .data.xNextTaskUnblockTime
                0x20070020        0x4 due_rowley_rtos THUMB Flash Debug/tasks.o
                0x20070020                xNextTaskUnblockTime
 .data.uxCriticalNesting
                0x20070024        0x4 due_rowley_rtos THUMB Flash Debug/port.o
                0x20070028                __data_end__ = (__data_start__ + SIZEOF (.data))
                0x0000001c                __data_size__ = SIZEOF (.data)
                0x00086220                __data_load_end__ = (__data_load_start__ + SIZEOF (.data))

.igot.plt       0x00000000        0x0
 .igot.plt      0x00000000        0x0 due_rowley_rtos THUMB Flash Debug/main.o
                0x00000001                . = ASSERT (((__data_load_start__ == __data_load_end__) || ((__data_load_end__ >= __FLASH_segment_start__) && (__data_load_end__ <= __FLASH_segment_end__))), error: .data is too large to fit in FLASH memory segment)

.data_run       0x2007000c       0x1c load address 0x00086204
                0x2007000c                __data_run_start__ = .
                0x20070028                . = MAX ((__data_run_start__ + SIZEOF (.data)), .)
 *fill*         0x2007000c       0x1c 
                0x20070028                __data_run_end__ = (__data_run_start__ + SIZEOF (.data_run))
                0x0000001c                __data_run_size__ = SIZEOF (.data_run)
                0x20070028                __data_run_load_end__ = __data_run_end__
                0x00000001                . = ASSERT (((__data_run_start__ == __data_run_end__) || ((__data_run_end__ >= __RAM_segment_start__) && (__data_run_end__ <= __RAM_segment_end__))), error: .data_run is too large to fit in RAM memory segment)
                0x20070028                __bss_load_start__ = ALIGN (__data_run_end__, 0x4)

.bss            0x20070028     0xb78c
                0x20070028                __bss_start__ = .
 *(.bss .bss.* .gnu.linkonce.b.*)
 .bss.dht_value
                0x20070028        0x8 due_rowley_rtos THUMB Flash Debug/main.o
 .bss.uart_rx_buffer
                0x20070030       0x34 due_rowley_rtos THUMB Flash Debug/main.o
 .bss.display_initialized
                0x20070064        0x1 due_rowley_rtos THUMB Flash Debug/main.o
 .bss.led_state.8380
                0x20070065        0x1 due_rowley_rtos THUMB Flash Debug/main.o
 *fill*         0x20070066        0x2 
 .bss.dht_status.8396
                0x20070068        0x4 due_rowley_rtos THUMB Flash Debug/main.o
 .bss.count.8385
                0x2007006c        0x4 due_rowley_rtos THUMB Flash Debug/main.o
 .bss.stats_buffer.8386
                0x20070070      0x100 due_rowley_rtos THUMB Flash Debug/main.o
 .bss.xBinarySemaphore
                0x20070170        0x4 due_rowley_rtos THUMB Flash Debug/main.o
                0x20070170                xBinarySemaphore
 .bss.g_pwm_channel_0
                0x20070174       0x28 due_rowley_rtos THUMB Flash Debug/main.o
                0x20070174                g_pwm_channel_0
 .bss.adc_value
                0x2007019c        0x4 due_rowley_rtos THUMB Flash Debug/main.o
 .bss.gs_interrupt_sources
                0x200701a0       0x70 due_rowley_rtos THUMB Flash Debug/pio_handler.o
 .bss.rotation  0x20070210        0x4 due_rowley_rtos THUMB Flash Debug/ili9341.o
 .bss.clocks_per_10th_ms
                0x20070214        0x4 due_rowley_rtos THUMB Flash Debug/run-time-stats-utils.o
 .bss.uxTopReadyPriority
                0x20070218        0x4 due_rowley_rtos THUMB Flash Debug/tasks.o
                0x20070218                uxTopReadyPriority
 .bss.uxTasksDeleted
                0x2007021c        0x4 due_rowley_rtos THUMB Flash Debug/tasks.o
                0x2007021c                uxTasksDeleted
 .bss.uxCurrentNumberOfTasks
                0x20070220        0x4 due_rowley_rtos THUMB Flash Debug/tasks.o
                0x20070220                uxCurrentNumberOfTasks
 .bss.pxReadyTasksLists
                0x20070224     0x13ec due_rowley_rtos THUMB Flash Debug/tasks.o
                0x20070224                pxReadyTasksLists
 .bss.pxOverflowDelayedTaskList
                0x20071610        0x4 due_rowley_rtos THUMB Flash Debug/tasks.o
                0x20071610                pxOverflowDelayedTaskList
 .bss.xTasksWaitingTermination
                0x20071614       0x14 due_rowley_rtos THUMB Flash Debug/tasks.o
                0x20071614                xTasksWaitingTermination
 .bss.pxDelayedTaskList
                0x20071628        0x4 due_rowley_rtos THUMB Flash Debug/tasks.o
                0x20071628                pxDelayedTaskList
 .bss.xPendingReadyList
                0x2007162c       0x14 due_rowley_rtos THUMB Flash Debug/tasks.o
                0x2007162c                xPendingReadyList
 .bss.xSchedulerRunning
                0x20071640        0x4 due_rowley_rtos THUMB Flash Debug/tasks.o
                0x20071640                xSchedulerRunning
 .bss.ulTaskSwitchedInTime
                0x20071644        0x4 due_rowley_rtos THUMB Flash Debug/tasks.o
                0x20071644                ulTaskSwitchedInTime
 .bss.ulTotalRunTime
                0x20071648        0x4 due_rowley_rtos THUMB Flash Debug/tasks.o
                0x20071648                ulTotalRunTime
 .bss.pxCurrentTCB
                0x2007164c        0x4 due_rowley_rtos THUMB Flash Debug/tasks.o
                0x2007164c                pxCurrentTCB
 .bss.uxPendedTicks
                0x20071650        0x4 due_rowley_rtos THUMB Flash Debug/tasks.o
                0x20071650                uxPendedTicks
 .bss.xSuspendedTaskList
                0x20071654       0x14 due_rowley_rtos THUMB Flash Debug/tasks.o
                0x20071654                xSuspendedTaskList
 .bss.xDelayedTaskList1
                0x20071668       0x14 due_rowley_rtos THUMB Flash Debug/tasks.o
                0x20071668                xDelayedTaskList1
 .bss.xDelayedTaskList2
                0x2007167c       0x14 due_rowley_rtos THUMB Flash Debug/tasks.o
                0x2007167c                xDelayedTaskList2
 .bss.uxTaskNumber
                0x20071690        0x4 due_rowley_rtos THUMB Flash Debug/tasks.o
                0x20071690                uxTaskNumber
 .bss.xYieldPending
                0x20071694        0x4 due_rowley_rtos THUMB Flash Debug/tasks.o
                0x20071694                xYieldPending
 .bss.uxSchedulerSuspended
                0x20071698        0x4 due_rowley_rtos THUMB Flash Debug/tasks.o
                0x20071698                uxSchedulerSuspended
 .bss.xNumOfOverflows
                0x2007169c        0x4 due_rowley_rtos THUMB Flash Debug/tasks.o
                0x2007169c                xNumOfOverflows
 .bss.xTickCount
                0x200716a0        0x4 due_rowley_rtos THUMB Flash Debug/tasks.o
                0x200716a0                xTickCount
 .bss.pxCurrentTimerList
                0x200716a4        0x4 due_rowley_rtos THUMB Flash Debug/timers.o
 .bss.xActiveTimerList1
                0x200716a8       0x14 due_rowley_rtos THUMB Flash Debug/timers.o
 .bss.xActiveTimerList2
                0x200716bc       0x14 due_rowley_rtos THUMB Flash Debug/timers.o
 .bss.xTimerQueue
                0x200716d0        0x4 due_rowley_rtos THUMB Flash Debug/timers.o
 .bss.xLastTime.4488
                0x200716d4        0x4 due_rowley_rtos THUMB Flash Debug/timers.o
 .bss.pxOverflowTimerList
                0x200716d8        0x4 due_rowley_rtos THUMB Flash Debug/timers.o
 .bss.ucMaxSysCallPriority
                0x200716dc        0x1 due_rowley_rtos THUMB Flash Debug/port.o
 *fill*         0x200716dd        0x3 
 .bss.ulMaxPRIGROUPValue
                0x200716e0        0x4 due_rowley_rtos THUMB Flash Debug/port.o
 .bss.rx_buffer_definitions
                0x200716e4       0x1c due_rowley_rtos THUMB Flash Debug/freertos_uart_serial.o
 .bss.tx_dma_control
                0x20071700        0x8 due_rowley_rtos THUMB Flash Debug/freertos_uart_serial.o
 .bss.rx_buffer_definitions
                0x20071708       0x70 due_rowley_rtos THUMB Flash Debug/freertos_usart_serial.o
 .bss.tx_dma_control
                0x20071778       0x20 due_rowley_rtos THUMB Flash Debug/freertos_usart_serial.o
 .bss.xFreeBytesRemaining
                0x20071798        0x4 due_rowley_rtos THUMB Flash Debug/heap_4.o
 .bss.pxEnd     0x2007179c        0x4 due_rowley_rtos THUMB Flash Debug/heap_4.o
 .bss.xStart    0x200717a0        0x8 due_rowley_rtos THUMB Flash Debug/heap_4.o
 .bss.ucHeap    0x200717a8     0xa000 due_rowley_rtos THUMB Flash Debug/heap_4.o
 .bss.xBlockAllocatedBit
                0x2007b7a8        0x4 due_rowley_rtos THUMB Flash Debug/heap_4.o
 .bss.xMinimumEverFreeBytesRemaining
                0x2007b7ac        0x4 due_rowley_rtos THUMB Flash Debug/heap_4.o
 .bss.libc.__user_format_extender
                0x2007b7b0        0x4 /usr/share/crossworks_for_arm_3.3/lib/libc_v7m_t_le_eabi.a(libc2.o)
                0x2007b7b0                __user_format_extender
 *(COMMON)
                0x2007b7b4                __bss_end__ = (__bss_start__ + SIZEOF (.bss))
                0x0000b78c                __bss_size__ = SIZEOF (.bss)
                0x2007b7b4                __bss_load_end__ = __bss_end__
                0x00000001                . = ASSERT (((__bss_start__ == __bss_end__) || ((__bss_end__ >= __RAM_segment_start__) && (__bss_end__ <= __RAM_segment_end__))), error: .bss is too large to fit in RAM memory segment)
                0x2007b7b4                __non_init_load_start__ = ALIGN (__bss_end__, 0x4)

.non_init       0x2007b7b4        0x0
                0x2007b7b4                __non_init_start__ = .
 *(.non_init .non_init.*)
                0x2007b7b4                __non_init_end__ = (__non_init_start__ + SIZEOF (.non_init))
                0x00000000                __non_init_size__ = SIZEOF (.non_init)
                0x2007b7b4                __non_init_load_end__ = __non_init_end__
                0x00000001                . = ASSERT (((__non_init_start__ == __non_init_end__) || ((__non_init_end__ >= __RAM_segment_start__) && (__non_init_end__ <= __RAM_segment_end__))), error: .non_init is too large to fit in RAM memory segment)
                0x2007b7b4                __heap_load_start__ = ALIGN (__non_init_end__, 0x4)

.heap           0x2007b7b4      0x100
                0x2007b7b4                __heap_start__ = .
 *(.heap .heap.*)
                0x2007b8b4                . = ALIGN (MAX ((__heap_start__ + __HEAPSIZE__), .), 0x4)
 *fill*         0x2007b7b4      0x100 
                0x2007b8b4                __heap_end__ = (__heap_start__ + SIZEOF (.heap))
                0x00000100                __heap_size__ = SIZEOF (.heap)
                0x2007b8b4                __heap_load_end__ = __heap_end__
                0x00000001                . = ASSERT (((__heap_start__ == __heap_end__) || ((__heap_end__ >= __RAM_segment_start__) && (__heap_end__ <= __RAM_segment_end__))), error: .heap is too large to fit in RAM memory segment)
                0x2007b8b4                __stack_load_start__ = ALIGN (__heap_end__, 0x4)

.stack          0x2007b8b4      0x200
                0x2007b8b4                __stack_start__ = .
 *(.stack .stack.*)
                0x2007bab4                . = ALIGN (MAX ((__stack_start__ + __STACKSIZE__), .), 0x4)
 *fill*         0x2007b8b4      0x200 
                0x2007bab4                __stack_end__ = (__stack_start__ + SIZEOF (.stack))
                0x00000200                __stack_size__ = SIZEOF (.stack)
                0x2007bab4                __stack_load_end__ = __stack_end__
                0x00000001                . = ASSERT (((__stack_start__ == __stack_end__) || ((__stack_end__ >= __RAM_segment_start__) && (__stack_end__ <= __RAM_segment_end__))), error: .stack is too large to fit in RAM memory segment)
                0x2007bab4                __stack_process_load_start__ = ALIGN (__stack_end__, 0x4)

.stack_process  0x2007bab4      0x200
                0x2007bab4                __stack_process_start__ = .
 *(.stack_process .stack_process.*)
                0x2007bcb4                . = ALIGN (MAX ((__stack_process_start__ + __STACKSIZE_PROCESS__), .), 0x4)
 *fill*         0x2007bab4      0x200 
                0x2007bcb4                __stack_process_end__ = (__stack_process_start__ + SIZEOF (.stack_process))
                0x00000200                __stack_process_size__ = SIZEOF (.stack_process)
                0x2007bcb4                __stack_process_load_end__ = __stack_process_end__
                0x00000001                . = ASSERT (((__stack_process_start__ == __stack_process_end__) || ((__stack_process_end__ >= __RAM_segment_start__) && (__stack_process_end__ <= __RAM_segment_end__))), error: .stack_process is too large to fit in RAM memory segment)
                0x2007bcb4                __tbss_load_start__ = ALIGN (__stack_process_end__, 0x4)

.tbss           0x2007bcb4        0x4
                0x2007bcb4                __tbss_start__ = .
 *(.tbss .tbss.*)
 .tbss.errno_val
                0x2007bcb4        0x4 /usr/share/crossworks_for_arm_3.3/lib/libc_v7m_t_le_eabi.a(libc2.o)
                0x2007bcb8                __tbss_end__ = (__tbss_start__ + SIZEOF (.tbss))
                0x00000004                __tbss_size__ = SIZEOF (.tbss)
                0x2007bcb8                __tbss_load_end__ = __tbss_end__
                0x00000001                . = ASSERT (((__tbss_start__ == __tbss_end__) || ((__tbss_end__ >= __RAM_segment_start__) && (__tbss_end__ <= __RAM_segment_end__))), error: .tbss is too large to fit in RAM memory segment)
                0x00086220                __tdata_load_start__ = ALIGN ((__data_load_start__ + SIZEOF (.data)), 0x4)

.tdata          0x2007bcb8        0x0 load address 0x00086220
                0x2007bcb8                __tdata_start__ = .
 *(.tdata .tdata.*)
                0x2007bcb8                __tdata_end__ = (__tdata_start__ + SIZEOF (.tdata))
                0x00000000                __tdata_size__ = SIZEOF (.tdata)
                0x00086220                __tdata_load_end__ = (__tdata_load_start__ + SIZEOF (.tdata))
                0x00000001                . = ASSERT (((__tdata_load_start__ == __tdata_load_end__) || ((__tdata_load_end__ >= __FLASH_segment_start__) && (__tdata_load_end__ <= __FLASH_segment_end__))), error: .tdata is too large to fit in FLASH memory segment)

.tdata_run      0x2007bcb8        0x0
                0x2007bcb8                __tdata_run_start__ = .
                0x2007bcb8                . = MAX ((__tdata_run_start__ + SIZEOF (.tdata)), .)
                0x2007bcb8                __tdata_run_end__ = (__tdata_run_start__ + SIZEOF (.tdata_run))
                0x00000000                __tdata_run_size__ = SIZEOF (.tdata_run)
                0x2007bcb8                __tdata_run_load_end__ = __tdata_run_end__
                0x00000001                . = ASSERT (((__tdata_run_start__ == __tdata_run_end__) || ((__tdata_run_end__ >= __RAM_segment_start__) && (__tdata_run_end__ <= __RAM_segment_end__))), error: .tdata_run is too large to fit in RAM memory segment)
                0x00086220                __text2_load_start__ = ALIGN ((__tdata_load_start__ + SIZEOF (.tdata)), 0x4)

.text2          0x00086220        0x0
                0x00086220                __text2_start__ = .
 *(.text2 .text2.*)
                0x00086220                __text2_end__ = (__text2_start__ + SIZEOF (.text2))
                0x00000000                __text2_size__ = SIZEOF (.text2)
                0x00086220                __text2_load_end__ = __text2_end__
                0x00000001                . = ASSERT (((__text2_start__ == __text2_end__) || ((__text2_end__ >= __FLASH_segment_start__) && (__text2_end__ <= __FLASH_segment_end__))), error: .text2 is too large to fit in FLASH memory segment)
                0x00086220                __rodata2_load_start__ = ALIGN (__text2_end__, 0x4)

.rodata2        0x00086220        0x0
                0x00086220                __rodata2_start__ = .
 *(.rodata2 .rodata2.*)
                0x00086220                __rodata2_end__ = (__rodata2_start__ + SIZEOF (.rodata2))
                0x00000000                __rodata2_size__ = SIZEOF (.rodata2)
                0x00086220                __rodata2_load_end__ = __rodata2_end__
                0x00000001                . = ASSERT (((__rodata2_start__ == __rodata2_end__) || ((__rodata2_end__ >= __FLASH_segment_start__) && (__rodata2_end__ <= __FLASH_segment_end__))), error: .rodata2 is too large to fit in FLASH memory segment)
                0x00086220                __data2_load_start__ = ALIGN (__rodata2_end__, 0x4)

.data2          0x2007bcb8        0x0 load address 0x00086220
                0x2007bcb8                __data2_start__ = .
 *(.data2 .data2.*)
                0x2007bcb8                __data2_end__ = (__data2_start__ + SIZEOF (.data2))
                0x00000000                __data2_size__ = SIZEOF (.data2)
                0x00086220                __data2_load_end__ = (__data2_load_start__ + SIZEOF (.data2))
                0x00086220                __FLASH_segment_used_end__ = (ALIGN (__rodata2_end__, 0x4) + SIZEOF (.data2))
                0x00006220                __FLASH_segment_used_size__ = (__FLASH_segment_used_end__ - __FLASH_segment_start__)
                0x00000001                . = ASSERT (((__data2_load_start__ == __data2_load_end__) || ((__data2_load_end__ >= __FLASH_segment_start__) && (__data2_load_end__ <= __FLASH_segment_end__))), error: .data2 is too large to fit in FLASH memory segment)

.data2_run      0x2007bcb8        0x0
                0x2007bcb8                __data2_run_start__ = .
                0x2007bcb8                . = MAX ((__data2_run_start__ + SIZEOF (.data2)), .)
                0x2007bcb8                __data2_run_end__ = (__data2_run_start__ + SIZEOF (.data2_run))
                0x00000000                __data2_run_size__ = SIZEOF (.data2_run)
                0x2007bcb8                __data2_run_load_end__ = __data2_run_end__
                0x00000001                . = ASSERT (((__data2_run_start__ == __data2_run_end__) || ((__data2_run_end__ >= __RAM_segment_start__) && (__data2_run_end__ <= __RAM_segment_end__))), error: .data2_run is too large to fit in RAM memory segment)
                0x2007bcb8                __bss2_load_start__ = ALIGN (__data2_run_end__, 0x4)

.bss2           0x2007bcb8        0x0
                0x2007bcb8                __bss2_start__ = .
 *(.bss2 .bss2.*)
                0x2007bcb8                __bss2_end__ = (__bss2_start__ + SIZEOF (.bss2))
                0x00000000                __bss2_size__ = SIZEOF (.bss2)
                0x2007bcb8                __bss2_load_end__ = __bss2_end__
                0x2007bcb8                __RAM_segment_used_end__ = (ALIGN (__data2_run_end__, 0x4) + SIZEOF (.bss2))
                0x0000bcb8                __RAM_segment_used_size__ = (__RAM_segment_used_end__ - __RAM_segment_start__)
                0x00000001                . = ASSERT (((__bss2_start__ == __bss2_end__) || ((__bss2_end__ >= __RAM_segment_start__) && (__bss2_end__ <= __RAM_segment_end__))), error: .bss2 is too large to fit in RAM memory segment)
START GROUP
LOAD due_rowley_rtos THUMB Flash Debug/main.o
LOAD due_rowley_rtos THUMB Flash Debug/ctrl_access.o
LOAD due_rowley_rtos THUMB Flash Debug/ff.o
LOAD due_rowley_rtos THUMB Flash Debug/diskio.o
LOAD due_rowley_rtos THUMB Flash Debug/fattime_rtc.o
LOAD due_rowley_rtos THUMB Flash Debug/init.o
LOAD due_rowley_rtos THUMB Flash Debug/exceptions.o
LOAD due_rowley_rtos THUMB Flash Debug/sd_mmc_mem.o
LOAD due_rowley_rtos THUMB Flash Debug/pio.o
LOAD due_rowley_rtos THUMB Flash Debug/pio_handler.o
LOAD due_rowley_rtos THUMB Flash Debug/sysclk.o
LOAD due_rowley_rtos THUMB Flash Debug/pmc.o
LOAD due_rowley_rtos THUMB Flash Debug/sd_mmc.o
LOAD due_rowley_rtos THUMB Flash Debug/cycle_counter.o
LOAD due_rowley_rtos THUMB Flash Debug/sd_mmc_spi.o
LOAD due_rowley_rtos THUMB Flash Debug/spi_master.o
LOAD due_rowley_rtos THUMB Flash Debug/spi.o
LOAD due_rowley_rtos THUMB Flash Debug/ccsbcs.o
LOAD due_rowley_rtos THUMB Flash Debug/adc.o
LOAD due_rowley_rtos THUMB Flash Debug/adc_sam3u.o
LOAD due_rowley_rtos THUMB Flash Debug/usart_serial.o
LOAD due_rowley_rtos THUMB Flash Debug/uart.o
LOAD due_rowley_rtos THUMB Flash Debug/usart.o
LOAD due_rowley_rtos THUMB Flash Debug/read.o
LOAD due_rowley_rtos THUMB Flash Debug/write.o
LOAD due_rowley_rtos THUMB Flash Debug/pdc.o
LOAD due_rowley_rtos THUMB Flash Debug/dht11.o
LOAD due_rowley_rtos THUMB Flash Debug/ili9341.o
LOAD due_rowley_rtos THUMB Flash Debug/run-time-stats-utils.o
LOAD due_rowley_rtos THUMB Flash Debug/pwm.o
LOAD due_rowley_rtos THUMB Flash Debug/thumb_crt0.o
LOAD due_rowley_rtos THUMB Flash Debug/SAM3XA_Startup.o
LOAD due_rowley_rtos THUMB Flash Debug/system_sam.o
LOAD due_rowley_rtos THUMB Flash Debug/croutine.o
LOAD due_rowley_rtos THUMB Flash Debug/event_groups.o
LOAD due_rowley_rtos THUMB Flash Debug/list.o
LOAD due_rowley_rtos THUMB Flash Debug/queue.o
LOAD due_rowley_rtos THUMB Flash Debug/tasks.o
LOAD due_rowley_rtos THUMB Flash Debug/timers.o
LOAD due_rowley_rtos THUMB Flash Debug/port.o
LOAD due_rowley_rtos THUMB Flash Debug/freertos_uart_serial.o
LOAD due_rowley_rtos THUMB Flash Debug/freertos_usart_serial.o
LOAD due_rowley_rtos THUMB Flash Debug/freertos_peripheral_control.o
LOAD due_rowley_rtos THUMB Flash Debug/heap_4.o
LOAD /usr/share/crossworks_for_arm_3.3/lib/libcm_v7m_t_le_eabi.a
LOAD /usr/share/crossworks_for_arm_3.3/lib/libdebugio_mempoll_v7m_t_le_eabi.a
LOAD /usr/share/crossworks_for_arm_3.3/lib/libm_v7m_t_le_eabi.a
LOAD /usr/share/crossworks_for_arm_3.3/lib/libc_v7m_t_le_eabi.a
LOAD /usr/share/crossworks_for_arm_3.3/lib/libcpp_v7m_t_le_eabi.a
LOAD /usr/share/crossworks_for_arm_3.3/lib/libdebugio_v7m_t_le_eabi.a
LOAD /usr/share/crossworks_for_arm_3.3/lib/lib_vfprintf_float_long_long_v7m_t_le_eabi.a
LOAD /usr/share/crossworks_for_arm_3.3/lib/lib_vfscanf_float_long_long_cc_v7m_t_le_eabi.a
LOAD /usr/share/crossworks_for_arm_3.3/lib/libc_user_libc_v7m_t_le_eabi.a
END GROUP
OUTPUT(due_rowley_rtos THUMB Flash Debug/due_rowley_rtos.elf elf32-littlearm)

.debug_frame    0x00000000     0x7464
 .debug_frame   0x00000000      0x19c due_rowley_rtos THUMB Flash Debug/main.o
 .debug_frame   0x0000019c       0x2c due_rowley_rtos THUMB Flash Debug/init.o
 .debug_frame   0x000001c8       0x20 due_rowley_rtos THUMB Flash Debug/exceptions.o
 .debug_frame   0x000001e8      0x2b0 due_rowley_rtos THUMB Flash Debug/pio.o
 .debug_frame   0x00000498       0xec due_rowley_rtos THUMB Flash Debug/pio_handler.o
 .debug_frame   0x00000584       0x64 due_rowley_rtos THUMB Flash Debug/sysclk.o
 .debug_frame   0x000005e8      0x418 due_rowley_rtos THUMB Flash Debug/pmc.o
 .debug_frame   0x00000a00       0x20 due_rowley_rtos THUMB Flash Debug/cycle_counter.o
 .debug_frame   0x00000a20       0xb8 due_rowley_rtos THUMB Flash Debug/spi_master.o
 .debug_frame   0x00000ad8      0x118 due_rowley_rtos THUMB Flash Debug/spi.o
 .debug_frame   0x00000bf0      0x308 due_rowley_rtos THUMB Flash Debug/adc.o
 .debug_frame   0x00000ef8      0x1bc due_rowley_rtos THUMB Flash Debug/uart.o
 .debug_frame   0x000010b4      0x614 due_rowley_rtos THUMB Flash Debug/usart.o
 .debug_frame   0x000016c8      0x108 due_rowley_rtos THUMB Flash Debug/pdc.o
 .debug_frame   0x000017d0       0x7c due_rowley_rtos THUMB Flash Debug/dht11.o
 .debug_frame   0x0000184c      0x350 due_rowley_rtos THUMB Flash Debug/ili9341.o
 .debug_frame   0x00001b9c       0x40 due_rowley_rtos THUMB Flash Debug/run-time-stats-utils.o
 .debug_frame   0x00001bdc      0x340 due_rowley_rtos THUMB Flash Debug/pwm.o
 .debug_frame   0x00001f1c       0x40 due_rowley_rtos THUMB Flash Debug/system_sam.o
 .debug_frame   0x00001f5c       0x84 due_rowley_rtos THUMB Flash Debug/list.o
 .debug_frame   0x00001fe0      0x2e8 due_rowley_rtos THUMB Flash Debug/queue.o
 .debug_frame   0x000022c8      0x5b8 due_rowley_rtos THUMB Flash Debug/tasks.o
 .debug_frame   0x00002880      0x154 due_rowley_rtos THUMB Flash Debug/timers.o
 .debug_frame   0x000029d4      0x168 due_rowley_rtos THUMB Flash Debug/port.o
 .debug_frame   0x00002b3c       0xe4 due_rowley_rtos THUMB Flash Debug/freertos_uart_serial.o
 .debug_frame   0x00002c20      0x12c due_rowley_rtos THUMB Flash Debug/freertos_usart_serial.o
 .debug_frame   0x00002d4c      0x110 due_rowley_rtos THUMB Flash Debug/freertos_peripheral_control.o
 .debug_frame   0x00002e5c       0x9c due_rowley_rtos THUMB Flash Debug/heap_4.o
 .debug_frame   0x00002ef8     0x3424 /usr/share/crossworks_for_arm_3.3/lib/libc_v7m_t_le_eabi.a(libc2.o)
 .debug_frame   0x0000631c       0xb0 /usr/share/crossworks_for_arm_3.3/lib/libc_v7m_t_le_eabi.a(libc2_asm.o)
 .debug_frame   0x000063cc      0x164 /usr/share/crossworks_for_arm_3.3/lib/libc_v7m_t_le_eabi.a(libc_asm.o)
 .debug_frame   0x00006530       0x44 /usr/share/crossworks_for_arm_3.3/lib/lib_vfprintf_float_long_long_v7m_t_le_eabi.a(lib_vfprintf_float_long_long.o)
 .debug_frame   0x00006574       0xa0 /usr/share/crossworks_for_arm_3.3/lib/libc_user_libc_v7m_t_le_eabi.a(user_libc.o)
 .debug_frame   0x00006614      0x440 /usr/share/crossworks_for_arm_3.3/lib/libm_v7m_t_le_eabi.a(libm_asm.o)
 .debug_frame   0x00006a54      0x9a0 /usr/share/crossworks_for_arm_3.3/lib/libm_v7m_t_le_eabi.a(libm2.o)
 .debug_frame   0x000073f4       0x70 /usr/share/crossworks_for_arm_3.3/lib/libm_v7m_t_le_eabi.a(libm2_asm.o)

.debug_info     0x00000000    0x1b359
 .debug_info    0x00000000     0x30c8 due_rowley_rtos THUMB Flash Debug/main.o
 .debug_info    0x000030c8      0x750 due_rowley_rtos THUMB Flash Debug/init.o
 .debug_info    0x00003818       0xaa due_rowley_rtos THUMB Flash Debug/exceptions.o
 .debug_info    0x000038c2     0x1312 due_rowley_rtos THUMB Flash Debug/pio.o
 .debug_info    0x00004bd4      0xd91 due_rowley_rtos THUMB Flash Debug/pio_handler.o
 .debug_info    0x00005965      0x73f due_rowley_rtos THUMB Flash Debug/sysclk.o
 .debug_info    0x000060a4      0xe2a due_rowley_rtos THUMB Flash Debug/pmc.o
 .debug_info    0x00006ece       0xd7 due_rowley_rtos THUMB Flash Debug/cycle_counter.o
 .debug_info    0x00006fa5      0xb6c due_rowley_rtos THUMB Flash Debug/spi_master.o
 .debug_info    0x00007b11      0x709 due_rowley_rtos THUMB Flash Debug/spi.o
 .debug_info    0x0000821a     0x1012 due_rowley_rtos THUMB Flash Debug/adc.o
 .debug_info    0x0000922c      0x752 due_rowley_rtos THUMB Flash Debug/uart.o
 .debug_info    0x0000997e     0x1eea due_rowley_rtos THUMB Flash Debug/usart.o
 .debug_info    0x0000b868      0x40a due_rowley_rtos THUMB Flash Debug/pdc.o
 .debug_info    0x0000bc72      0x8f0 due_rowley_rtos THUMB Flash Debug/dht11.o
 .debug_info    0x0000c562     0x26df due_rowley_rtos THUMB Flash Debug/ili9341.o
 .debug_info    0x0000ec41      0x1b1 due_rowley_rtos THUMB Flash Debug/run-time-stats-utils.o
 .debug_info    0x0000edf2     0x1352 due_rowley_rtos THUMB Flash Debug/pwm.o
 .debug_info    0x00010144       0x88 due_rowley_rtos THUMB Flash Debug/thumb_crt0.o
 .debug_info    0x000101cc       0x8d due_rowley_rtos THUMB Flash Debug/SAM3XA_Startup.o
 .debug_info    0x00010259      0x3b8 due_rowley_rtos THUMB Flash Debug/system_sam.o
 .debug_info    0x00010611      0x28d due_rowley_rtos THUMB Flash Debug/list.o
 .debug_info    0x0001089e     0x148a due_rowley_rtos THUMB Flash Debug/queue.o
 .debug_info    0x00011d28     0x22a5 due_rowley_rtos THUMB Flash Debug/tasks.o
 .debug_info    0x00013fcd      0xf47 due_rowley_rtos THUMB Flash Debug/timers.o
 .debug_info    0x00014f14      0x3b7 due_rowley_rtos THUMB Flash Debug/port.o
 .debug_info    0x000152cb     0x12e9 due_rowley_rtos THUMB Flash Debug/freertos_uart_serial.o
 .debug_info    0x000165b4     0x1515 due_rowley_rtos THUMB Flash Debug/freertos_usart_serial.o
 .debug_info    0x00017ac9      0xf46 due_rowley_rtos THUMB Flash Debug/freertos_peripheral_control.o
 .debug_info    0x00018a0f      0x428 due_rowley_rtos THUMB Flash Debug/heap_4.o
 .debug_info    0x00018e37     0x1f77 /usr/share/crossworks_for_arm_3.3/lib/libc_v7m_t_le_eabi.a(libc2.o)
 .debug_info    0x0001adae       0x30 /usr/share/crossworks_for_arm_3.3/lib/lib_vfprintf_float_long_long_v7m_t_le_eabi.a(lib_vfprintf_float_long_long.o)
 .debug_info    0x0001adde       0xb7 /usr/share/crossworks_for_arm_3.3/lib/libc_user_libc_v7m_t_le_eabi.a(user_libc.o)
 .debug_info    0x0001ae95      0x4c4 /usr/share/crossworks_for_arm_3.3/lib/libm_v7m_t_le_eabi.a(libm2.o)

.debug_abbrev   0x00000000     0x439d
 .debug_abbrev  0x00000000      0x4bc due_rowley_rtos THUMB Flash Debug/main.o
 .debug_abbrev  0x000004bc      0x1a1 due_rowley_rtos THUMB Flash Debug/init.o
 .debug_abbrev  0x0000065d       0x76 due_rowley_rtos THUMB Flash Debug/exceptions.o
 .debug_abbrev  0x000006d3      0x2bc due_rowley_rtos THUMB Flash Debug/pio.o
 .debug_abbrev  0x0000098f      0x2c9 due_rowley_rtos THUMB Flash Debug/pio_handler.o
 .debug_abbrev  0x00000c58      0x28a due_rowley_rtos THUMB Flash Debug/sysclk.o
 .debug_abbrev  0x00000ee2      0x23c due_rowley_rtos THUMB Flash Debug/pmc.o
 .debug_abbrev  0x0000111e       0x89 due_rowley_rtos THUMB Flash Debug/cycle_counter.o
 .debug_abbrev  0x000011a7      0x2eb due_rowley_rtos THUMB Flash Debug/spi_master.o
 .debug_abbrev  0x00001492      0x272 due_rowley_rtos THUMB Flash Debug/spi.o
 .debug_abbrev  0x00001704      0x297 due_rowley_rtos THUMB Flash Debug/adc.o
 .debug_abbrev  0x0000199b      0x19c due_rowley_rtos THUMB Flash Debug/uart.o
 .debug_abbrev  0x00001b37      0x2cb due_rowley_rtos THUMB Flash Debug/usart.o
 .debug_abbrev  0x00001e02      0x127 due_rowley_rtos THUMB Flash Debug/pdc.o
 .debug_abbrev  0x00001f29      0x22e due_rowley_rtos THUMB Flash Debug/dht11.o
 .debug_abbrev  0x00002157      0x49e due_rowley_rtos THUMB Flash Debug/ili9341.o
 .debug_abbrev  0x000025f5      0x111 due_rowley_rtos THUMB Flash Debug/run-time-stats-utils.o
 .debug_abbrev  0x00002706      0x21d due_rowley_rtos THUMB Flash Debug/pwm.o
 .debug_abbrev  0x00002923       0x14 due_rowley_rtos THUMB Flash Debug/thumb_crt0.o
 .debug_abbrev  0x00002937       0x14 due_rowley_rtos THUMB Flash Debug/SAM3XA_Startup.o
 .debug_abbrev  0x0000294b       0xfd due_rowley_rtos THUMB Flash Debug/system_sam.o
 .debug_abbrev  0x00002a48       0xdc due_rowley_rtos THUMB Flash Debug/list.o
 .debug_abbrev  0x00002b24      0x2d2 due_rowley_rtos THUMB Flash Debug/queue.o
 .debug_abbrev  0x00002df6      0x3a4 due_rowley_rtos THUMB Flash Debug/tasks.o
 .debug_abbrev  0x0000319a      0x2d7 due_rowley_rtos THUMB Flash Debug/timers.o
 .debug_abbrev  0x00003471      0x1f6 due_rowley_rtos THUMB Flash Debug/port.o
 .debug_abbrev  0x00003667      0x31e due_rowley_rtos THUMB Flash Debug/freertos_uart_serial.o
 .debug_abbrev  0x00003985      0x306 due_rowley_rtos THUMB Flash Debug/freertos_usart_serial.o
 .debug_abbrev  0x00003c8b      0x340 due_rowley_rtos THUMB Flash Debug/freertos_peripheral_control.o
 .debug_abbrev  0x00003fcb      0x22b due_rowley_rtos THUMB Flash Debug/heap_4.o
 .debug_abbrev  0x000041f6       0xbe /usr/share/crossworks_for_arm_3.3/lib/libc_v7m_t_le_eabi.a(libc2.o)
 .debug_abbrev  0x000042b4       0x26 /usr/share/crossworks_for_arm_3.3/lib/lib_vfprintf_float_long_long_v7m_t_le_eabi.a(lib_vfprintf_float_long_long.o)
 .debug_abbrev  0x000042da       0x26 /usr/share/crossworks_for_arm_3.3/lib/libc_user_libc_v7m_t_le_eabi.a(user_libc.o)
 .debug_abbrev  0x00004300       0x9d /usr/share/crossworks_for_arm_3.3/lib/libm_v7m_t_le_eabi.a(libm2.o)

.debug_loc      0x00000000     0xb1bb
 .debug_loc     0x00000000      0x357 due_rowley_rtos THUMB Flash Debug/main.o
 .debug_loc     0x00000357      0xb79 due_rowley_rtos THUMB Flash Debug/pio.o
 .debug_loc     0x00000ed0      0x424 due_rowley_rtos THUMB Flash Debug/pio_handler.o
 .debug_loc     0x000012f4       0x8d due_rowley_rtos THUMB Flash Debug/sysclk.o
 .debug_loc     0x00001381      0xa3c due_rowley_rtos THUMB Flash Debug/pmc.o
 .debug_loc     0x00001dbd      0x704 due_rowley_rtos THUMB Flash Debug/spi_master.o
 .debug_loc     0x000024c1      0x473 due_rowley_rtos THUMB Flash Debug/spi.o
 .debug_loc     0x00002934      0x8ac due_rowley_rtos THUMB Flash Debug/adc.o
 .debug_loc     0x000031e0      0x1f5 due_rowley_rtos THUMB Flash Debug/uart.o
 .debug_loc     0x000033d5     0x10a3 due_rowley_rtos THUMB Flash Debug/usart.o
 .debug_loc     0x00004478      0x1ad due_rowley_rtos THUMB Flash Debug/pdc.o
 .debug_loc     0x00004625       0xbd due_rowley_rtos THUMB Flash Debug/dht11.o
 .debug_loc     0x000046e2      0xe31 due_rowley_rtos THUMB Flash Debug/ili9341.o
 .debug_loc     0x00005513       0x67 due_rowley_rtos THUMB Flash Debug/run-time-stats-utils.o
 .debug_loc     0x0000557a      0xd0d due_rowley_rtos THUMB Flash Debug/pwm.o
 .debug_loc     0x00006287       0x69 due_rowley_rtos THUMB Flash Debug/list.o
 .debug_loc     0x000062f0     0x1135 due_rowley_rtos THUMB Flash Debug/queue.o
 .debug_loc     0x00007425     0x1a67 due_rowley_rtos THUMB Flash Debug/tasks.o
 .debug_loc     0x00008e8c      0x8f6 due_rowley_rtos THUMB Flash Debug/timers.o
 .debug_loc     0x00009782       0x97 due_rowley_rtos THUMB Flash Debug/port.o
 .debug_loc     0x00009819      0x6c8 due_rowley_rtos THUMB Flash Debug/freertos_uart_serial.o
 .debug_loc     0x00009ee1      0x65e due_rowley_rtos THUMB Flash Debug/freertos_usart_serial.o
 .debug_loc     0x0000a53f      0x78e due_rowley_rtos THUMB Flash Debug/freertos_peripheral_control.o
 .debug_loc     0x0000accd      0x4ee due_rowley_rtos THUMB Flash Debug/heap_4.o

.debug_aranges  0x00000000     0x2428
 .debug_aranges
                0x00000000       0x78 due_rowley_rtos THUMB Flash Debug/main.o
 .debug_aranges
                0x00000078       0x20 due_rowley_rtos THUMB Flash Debug/init.o
 .debug_aranges
                0x00000098       0x20 due_rowley_rtos THUMB Flash Debug/exceptions.o
 .debug_aranges
                0x000000b8      0x148 due_rowley_rtos THUMB Flash Debug/pio.o
 .debug_aranges
                0x00000200       0x58 due_rowley_rtos THUMB Flash Debug/pio_handler.o
 .debug_aranges
                0x00000258       0x30 due_rowley_rtos THUMB Flash Debug/sysclk.o
 .debug_aranges
                0x00000288      0x1f8 due_rowley_rtos THUMB Flash Debug/pmc.o
 .debug_aranges
                0x00000480       0x20 due_rowley_rtos THUMB Flash Debug/cycle_counter.o
 .debug_aranges
                0x000004a0       0x48 due_rowley_rtos THUMB Flash Debug/spi_master.o
 .debug_aranges
                0x000004e8       0x90 due_rowley_rtos THUMB Flash Debug/spi.o
 .debug_aranges
                0x00000578      0x178 due_rowley_rtos THUMB Flash Debug/adc.o
 .debug_aranges
                0x000006f0       0xe8 due_rowley_rtos THUMB Flash Debug/uart.o
 .debug_aranges
                0x000007d8      0x2a8 due_rowley_rtos THUMB Flash Debug/usart.o
 .debug_aranges
                0x00000a80       0x88 due_rowley_rtos THUMB Flash Debug/pdc.o
 .debug_aranges
                0x00000b08       0x30 due_rowley_rtos THUMB Flash Debug/dht11.o
 .debug_aranges
                0x00000b38       0xd8 due_rowley_rtos THUMB Flash Debug/ili9341.o
 .debug_aranges
                0x00000c10       0x28 due_rowley_rtos THUMB Flash Debug/run-time-stats-utils.o
 .debug_aranges
                0x00000c38      0x158 due_rowley_rtos THUMB Flash Debug/pwm.o
 .debug_aranges
                0x00000d90       0x20 due_rowley_rtos THUMB Flash Debug/thumb_crt0.o
 .debug_aranges
                0x00000db0       0x20 due_rowley_rtos THUMB Flash Debug/SAM3XA_Startup.o
 .debug_aranges
                0x00000dd0       0x30 due_rowley_rtos THUMB Flash Debug/system_sam.o
 .debug_aranges
                0x00000e00       0x40 due_rowley_rtos THUMB Flash Debug/list.o
 .debug_aranges
                0x00000e40       0xd8 due_rowley_rtos THUMB Flash Debug/queue.o
 .debug_aranges
                0x00000f18      0x1a0 due_rowley_rtos THUMB Flash Debug/tasks.o
 .debug_aranges
                0x000010b8       0x68 due_rowley_rtos THUMB Flash Debug/timers.o
 .debug_aranges
                0x00001120       0x90 due_rowley_rtos THUMB Flash Debug/port.o
 .debug_aranges
                0x000011b0       0x40 due_rowley_rtos THUMB Flash Debug/freertos_uart_serial.o
 .debug_aranges
                0x000011f0       0x60 due_rowley_rtos THUMB Flash Debug/freertos_usart_serial.o
 .debug_aranges
                0x00001250       0x58 due_rowley_rtos THUMB Flash Debug/freertos_peripheral_control.o
 .debug_aranges
                0x000012a8       0x48 due_rowley_rtos THUMB Flash Debug/heap_4.o
 .debug_aranges
                0x000012f0      0xea0 /usr/share/crossworks_for_arm_3.3/lib/libc_v7m_t_le_eabi.a(libc2.o)
 .debug_aranges
                0x00002190       0x20 /usr/share/crossworks_for_arm_3.3/lib/lib_vfprintf_float_long_long_v7m_t_le_eabi.a(lib_vfprintf_float_long_long.o)
 .debug_aranges
                0x000021b0       0x60 /usr/share/crossworks_for_arm_3.3/lib/libc_user_libc_v7m_t_le_eabi.a(user_libc.o)
 .debug_aranges
                0x00002210      0x218 /usr/share/crossworks_for_arm_3.3/lib/libm_v7m_t_le_eabi.a(libm2.o)

.debug_ranges   0x00000000     0x3050
 .debug_ranges  0x00000000      0x108 due_rowley_rtos THUMB Flash Debug/main.o
 .debug_ranges  0x00000108       0x40 due_rowley_rtos THUMB Flash Debug/init.o
 .debug_ranges  0x00000148       0x10 due_rowley_rtos THUMB Flash Debug/exceptions.o
 .debug_ranges  0x00000158      0x2c0 due_rowley_rtos THUMB Flash Debug/pio.o
 .debug_ranges  0x00000418       0x88 due_rowley_rtos THUMB Flash Debug/pio_handler.o
 .debug_ranges  0x000004a0       0x20 due_rowley_rtos THUMB Flash Debug/sysclk.o
 .debug_ranges  0x000004c0      0x200 due_rowley_rtos THUMB Flash Debug/pmc.o
 .debug_ranges  0x000006c0       0x10 due_rowley_rtos THUMB Flash Debug/cycle_counter.o
 .debug_ranges  0x000006d0       0xc8 due_rowley_rtos THUMB Flash Debug/spi_master.o
 .debug_ranges  0x00000798       0xa0 due_rowley_rtos THUMB Flash Debug/spi.o
 .debug_ranges  0x00000838      0x180 due_rowley_rtos THUMB Flash Debug/adc.o
 .debug_ranges  0x000009b8       0xd8 due_rowley_rtos THUMB Flash Debug/uart.o
 .debug_ranges  0x00000a90      0x8c8 due_rowley_rtos THUMB Flash Debug/usart.o
 .debug_ranges  0x00001358       0x78 due_rowley_rtos THUMB Flash Debug/pdc.o
 .debug_ranges  0x000013d0       0x20 due_rowley_rtos THUMB Flash Debug/dht11.o
 .debug_ranges  0x000013f0      0x1d0 due_rowley_rtos THUMB Flash Debug/ili9341.o
 .debug_ranges  0x000015c0       0x18 due_rowley_rtos THUMB Flash Debug/run-time-stats-utils.o
 .debug_ranges  0x000015d8      0x148 due_rowley_rtos THUMB Flash Debug/pwm.o
 .debug_ranges  0x00001720       0x20 due_rowley_rtos THUMB Flash Debug/system_sam.o
 .debug_ranges  0x00001740       0x30 due_rowley_rtos THUMB Flash Debug/list.o
 .debug_ranges  0x00001770       0xf8 due_rowley_rtos THUMB Flash Debug/queue.o
 .debug_ranges  0x00001868      0x400 due_rowley_rtos THUMB Flash Debug/tasks.o
 .debug_ranges  0x00001c68       0xe0 due_rowley_rtos THUMB Flash Debug/timers.o
 .debug_ranges  0x00001d48       0xa0 due_rowley_rtos THUMB Flash Debug/port.o
 .debug_ranges  0x00001de8       0x50 due_rowley_rtos THUMB Flash Debug/freertos_uart_serial.o
 .debug_ranges  0x00001e38       0x50 due_rowley_rtos THUMB Flash Debug/freertos_usart_serial.o
 .debug_ranges  0x00001e88       0x98 due_rowley_rtos THUMB Flash Debug/freertos_peripheral_control.o
 .debug_ranges  0x00001f20       0x38 due_rowley_rtos THUMB Flash Debug/heap_4.o
 .debug_ranges  0x00001f58      0xe90 /usr/share/crossworks_for_arm_3.3/lib/libc_v7m_t_le_eabi.a(libc2.o)
 .debug_ranges  0x00002de8       0x10 /usr/share/crossworks_for_arm_3.3/lib/lib_vfprintf_float_long_long_v7m_t_le_eabi.a(lib_vfprintf_float_long_long.o)
 .debug_ranges  0x00002df8       0x50 /usr/share/crossworks_for_arm_3.3/lib/libc_user_libc_v7m_t_le_eabi.a(user_libc.o)
 .debug_ranges  0x00002e48      0x208 /usr/share/crossworks_for_arm_3.3/lib/libm_v7m_t_le_eabi.a(libm2.o)
