Archive member included because of file (symbol)

/usr/share/crossworks_for_arm_3.3/lib/libc_v7m_t_le_eabi.a(libc_asm.o)
                              due_rowley_rtos THUMB RAM Debug/sd_mmc.o (__aeabi_uldivmod)
/usr/share/crossworks_for_arm_3.3/lib/libc_v7m_t_le_eabi.a(libc2.o)
                              due_rowley_rtos THUMB RAM Debug/ili9341.o (abs)
/usr/share/crossworks_for_arm_3.3/lib/libc_v7m_t_le_eabi.a(libc2_asm.o)
                              due_rowley_rtos THUMB RAM Debug/queue.o (memcpy)
/usr/share/crossworks_for_arm_3.3/lib/lib_vfprintf_float_long_long_v7m_t_le_eabi.a(lib_vfprintf_float_long_long.o)
                              /usr/share/crossworks_for_arm_3.3/lib/libc_v7m_t_le_eabi.a(libc2.o) (__vfprintf)
/usr/share/crossworks_for_arm_3.3/lib/lib_vfscanf_float_long_long_cc_v7m_t_le_eabi.a(lib_vfscanf_float_long_long_cc.o)
                              /usr/share/crossworks_for_arm_3.3/lib/libc_v7m_t_le_eabi.a(libc2.o) (__vfscanf)
/usr/share/crossworks_for_arm_3.3/lib/libc_user_libc_v7m_t_le_eabi.a(user_libc.o)
                              /usr/share/crossworks_for_arm_3.3/lib/libc_v7m_t_le_eabi.a(libc2.o) (__aeabi_read_tp)
/usr/share/crossworks_for_arm_3.3/lib/libm_v7m_t_le_eabi.a(libm_asm.o)
                              /usr/share/crossworks_for_arm_3.3/lib/libc_v7m_t_le_eabi.a(libc2.o) (__aeabi_i2f)
/usr/share/crossworks_for_arm_3.3/lib/libm_v7m_t_le_eabi.a(libm2.o)
                              /usr/share/crossworks_for_arm_3.3/lib/lib_vfprintf_float_long_long_v7m_t_le_eabi.a(lib_vfprintf_float_long_long.o) (frexp)
/usr/share/crossworks_for_arm_3.3/lib/libm_v7m_t_le_eabi.a(libm2_asm.o)
                              /usr/share/crossworks_for_arm_3.3/lib/libm_v7m_t_le_eabi.a(libm2.o) (fabs)

Discarded input sections

 .text          0x00000000        0x0 due_rowley_rtos THUMB RAM Debug/main.o
 .data          0x00000000        0x0 due_rowley_rtos THUMB RAM Debug/main.o
 .bss           0x00000000        0x0 due_rowley_rtos THUMB RAM Debug/main.o
 .data.SPI_DEVICE_TFT_DISPLAY
                0x00000000        0x4 due_rowley_rtos THUMB RAM Debug/main.o
 .text.test_sd  0x00000000      0x150 due_rowley_rtos THUMB RAM Debug/main.o
 .text.sd_bmp_read
                0x00000000      0x10c due_rowley_rtos THUMB RAM Debug/main.o
 .text.setup_dmac
                0x00000000       0x3c due_rowley_rtos THUMB RAM Debug/main.o
 .text.adc_setup
                0x00000000       0x5c due_rowley_rtos THUMB RAM Debug/main.o
 .text.ADC_IrqHandler
                0x00000000       0x44 due_rowley_rtos THUMB RAM Debug/main.o
 .bss.buffer.8188
                0x00000000      0x200 due_rowley_rtos THUMB RAM Debug/main.o
 .rodata.uart_serial_options.8215
                0x00000000       0x10 due_rowley_rtos THUMB RAM Debug/main.o
 .text          0x00000000        0x0 due_rowley_rtos THUMB RAM Debug/ctrl_access.o
 .data          0x00000000        0x0 due_rowley_rtos THUMB RAM Debug/ctrl_access.o
 .bss           0x00000000        0x0 due_rowley_rtos THUMB RAM Debug/ctrl_access.o
 .rodata        0x00000000       0x18 due_rowley_rtos THUMB RAM Debug/ctrl_access.o
 .rodata.lun_desc
                0x00000000       0x20 due_rowley_rtos THUMB RAM Debug/ctrl_access.o
 .text.get_nb_lun
                0x00000000       0x10 due_rowley_rtos THUMB RAM Debug/ctrl_access.o
 .text.get_cur_lun
                0x00000000       0x10 due_rowley_rtos THUMB RAM Debug/ctrl_access.o
 .text.mem_test_unit_ready
                0x00000000       0x34 due_rowley_rtos THUMB RAM Debug/ctrl_access.o
 .text.mem_read_capacity
                0x00000000       0x38 due_rowley_rtos THUMB RAM Debug/ctrl_access.o
 .text.mem_sector_size
                0x00000000       0x28 due_rowley_rtos THUMB RAM Debug/ctrl_access.o
 .text.mem_unload
                0x00000000       0x70 due_rowley_rtos THUMB RAM Debug/ctrl_access.o
 .text.mem_wr_protect
                0x00000000       0x3c due_rowley_rtos THUMB RAM Debug/ctrl_access.o
 .text.mem_removal
                0x00000000       0x3c due_rowley_rtos THUMB RAM Debug/ctrl_access.o
 .text.mem_name
                0x00000000       0x28 due_rowley_rtos THUMB RAM Debug/ctrl_access.o
 .text.memory_2_ram
                0x00000000       0x3c due_rowley_rtos THUMB RAM Debug/ctrl_access.o
 .text.ram_2_memory
                0x00000000       0x3c due_rowley_rtos THUMB RAM Debug/ctrl_access.o
 .debug_frame   0x00000000      0x1d4 due_rowley_rtos THUMB RAM Debug/ctrl_access.o
 .debug_info    0x00000000      0x49c due_rowley_rtos THUMB RAM Debug/ctrl_access.o
 .debug_abbrev  0x00000000      0x183 due_rowley_rtos THUMB RAM Debug/ctrl_access.o
 .debug_aranges
                0x00000000       0x70 due_rowley_rtos THUMB RAM Debug/ctrl_access.o
 .debug_ranges  0x00000000       0x60 due_rowley_rtos THUMB RAM Debug/ctrl_access.o
 .debug_line    0x00000000      0x360 due_rowley_rtos THUMB RAM Debug/ctrl_access.o
 .debug_str     0x00000000      0x3ae due_rowley_rtos THUMB RAM Debug/ctrl_access.o
[...]
Memory Configuration

Name             Origin             Length             Attributes
UNPLACED_SECTIONS 0xffffffff         0x00000000         xw
CM3_System_Control_Space 0xe000e000         0x00001000         xw
Peripherals      0x40000000         0x20000000         xw
RAM              0x20070000         0x00018000         xw
FLASH            0x00080000         0x00080000         xr
*default*        0x00000000         0xffffffff

Linker script and memory map

                0xe000e000                __CM3_System_Control_Space_segment_start__ = 0xe000e000
                0xe000f000                __CM3_System_Control_Space_segment_end__ = 0xe000f000
                0x40000000                __Peripherals_segment_start__ = 0x40000000
                0x60000000                __Peripherals_segment_end__ = 0x60000000
                0x20070000                __RAM_segment_start__ = 0x20070000
                0x20088000                __RAM_segment_end__ = 0x20088000
                0x00080000                __FLASH_segment_start__ = 0x80000
                0x00100000                __FLASH_segment_end__ = 0x100000
                0x00000080                __HEAPSIZE__ = 0x80
                0x00000000                __STACKSIZE_ABT__ = 0x0
                0x00000000                __STACKSIZE_FIQ__ = 0x0
                0x00000000                __STACKSIZE_IRQ__ = 0x0
                0x00000100                __STACKSIZE_PROCESS__ = 0x100
                0x00000000                __STACKSIZE_SVC__ = 0x0
                0x00000000                __STACKSIZE_UND__ = 0x0
                0x00000100                __STACKSIZE__ = 0x100
                0x20070000                __vectors_load_start__ = ALIGN (__RAM_segment_start__, 0x100)

.vectors        0x20070000       0xf4
                0x20070000                __vectors_start__ = .
 *(.vectors .vectors.*)
 .vectors       0x20070000       0xf4 due_rowley_rtos THUMB RAM Debug/SAM3XA_Startup.o
                0x20070000                _vectors
                0x200700f4                __vectors_end__ = (__vectors_start__ + SIZEOF (.vectors))
                0x200700f4                __vectors_load_end__ = __vectors_end__
                0x00000001                . = ASSERT (((__vectors_start__ == __vectors_end__) || ((__vectors_end__ >= __RAM_segment_start__) && (__vectors_end__ <= __RAM_segment_end__))), error: .vectors is too large to fit in RAM memory segment)
                0x200700f4                __fast_load_start__ = ALIGN (__vectors_end__, 0x4)

.fast           0x200700f4       0x1c
                0x200700f4                __fast_start__ = .
 *(.fast .fast.*)
 .fast          0x200700f4       0x1c due_rowley_rtos THUMB RAM Debug/cycle_counter.o
                0x200700f4                portable_delay_cycles
                0x20070110                __fast_end__ = (__fast_start__ + SIZEOF (.fast))
                0x20070110                __fast_load_end__ = __fast_end__
                0x00000001                . = ASSERT (((__fast_start__ == __fast_end__) || ((__fast_end__ >= __RAM_segment_start__) && (__fast_end__ <= __RAM_segment_end__))), error: .fast is too large to fit in RAM memory segment)
                0x20070110                __init_load_start__ = ALIGN (__fast_end__, 0x4)

.init           0x20070110      0x208
                0x20070110                __init_start__ = .
 *(.init .init.*)
 .init          0x20070110      0x15c due_rowley_rtos THUMB RAM Debug/thumb_crt0.o
                0x20070110                _start
                0x200701c0                exit
                0x200701e8                __getchar
 .init          0x2007026c       0xac due_rowley_rtos THUMB RAM Debug/SAM3XA_Startup.o
                0x2007026c                reset_handler
                0x200702b0                SDRAMC_Handler
                0x200702ba                PIOE_Handler
                0x200702bc                PIOF_Handler
                0x200702ce                SPI1_Handler
                0x200702f6                reset_wait
                0x20070318                __init_end__ = (__init_start__ + SIZEOF (.init))
                0x20070318                __init_load_end__ = __init_end__
                0x00000001                . = ASSERT (((__init_start__ == __init_end__) || ((__init_end__ >= __RAM_segment_start__) && (__init_end__ <= __RAM_segment_end__))), error: .init is too large to fit in RAM memory segment)
                0x20070318                __text_load_start__ = ALIGN (__init_end__, 0x4)

.text           0x20070318     0x7324
                0x20070318                __text_start__ = .
 *(.text .text.* .glue_7t .glue_7 .gnu.linkonce.t.* .gcc_except_table .ARM.extab* .gnu.linkonce.armextab.*)
 .glue_7        0x00000000        0x0 linker stubs
 .glue_7t       0x00000000        0x0 linker stubs
 .text.NVIC_SetPriorityGrouping
                0x20070318       0x48 due_rowley_rtos THUMB RAM Debug/main.o
 .text.osc_get_rate
                0x20070360       0x74 due_rowley_rtos THUMB RAM Debug/main.o
 .text.sysclk_get_main_hz
                0x200703d4       0x18 due_rowley_rtos THUMB RAM Debug/main.o
 .text.sysclk_get_peripheral_hz
                0x200703ec       0x10 due_rowley_rtos THUMB RAM Debug/main.o
 .text.sysclk_enable_peripheral_clock
                0x200703fc       0x14 due_rowley_rtos THUMB RAM Debug/main.o
 .text.spi_enable
                0x20070410       0x18 due_rowley_rtos THUMB RAM Debug/main.o
 .text.UARTWriteChar
                0x20070428       0x2c due_rowley_rtos THUMB RAM Debug/main.o
 .text.__putchar
                0x20070454       0x24 due_rowley_rtos THUMB RAM Debug/main.o
                0x20070454                __putchar
 .text.main     0x20070478      0x100 due_rowley_rtos THUMB RAM Debug/main.o
                0x20070478                main
 .text.vApplicationMallocFailedHook
                0x20070578        0xc due_rowley_rtos THUMB RAM Debug/main.o
                0x20070578                vApplicationMallocFailedHook
 .text.vApplicationStackOverflowHook
                0x20070584       0x10 due_rowley_rtos THUMB RAM Debug/main.o
                0x20070584                vApplicationStackOverflowHook
 .text.prvSetupHardware
                0x20070594       0x58 due_rowley_rtos THUMB RAM Debug/main.o
 .text.BlinkTask
                0x200705ec       0x48 due_rowley_rtos THUMB RAM Debug/main.o
 .text.PeriodicTask
                0x20070634       0x20 due_rowley_rtos THUMB RAM Debug/main.o
 .text.vAdcTask
                0x20070654       0x58 due_rowley_rtos THUMB RAM Debug/main.o
 .text.DhtTask  0x200706ac       0x5c due_rowley_rtos THUMB RAM Debug/main.o
 .text.board_set_led
                0x20070708       0x30 due_rowley_rtos THUMB RAM Debug/main.o
                0x20070708                board_set_led
 .text.board_toggle_led
                0x20070738       0x34 due_rowley_rtos THUMB RAM Debug/main.o
                0x20070738                board_toggle_led
 .text.delay    0x2007076c       0x2c due_rowley_rtos THUMB RAM Debug/main.o
                0x2007076c                delay
 .text.setup_io_pin
                0x20070798       0x28 due_rowley_rtos THUMB RAM Debug/main.o
                0x20070798                setup_io_pin
 .text.configure_console
                0x200707c0       0x48 due_rowley_rtos THUMB RAM Debug/main.o
 .text.sysclk_enable_peripheral_clock
                0x20070808       0x14 due_rowley_rtos THUMB RAM Debug/init.o
 .text.ioport_init
                0x2007081c       0x20 due_rowley_rtos THUMB RAM Debug/init.o
 .text.board_init
                0x2007083c       0xac due_rowley_rtos THUMB RAM Debug/init.o
                0x2007083c                board_init
 .text.Dummy_Handler
                0x200708e8        0x8 due_rowley_rtos THUMB RAM Debug/exceptions.o
                0x200708e8                DACC_Handler
                0x200708e8                DebugMon_Handler
                0x200708e8                DMAC_Handler
                0x200708e8                TRNG_Handler
                0x200708e8                HardFault_Handler
                0x200708e8                TC2_Handler
                0x200708e8                TWI1_Handler
                0x200708e8                NMI_Handler
                0x200708e8                TC7_Handler
                0x200708e8                ADC_Handler
                0x200708e8                SMC_Handler
                0x200708e8                RTT_Handler
                0x200708e8                EFC1_Handler
                0x200708e8                RTC_Handler
                0x200708e8                UsageFault_Handler
                0x200708e8                TC6_Handler
                0x200708e8                WDT_Handler
                0x200708e8                CAN0_Handler
                0x200708e8                TC4_Handler
                0x200708e8                TC1_Handler
                0x200708e8                HSMCI_Handler
                0x200708e8                TC3_Handler
                0x200708e8                Dummy_Handler
                0x200708e8                TWI0_Handler
                0x200708e8                SSC_Handler
                0x200708e8                EFC0_Handler
                0x200708e8                PMC_Handler
                0x200708e8                PWM_Handler
                0x200708e8                CAN1_Handler
                0x200708e8                MemManage_Handler
                0x200708e8                SUPC_Handler
                0x200708e8                TC8_Handler
                0x200708e8                EMAC_Handler
                0x200708e8                BusFault_Handler
                0x200708e8                RSTC_Handler
                0x200708e8                TC0_Handler
                0x200708e8                TC5_Handler
                0x200708e8                UOTGHS_Handler
                0x200708e8                SPI0_Handler
 .text.pio_pull_up
                0x200708f0       0x2c due_rowley_rtos THUMB RAM Debug/pio.o
                0x200708f0                pio_pull_up
 .text.pio_set  0x2007091c       0x1c due_rowley_rtos THUMB RAM Debug/pio.o
                0x2007091c                pio_set
 .text.pio_clear
                0x20070938       0x1c due_rowley_rtos THUMB RAM Debug/pio.o
                0x20070938                pio_clear
 .text.pio_get  0x20070954       0x48 due_rowley_rtos THUMB RAM Debug/pio.o
                0x20070954                pio_get
 .text.pio_set_peripheral
                0x2007099c       0x80 due_rowley_rtos THUMB RAM Debug/pio.o
                0x2007099c                pio_set_peripheral
 .text.pio_set_input
                0x20070a1c       0x74 due_rowley_rtos THUMB RAM Debug/pio.o
                0x20070a1c                pio_set_input
 .text.pio_set_output
                0x20070a90       0x5c due_rowley_rtos THUMB RAM Debug/pio.o
                0x20070a90                pio_set_output
 .text.pio_disable_interrupt
                0x20070aec       0x1c due_rowley_rtos THUMB RAM Debug/pio.o
                0x20070aec                pio_disable_interrupt
 .text.pio_get_interrupt_status
                0x20070b08       0x18 due_rowley_rtos THUMB RAM Debug/pio.o
                0x20070b08                pio_get_interrupt_status
 .text.pio_get_interrupt_mask
                0x20070b20       0x18 due_rowley_rtos THUMB RAM Debug/pio.o
                0x20070b20                pio_get_interrupt_mask
 .text.pio_configure_pin
                0x20070b38      0x124 due_rowley_rtos THUMB RAM Debug/pio.o
                0x20070b38                pio_configure_pin
 .text.pio_configure_pin_group
                0x20070c5c       0xd0 due_rowley_rtos THUMB RAM Debug/pio.o
                0x20070c5c                pio_configure_pin_group
 .text.pio_get_pin_group
                0x20070d2c       0x28 due_rowley_rtos THUMB RAM Debug/pio.o
                0x20070d2c                pio_get_pin_group
 .text.pio_handler_process
                0x20070d54       0xa4 due_rowley_rtos THUMB RAM Debug/pio_handler.o
                0x20070d54                pio_handler_process
 .text.PIOA_Handler
                0x20070df8       0x14 due_rowley_rtos THUMB RAM Debug/pio_handler.o
                0x20070df8                PIOA_Handler
 .text.PIOB_Handler
                0x20070e0c       0x14 due_rowley_rtos THUMB RAM Debug/pio_handler.o
                0x20070e0c                PIOB_Handler
 .text.PIOC_Handler
                0x20070e20       0x14 due_rowley_rtos THUMB RAM Debug/pio_handler.o
                0x20070e20                PIOC_Handler
 .text.PIOD_Handler
                0x20070e34       0x14 due_rowley_rtos THUMB RAM Debug/pio_handler.o
                0x20070e34                PIOD_Handler
 .text.osc_enable
                0x20070e48       0x78 due_rowley_rtos THUMB RAM Debug/sysclk.o
 .text.osc_is_ready
                0x20070ec0       0x68 due_rowley_rtos THUMB RAM Debug/sysclk.o
 .text.osc_get_rate
                0x20070f28       0x74 due_rowley_rtos THUMB RAM Debug/sysclk.o
 .text.osc_wait_ready
                0x20070f9c       0x28 due_rowley_rtos THUMB RAM Debug/sysclk.o
 .text.pll_config_init
                0x20070fc4       0x64 due_rowley_rtos THUMB RAM Debug/sysclk.o
 .text.pll_enable
                0x20071028       0x38 due_rowley_rtos THUMB RAM Debug/sysclk.o
 .text.pll_is_locked
                0x20071060       0x24 due_rowley_rtos THUMB RAM Debug/sysclk.o
 .text.pll_enable_source
                0x20071084       0x2c due_rowley_rtos THUMB RAM Debug/sysclk.o
 .text.pll_wait_for_lock
                0x200710b0       0x20 due_rowley_rtos THUMB RAM Debug/sysclk.o
 .text.sysclk_get_main_hz
                0x200710d0       0x18 due_rowley_rtos THUMB RAM Debug/sysclk.o
 .text.sysclk_get_cpu_hz
                0x200710e8       0x10 due_rowley_rtos THUMB RAM Debug/sysclk.o
 .text.sysclk_init
                0x200710f8       0x50 due_rowley_rtos THUMB RAM Debug/sysclk.o
                0x200710f8                sysclk_init
 .text.pmc_switch_mck_to_pllack
                0x20071148       0x84 due_rowley_rtos THUMB RAM Debug/pmc.o
                0x20071148                pmc_switch_mck_to_pllack
 .text.pmc_switch_sclk_to_32kxtal
                0x200711cc       0x38 due_rowley_rtos THUMB RAM Debug/pmc.o
                0x200711cc                pmc_switch_sclk_to_32kxtal
 .text.pmc_osc_is_ready_32kxtal
                0x20071204       0x34 due_rowley_rtos THUMB RAM Debug/pmc.o
                0x20071204                pmc_osc_is_ready_32kxtal
 .text.pmc_switch_mainck_to_fastrc
                0x20071238       0x70 due_rowley_rtos THUMB RAM Debug/pmc.o
                0x20071238                pmc_switch_mainck_to_fastrc
 .text.pmc_switch_mainck_to_xtal
                0x200712a8       0x78 due_rowley_rtos THUMB RAM Debug/pmc.o
                0x200712a8                pmc_switch_mainck_to_xtal
 .text.pmc_osc_is_ready_mainck
                0x20071320       0x1c due_rowley_rtos THUMB RAM Debug/pmc.o
                0x20071320                pmc_osc_is_ready_mainck
 .text.pmc_disable_pllack
                0x2007133c       0x18 due_rowley_rtos THUMB RAM Debug/pmc.o
                0x2007133c                pmc_disable_pllack
 .text.pmc_is_locked_pllack
                0x20071354       0x1c due_rowley_rtos THUMB RAM Debug/pmc.o
                0x20071354                pmc_is_locked_pllack
 .text.pmc_is_locked_upll
                0x20071370       0x1c due_rowley_rtos THUMB RAM Debug/pmc.o
                0x20071370                pmc_is_locked_upll
 .text.pmc_enable_periph_clk
                0x2007138c       0x84 due_rowley_rtos THUMB RAM Debug/pmc.o
                0x2007138c                pmc_enable_periph_clk
 .text.sd_mmc_init
                0x20071410       0x4c due_rowley_rtos THUMB RAM Debug/sd_mmc.o
                0x20071410                sd_mmc_init
 .text.spi_enable
                0x2007145c       0x18 due_rowley_rtos THUMB RAM Debug/sd_mmc_spi.o
 .text.spi_is_enabled
                0x20071474       0x28 due_rowley_rtos THUMB RAM Debug/sd_mmc_spi.o
 .text.sd_mmc_spi_init
                0x2007149c       0x2c due_rowley_rtos THUMB RAM Debug/sd_mmc_spi.o
                0x2007149c                sd_mmc_spi_init
 .text.osc_get_rate
                0x200714c8       0x74 due_rowley_rtos THUMB RAM Debug/spi_master.o
 .text.sysclk_get_main_hz
                0x2007153c       0x18 due_rowley_rtos THUMB RAM Debug/spi_master.o
 .text.sysclk_get_cpu_hz
                0x20071554       0x10 due_rowley_rtos THUMB RAM Debug/spi_master.o
 .text.spi_reset
                0x20071564       0x18 due_rowley_rtos THUMB RAM Debug/spi_master.o
 .text.spi_set_lastxfer
                0x2007157c       0x1c due_rowley_rtos THUMB RAM Debug/spi_master.o
 .text.spi_set_master_mode
                0x20071598       0x20 due_rowley_rtos THUMB RAM Debug/spi_master.o
 .text.spi_disable_peripheral_select_decode
                0x200715b8       0x20 due_rowley_rtos THUMB RAM Debug/spi_master.o
 .text.spi_get_peripheral_select_decode_setting
                0x200715d8       0x28 due_rowley_rtos THUMB RAM Debug/spi_master.o
 .text.spi_disable_mode_fault_detect
                0x20071600       0x20 due_rowley_rtos THUMB RAM Debug/spi_master.o
 .text.spi_disable_loopback
                0x20071620       0x20 due_rowley_rtos THUMB RAM Debug/spi_master.o
 .text.spi_is_tx_empty
                0x20071640       0x28 due_rowley_rtos THUMB RAM Debug/spi_master.o
 .text.spi_master_init
                0x20071668       0x44 due_rowley_rtos THUMB RAM Debug/spi_master.o
                0x20071668                spi_master_init
 .text.spi_master_setup_device
                0x200716ac       0xa0 due_rowley_rtos THUMB RAM Debug/spi_master.o
                0x200716ac                spi_master_setup_device
 .text.spi_select_device
                0x2007174c       0x64 due_rowley_rtos THUMB RAM Debug/spi_master.o
                0x2007174c                spi_select_device
 .text.spi_deselect_device
                0x200717b0       0x2c due_rowley_rtos THUMB RAM Debug/spi_master.o
                0x200717b0                spi_deselect_device
 .text.sysclk_enable_peripheral_clock
                0x200717dc       0x14 due_rowley_rtos THUMB RAM Debug/spi.o
 .text.spi_enable_clock
                0x200717f0       0x20 due_rowley_rtos THUMB RAM Debug/spi.o
                0x200717f0                spi_enable_clock
 .text.spi_set_peripheral_chip_select_value
                0x20071810       0x3c due_rowley_rtos THUMB RAM Debug/spi.o
                0x20071810                spi_set_peripheral_chip_select_value
 .text.spi_set_delay_between_chip_select
                0x2007184c       0x30 due_rowley_rtos THUMB RAM Debug/spi.o
                0x2007184c                spi_set_delay_between_chip_select
 .text.spi_set_clock_polarity
                0x2007187c       0x50 due_rowley_rtos THUMB RAM Debug/spi.o
                0x2007187c                spi_set_clock_polarity
 .text.spi_set_clock_phase
                0x200718cc       0x50 due_rowley_rtos THUMB RAM Debug/spi.o
                0x200718cc                spi_set_clock_phase
 .text.spi_configure_cs_behavior
                0x2007191c       0xa4 due_rowley_rtos THUMB RAM Debug/spi.o
                0x2007191c                spi_configure_cs_behavior
 .text.spi_set_bits_per_transfer
                0x200719c0       0x48 due_rowley_rtos THUMB RAM Debug/spi.o
                0x200719c0                spi_set_bits_per_transfer
 .text.spi_calc_baudrate_div
                0x20071a08       0x40 due_rowley_rtos THUMB RAM Debug/spi.o
                0x20071a08                spi_calc_baudrate_div
 .text.spi_set_baudrate_div
                0x20071a48       0x50 due_rowley_rtos THUMB RAM Debug/spi.o
                0x20071a48                spi_set_baudrate_div
 .text.spi_set_transfer_delay
                0x20071a98       0x54 due_rowley_rtos THUMB RAM Debug/spi.o
                0x20071a98                spi_set_transfer_delay
 .text.adc_start
                0x20071aec       0x18 due_rowley_rtos THUMB RAM Debug/adc.o
                0x20071aec                adc_start
 .text.adc_get_latest_value
                0x20071b04       0x18 due_rowley_rtos THUMB RAM Debug/adc.o
                0x20071b04                adc_get_latest_value
 .text.adc_get_status
                0x20071b1c       0x18 due_rowley_rtos THUMB RAM Debug/adc.o
                0x20071b1c                adc_get_status
 .text.uart_init
                0x20071b34       0x64 due_rowley_rtos THUMB RAM Debug/uart.o
                0x20071b34                uart_init
 .text.uart_enable_tx
                0x20071b98       0x18 due_rowley_rtos THUMB RAM Debug/uart.o
                0x20071b98                uart_enable_tx
 .text.uart_disable_tx
                0x20071bb0       0x18 due_rowley_rtos THUMB RAM Debug/uart.o
                0x20071bb0                uart_disable_tx
 .text.uart_enable_rx
                0x20071bc8       0x18 due_rowley_rtos THUMB RAM Debug/uart.o
                0x20071bc8                uart_enable_rx
 .text.uart_disable_rx
                0x20071be0       0x18 due_rowley_rtos THUMB RAM Debug/uart.o
                0x20071be0                uart_disable_rx
 .text.uart_enable_interrupt
                0x20071bf8       0x1c due_rowley_rtos THUMB RAM Debug/uart.o
                0x20071bf8                uart_enable_interrupt
 .text.uart_disable_interrupt
                0x20071c14       0x1c due_rowley_rtos THUMB RAM Debug/uart.o
                0x20071c14                uart_disable_interrupt
 .text.uart_get_interrupt_mask
                0x20071c30       0x18 due_rowley_rtos THUMB RAM Debug/uart.o
                0x20071c30                uart_get_interrupt_mask
 .text.uart_get_status
                0x20071c48       0x18 due_rowley_rtos THUMB RAM Debug/uart.o
                0x20071c48                uart_get_status
 .text.uart_reset_status
                0x20071c60       0x1c due_rowley_rtos THUMB RAM Debug/uart.o
                0x20071c60                uart_reset_status
 .text.usart_enable_interrupt
                0x20071c7c       0x1c due_rowley_rtos THUMB RAM Debug/usart.o
                0x20071c7c                usart_enable_interrupt
 .text.usart_disable_interrupt
                0x20071c98       0x1c due_rowley_rtos THUMB RAM Debug/usart.o
                0x20071c98                usart_disable_interrupt
 .text.usart_get_interrupt_mask
                0x20071cb4       0x18 due_rowley_rtos THUMB RAM Debug/usart.o
                0x20071cb4                usart_get_interrupt_mask
 .text.usart_get_status
                0x20071ccc       0x18 due_rowley_rtos THUMB RAM Debug/usart.o
                0x20071ccc                usart_get_status
 .text.usart_reset_status
                0x20071ce4       0x1c due_rowley_rtos THUMB RAM Debug/usart.o
                0x20071ce4                usart_reset_status
 .text.usart_start_rx_timeout
                0x20071d00       0x1c due_rowley_rtos THUMB RAM Debug/usart.o
                0x20071d00                usart_start_rx_timeout
 .text.pdc_rx_init
                0x20071d1c       0x44 due_rowley_rtos THUMB RAM Debug/pdc.o
                0x20071d1c                pdc_rx_init
 .text.pdc_enable_transfer
                0x20071d60       0x20 due_rowley_rtos THUMB RAM Debug/pdc.o
                0x20071d60                pdc_enable_transfer
 .text.pdc_disable_transfer
                0x20071d80       0x20 due_rowley_rtos THUMB RAM Debug/pdc.o
                0x20071d80                pdc_disable_transfer
 .text.osc_get_rate
                0x20071da0       0x74 due_rowley_rtos THUMB RAM Debug/dht11.o
 .text.sysclk_get_main_hz
                0x20071e14       0x18 due_rowley_rtos THUMB RAM Debug/dht11.o
 .text.sysclk_get_cpu_hz
                0x20071e2c       0x10 due_rowley_rtos THUMB RAM Debug/dht11.o
 *fill*         0x20071e3c        0x4 
 .text.dht_read_sensor
                0x20071e40      0x328 due_rowley_rtos THUMB RAM Debug/dht11.o
                0x20071e40                dht_read_sensor
 .text.osc_get_rate
                0x20072168       0x74 due_rowley_rtos THUMB RAM Debug/ili9341.o
 .text.sysclk_get_main_hz
                0x200721dc       0x18 due_rowley_rtos THUMB RAM Debug/ili9341.o
 .text.sysclk_get_cpu_hz
                0x200721f4       0x10 due_rowley_rtos THUMB RAM Debug/ili9341.o
 .text.spi_put  0x20072204       0x1c due_rowley_rtos THUMB RAM Debug/ili9341.o
 .text.spi_write_single
                0x20072220       0x20 due_rowley_rtos THUMB RAM Debug/ili9341.o
 .text.ILI9341_command
                0x20072240       0x40 due_rowley_rtos THUMB RAM Debug/ili9341.o
                0x20072240                ILI9341_command
 .text.ILI9341_data
                0x20072280       0x40 due_rowley_rtos THUMB RAM Debug/ili9341.o
                0x20072280                ILI9341_data
 .text.ILI9341_data16
                0x200722c0       0x2c due_rowley_rtos THUMB RAM Debug/ili9341.o
                0x200722c0                ILI9341_data16
 .text.ILI9341_init
                0x200722ec      0x3c0 due_rowley_rtos THUMB RAM Debug/ili9341.o
                0x200722ec                ILI9341_init
 .text.ILI9341_set_col
                0x200726ac       0x2c due_rowley_rtos THUMB RAM Debug/ili9341.o
                0x200726ac                ILI9341_set_col
 .text.ILI9341_set_page
                0x200726d8       0x2c due_rowley_rtos THUMB RAM Debug/ili9341.o
                0x200726d8                ILI9341_set_page
 .text.ILI9341_fill_screen
                0x20072704       0x50 due_rowley_rtos THUMB RAM Debug/ili9341.o
                0x20072704                ILI9341_fill_screen
 .text.SystemInit
                0x20072754       0xd0 due_rowley_rtos THUMB RAM Debug/system_sam.o
                0x20072754                SystemInit
 .text.SystemCoreClockUpdate
                0x20072824      0x180 due_rowley_rtos THUMB RAM Debug/system_sam.o
                0x20072824                SystemCoreClockUpdate
 .text.system_init_flash
                0x200729a4       0xa0 due_rowley_rtos THUMB RAM Debug/system_sam.o
                0x200729a4                system_init_flash
 .text.vListInitialise
                0x20072a44       0x40 due_rowley_rtos THUMB RAM Debug/list.o
                0x20072a44                vListInitialise
 .text.vListInitialiseItem
                0x20072a84       0x18 due_rowley_rtos THUMB RAM Debug/list.o
                0x20072a84                vListInitialiseItem
 .text.vListInsertEnd
                0x20072a9c       0x48 due_rowley_rtos THUMB RAM Debug/list.o
                0x20072a9c                vListInsertEnd
 .text.vListInsert
                0x20072ae4       0x70 due_rowley_rtos THUMB RAM Debug/list.o
                0x20072ae4                vListInsert
 .text.uxListRemove
                0x20072b54       0x54 due_rowley_rtos THUMB RAM Debug/list.o
                0x20072b54                uxListRemove
 .text.xQueueGenericReset
                0x20072ba8       0xa8 due_rowley_rtos THUMB RAM Debug/queue.o
                0x20072ba8                xQueueGenericReset
 .text.xQueueGenericCreate
                0x20072c50       0x7c due_rowley_rtos THUMB RAM Debug/queue.o
                0x20072c50                xQueueGenericCreate
 .text.xQueueCreateMutex
                0x20072ccc       0x88 due_rowley_rtos THUMB RAM Debug/queue.o
                0x20072ccc                xQueueCreateMutex
 .text.xQueueCreateCountingSemaphore
                0x20072d54       0x54 due_rowley_rtos THUMB RAM Debug/queue.o
                0x20072d54                xQueueCreateCountingSemaphore
 .text.xQueueGenericSend
                0x20072da8      0x178 due_rowley_rtos THUMB RAM Debug/queue.o
                0x20072da8                xQueueGenericSend
 .text.xQueueGenericSendFromISR
                0x20072f20       0xe8 due_rowley_rtos THUMB RAM Debug/queue.o
                0x20072f20                xQueueGenericSendFromISR
 .text.xQueueGenericReceive
                0x20073008      0x1a8 due_rowley_rtos THUMB RAM Debug/queue.o
                0x20073008                xQueueGenericReceive
 .text.prvCopyDataToQueue
                0x200731b0       0xdc due_rowley_rtos THUMB RAM Debug/queue.o
 .text.prvCopyDataFromQueue
                0x2007328c       0x4c due_rowley_rtos THUMB RAM Debug/queue.o
 .text.prvUnlockQueue
                0x200732d8       0x98 due_rowley_rtos THUMB RAM Debug/queue.o
 .text.prvIsQueueEmpty
                0x20073370       0x2c due_rowley_rtos THUMB RAM Debug/queue.o
 .text.prvIsQueueFull
                0x2007339c       0x30 due_rowley_rtos THUMB RAM Debug/queue.o
 .text.vQueueAddToRegistry
                0x200733cc       0x50 due_rowley_rtos THUMB RAM Debug/queue.o
                0x200733cc                vQueueAddToRegistry
 .text.vQueueWaitForMessageRestricted
                0x2007341c       0x58 due_rowley_rtos THUMB RAM Debug/queue.o
                0x2007341c                vQueueWaitForMessageRestricted
 .text.xTaskGenericCreate
                0x20073474      0x150 due_rowley_rtos THUMB RAM Debug/tasks.o
                0x20073474                xTaskGenericCreate
 .text.vTaskDelay
                0x200735c4       0x84 due_rowley_rtos THUMB RAM Debug/tasks.o
                0x200735c4                vTaskDelay
 .text.vTaskStartScheduler
                0x20073648       0x70 due_rowley_rtos THUMB RAM Debug/tasks.o
                0x20073648                vTaskStartScheduler
 .text.vTaskSuspendAll
                0x200736b8       0x1c due_rowley_rtos THUMB RAM Debug/tasks.o
                0x200736b8                vTaskSuspendAll
 .text.xTaskResumeAll
                0x200736d4       0xfc due_rowley_rtos THUMB RAM Debug/tasks.o
                0x200736d4                xTaskResumeAll
 .text.xTaskGetTickCount
                0x200737d0       0x24 due_rowley_rtos THUMB RAM Debug/tasks.o
                0x200737d0                xTaskGetTickCount
 .text.xTaskIncrementTick
                0x200737f4      0x128 due_rowley_rtos THUMB RAM Debug/tasks.o
                0x200737f4                xTaskIncrementTick
 .text.vTaskSwitchContext
                0x2007391c      0x104 due_rowley_rtos THUMB RAM Debug/tasks.o
                0x2007391c                vTaskSwitchContext
 .text.vTaskPlaceOnEventList
                0x20073a20       0x8c due_rowley_rtos THUMB RAM Debug/tasks.o
                0x20073a20                vTaskPlaceOnEventList
 .text.vTaskPlaceOnEventListRestricted
                0x20073aac       0x70 due_rowley_rtos THUMB RAM Debug/tasks.o
                0x20073aac                vTaskPlaceOnEventListRestricted
 .text.xTaskRemoveFromEventList
                0x20073b1c       0xb4 due_rowley_rtos THUMB RAM Debug/tasks.o
                0x20073b1c                xTaskRemoveFromEventList
 .text.vTaskSetTimeOutState
                0x20073bd0       0x34 due_rowley_rtos THUMB RAM Debug/tasks.o
                0x20073bd0                vTaskSetTimeOutState
 .text.xTaskCheckForTimeOut
                0x20073c04       0xa0 due_rowley_rtos THUMB RAM Debug/tasks.o
                0x20073c04                xTaskCheckForTimeOut
 .text.vTaskMissedYield
                0x20073ca4       0x18 due_rowley_rtos THUMB RAM Debug/tasks.o
                0x20073ca4                vTaskMissedYield
 .text.prvIdleTask
                0x20073cbc       0x14 due_rowley_rtos THUMB RAM Debug/tasks.o
                0x20073cbc                prvIdleTask
 .text.prvInitialiseTCBVariables
                0x20073cd0       0x94 due_rowley_rtos THUMB RAM Debug/tasks.o
                0x20073cd0                prvInitialiseTCBVariables
 .text.prvInitialiseTaskLists
                0x20073d64       0x7c due_rowley_rtos THUMB RAM Debug/tasks.o
                0x20073d64                prvInitialiseTaskLists
 .text.prvCheckTasksWaitingTermination
                0x20073de0       0x74 due_rowley_rtos THUMB RAM Debug/tasks.o
                0x20073de0                prvCheckTasksWaitingTermination
 .text.prvAddCurrentTaskToDelayedList
                0x20073e54       0x6c due_rowley_rtos THUMB RAM Debug/tasks.o
                0x20073e54                prvAddCurrentTaskToDelayedList
 .text.prvAllocateTCBAndStack
                0x20073ec0       0x64 due_rowley_rtos THUMB RAM Debug/tasks.o
                0x20073ec0                prvAllocateTCBAndStack
 .text.prvDeleteTCB
                0x20073f24       0x20 due_rowley_rtos THUMB RAM Debug/tasks.o
                0x20073f24                prvDeleteTCB
 .text.prvResetNextTaskUnblockTime
                0x20073f44       0x48 due_rowley_rtos THUMB RAM Debug/tasks.o
                0x20073f44                prvResetNextTaskUnblockTime
 .text.xTaskGetSchedulerState
                0x20073f8c       0x3c due_rowley_rtos THUMB RAM Debug/tasks.o
                0x20073f8c                xTaskGetSchedulerState
 .text.vTaskPriorityInherit
                0x20073fc8       0xec due_rowley_rtos THUMB RAM Debug/tasks.o
                0x20073fc8                vTaskPriorityInherit
 .text.xTaskPriorityDisinherit
                0x200740b4       0xd8 due_rowley_rtos THUMB RAM Debug/tasks.o
                0x200740b4                xTaskPriorityDisinherit
 .text.pvTaskIncrementMutexHeldCount
                0x2007418c       0x28 due_rowley_rtos THUMB RAM Debug/tasks.o
                0x2007418c                pvTaskIncrementMutexHeldCount
 .text.xTimerCreateTimerTask
                0x200741b4       0x58 due_rowley_rtos THUMB RAM Debug/timers.o
                0x200741b4                xTimerCreateTimerTask
 .text.xTimerGenericCommand
                0x2007420c       0x8c due_rowley_rtos THUMB RAM Debug/timers.o
                0x2007420c                xTimerGenericCommand
 .text.prvProcessExpiredTimer
                0x20074298       0x70 due_rowley_rtos THUMB RAM Debug/timers.o
 .text.prvTimerTask
                0x20074308       0x24 due_rowley_rtos THUMB RAM Debug/timers.o
 .text.prvProcessTimerOrBlockTask
                0x2007432c       0x6c due_rowley_rtos THUMB RAM Debug/timers.o
 .text.prvGetNextExpireTime
                0x20074398       0x48 due_rowley_rtos THUMB RAM Debug/timers.o
 .text.prvSampleTimeNow
                0x200743e0       0x40 due_rowley_rtos THUMB RAM Debug/timers.o
 .text.prvInsertTimerInActiveList
                0x20074420       0x84 due_rowley_rtos THUMB RAM Debug/timers.o
 .text.prvProcessReceivedCommands
                0x200744a4      0x110 due_rowley_rtos THUMB RAM Debug/timers.o
 .text.prvSwitchTimerLists
                0x200745b4       0xb0 due_rowley_rtos THUMB RAM Debug/timers.o
 .text.prvCheckForValidListAndQueue
                0x20074664       0x78 due_rowley_rtos THUMB RAM Debug/timers.o
 .text.pxPortInitialiseStack
                0x200746dc       0x58 due_rowley_rtos THUMB RAM Debug/port.o
                0x200746dc                pxPortInitialiseStack
 .text.prvTaskExitError
                0x20074734       0x20 due_rowley_rtos THUMB RAM Debug/port.o
 .text.SVC_Handler
                0x20074754       0x24 due_rowley_rtos THUMB RAM Debug/port.o
                0x20074754                SVC_Handler
 .text.prvPortStartFirstTask
                0x20074778       0x20 due_rowley_rtos THUMB RAM Debug/port.o
 .text.xPortStartScheduler
                0x20074798       0xbc due_rowley_rtos THUMB RAM Debug/port.o
                0x20074798                xPortStartScheduler
 .text.vPortYield
                0x20074854       0x20 due_rowley_rtos THUMB RAM Debug/port.o
                0x20074854                vPortYield
 .text.vPortEnterCritical
                0x20074874       0x40 due_rowley_rtos THUMB RAM Debug/port.o
                0x20074874                vPortEnterCritical
 .text.vPortExitCritical
                0x200748b4       0x30 due_rowley_rtos THUMB RAM Debug/port.o
                0x200748b4                vPortExitCritical
 .text.ulPortSetInterruptMask
                0x200748e4       0x14 due_rowley_rtos THUMB RAM Debug/port.o
                0x200748e4                ulPortSetInterruptMask
 .text.vPortClearInterruptMask
                0x200748f8        0x8 due_rowley_rtos THUMB RAM Debug/port.o
                0x200748f8                vPortClearInterruptMask
 .text.PendSV_Handler
                0x20074900       0x44 due_rowley_rtos THUMB RAM Debug/port.o
                0x20074900                PendSV_Handler
 .text.SysTick_Handler
                0x20074944       0x28 due_rowley_rtos THUMB RAM Debug/port.o
                0x20074944                SysTick_Handler
 .text.vPortSetupTimerInterrupt
                0x2007496c       0x24 due_rowley_rtos THUMB RAM Debug/port.o
                0x2007496c                vPortSetupTimerInterrupt
 .text.vPortValidateInterruptPriority
                0x20074990       0x58 due_rowley_rtos THUMB RAM Debug/port.o
                0x20074990                vPortValidateInterruptPriority
 .text.freertos_uart_serial_init
                0x200749e8      0x284 due_rowley_rtos THUMB RAM Debug/freertos_uart_serial.o
                0x200749e8                freertos_uart_serial_init
 .text.configure_rx_dma
                0x20074c6c       0xf4 due_rowley_rtos THUMB RAM Debug/freertos_uart_serial.o
 .text.local_uart_handler
                0x20074d60      0x1a4 due_rowley_rtos THUMB RAM Debug/freertos_uart_serial.o
 .text.UART_Handler
                0x20074f04        0xc due_rowley_rtos THUMB RAM Debug/freertos_uart_serial.o
                0x20074f04                UART_Handler
 .text.configure_rx_dma
                0x20074f10       0xf8 due_rowley_rtos THUMB RAM Debug/freertos_usart_serial.o
 .text.local_usart_handler
                0x20075008      0x1b8 due_rowley_rtos THUMB RAM Debug/freertos_usart_serial.o
 .text.USART0_Handler
                0x200751c0        0xc due_rowley_rtos THUMB RAM Debug/freertos_usart_serial.o
                0x200751c0                USART0_Handler
 .text.USART1_Handler
                0x200751cc        0xc due_rowley_rtos THUMB RAM Debug/freertos_usart_serial.o
                0x200751cc                USART1_Handler
 .text.USART2_Handler
                0x200751d8        0xc due_rowley_rtos THUMB RAM Debug/freertos_usart_serial.o
                0x200751d8                USART2_Handler
 .text.USART3_Handler
                0x200751e4        0xc due_rowley_rtos THUMB RAM Debug/freertos_usart_serial.o
                0x200751e4                USART3_Handler
 .text.NVIC_EnableIRQ
                0x200751f0       0x30 due_rowley_rtos THUMB RAM Debug/freertos_peripheral_control.o
 .text.NVIC_ClearPendingIRQ
                0x20075220       0x34 due_rowley_rtos THUMB RAM Debug/freertos_peripheral_control.o
 .text.NVIC_SetPriority
                0x20075254       0x54 due_rowley_rtos THUMB RAM Debug/freertos_peripheral_control.o
 .text.get_pdc_peripheral_details
                0x200752a8       0x40 due_rowley_rtos THUMB RAM Debug/freertos_peripheral_control.o
                0x200752a8                get_pdc_peripheral_details
 .text.check_requested_operating_mode
                0x200752e8       0x48 due_rowley_rtos THUMB RAM Debug/freertos_peripheral_control.o
                0x200752e8                check_requested_operating_mode
 .text.create_peripheral_control_semaphores
                0x20075330       0xf0 due_rowley_rtos THUMB RAM Debug/freertos_peripheral_control.o
                0x20075330                create_peripheral_control_semaphores
 .text.configure_interrupt_controller
                0x20075420       0x4c due_rowley_rtos THUMB RAM Debug/freertos_peripheral_control.o
                0x20075420                configure_interrupt_controller
 .text.pvPortMalloc
                0x2007546c      0x160 due_rowley_rtos THUMB RAM Debug/heap_4.o
                0x2007546c                pvPortMalloc
 .text.vPortFree
                0x200755cc       0x94 due_rowley_rtos THUMB RAM Debug/heap_4.o
                0x200755cc                vPortFree
 .text.prvHeapInit
                0x20075660       0xc4 due_rowley_rtos THUMB RAM Debug/heap_4.o
 .text.prvInsertBlockIntoFreeList
                0x20075724       0xb0 due_rowley_rtos THUMB RAM Debug/heap_4.o
 .text.libc.__int64_udivmod
                0x200757d4       0x60 /usr/share/crossworks_for_arm_3.3/lib/libc_v7m_t_le_eabi.a(libc_asm.o)
                0x200757d4                __int64_udivmod
                0x200757d4                __aeabi_uldivmod
                0x200757d4                __int64_udiv
                0x200757d4                __udivdi3
 .text.libc.__RAL_pow10
                0x20075834       0x54 /usr/share/crossworks_for_arm_3.3/lib/libc_v7m_t_le_eabi.a(libc2.o)
                0x20075834                __RAL_pow10
 .text.libc.__putc
                0x20075888       0x34 /usr/share/crossworks_for_arm_3.3/lib/libc_v7m_t_le_eabi.a(libc2.o)
                0x20075888                __putc
 .text.libc.__RAL_print_padding
                0x200758bc       0x1c /usr/share/crossworks_for_arm_3.3/lib/libc_v7m_t_le_eabi.a(libc2.o)
                0x200758bc                __RAL_print_padding
 .text.libc.__RAL_pre_padding
                0x200758d8       0x1c /usr/share/crossworks_for_arm_3.3/lib/libc_v7m_t_le_eabi.a(libc2.o)
                0x200758d8                __RAL_pre_padding
 .text.libc.abs
                0x200758f4        0x8 /usr/share/crossworks_for_arm_3.3/lib/libc_v7m_t_le_eabi.a(libc2.o)
                0x200758f4                abs
 .text.libc.__aeabi_errno_addr
                0x200758fc       0x14 /usr/share/crossworks_for_arm_3.3/lib/libc_v7m_t_le_eabi.a(libc2.o)
                0x200758fc                __aeabi_errno_addr
 .text.libc.memcmp
                0x20075910       0x38 /usr/share/crossworks_for_arm_3.3/lib/libc_v7m_t_le_eabi.a(libc2.o)
                0x20075910                memcmp
 .text.libc.printf
                0x20075948       0x40 /usr/share/crossworks_for_arm_3.3/lib/libc_v7m_t_le_eabi.a(libc2.o)
                0x20075948                printf
 .text.libc.puts
                0x20075988       0x3c /usr/share/crossworks_for_arm_3.3/lib/libc_v7m_t_le_eabi.a(libc2.o)
                0x20075988                puts
 .text.libc.strnlen
                0x200759c4       0x28 /usr/share/crossworks_for_arm_3.3/lib/libc_v7m_t_le_eabi.a(libc2.o)
                0x200759c4                strnlen
 .text.libc.memcpy
                0x200759ec       0x48 /usr/share/crossworks_for_arm_3.3/lib/libc_v7m_t_le_eabi.a(libc2_asm.o)
                0x200759ec                memcpy
                0x200759ec                __aeabi_memcpy
                0x200759ec                __aeabi_memcpy4
                0x200759ec                __aeabi_memcpy8
 .text.libc.memset
                0x20075a34       0x70 /usr/share/crossworks_for_arm_3.3/lib/libc_v7m_t_le_eabi.a(libc2_asm.o)
                0x20075a34                memset
 .text.libc.strlen
                0x20075aa4       0x70 /usr/share/crossworks_for_arm_3.3/lib/libc_v7m_t_le_eabi.a(libc2_asm.o)
                0x20075aa4                strlen
 *fill*         0x20075b14        0x4 
 .text.libc.__vfprintf
                0x20075b18      0xfc0 /usr/share/crossworks_for_arm_3.3/lib/lib_vfprintf_float_long_long_v7m_t_le_eabi.a(lib_vfprintf_float_long_long.o)
                0x20075b18                __vfprintf
 .text.libc.__aeabi_read_tp
                0x20076ad8        0x8 /usr/share/crossworks_for_arm_3.3/lib/libc_user_libc_v7m_t_le_eabi.a(user_libc.o)
                0x20076ad8                __aeabi_read_tp
 .text.libc.__printf_lock
                0x20076ae0        0x4 /usr/share/crossworks_for_arm_3.3/lib/libc_user_libc_v7m_t_le_eabi.a(user_libc.o)
                0x20076ae0                __printf_lock
 .text.libc.__printf_unlock
                0x20076ae4        0x4 /usr/share/crossworks_for_arm_3.3/lib/libc_user_libc_v7m_t_le_eabi.a(user_libc.o)
                0x20076ae4                __printf_unlock
 .text.libc.__int64_to_float64
                0x20076ae8       0xa0 /usr/share/crossworks_for_arm_3.3/lib/libm_v7m_t_le_eabi.a(libm_asm.o)
                0x20076ae8                __floatdidf
                0x20076ae8                __int64_to_float64
                0x20076ae8                __aeabi_l2d
                0x20076b0c                __RAL_aeabi_l2d_common
 .text.libc.__uint64_to_float64
                0x20076b88       0x14 /usr/share/crossworks_for_arm_3.3/lib/libm_v7m_t_le_eabi.a(libm_asm.o)
                0x20076b88                __uint64_to_float64
                0x20076b88                __aeabi_ul2d
                0x20076b88                __floatundidf
 .text.libc.__float64_to_uint64
                0x20076b9c       0x48 /usr/share/crossworks_for_arm_3.3/lib/libm_v7m_t_le_eabi.a(libm_asm.o)
                0x20076b9c                __aeabi_d2ulz
                0x20076b9c                __fixunsdfdi
                0x20076b9c                __float64_to_uint64
 .text.libc.__float64_add
                0x20076be4      0x294 /usr/share/crossworks_for_arm_3.3/lib/libm_v7m_t_le_eabi.a(libm_asm.o)
                0x20076be4                __aeabi_drsub
                0x20076bec                __float64_sub
                0x20076bec                __aeabi_dsub
                0x20076bec                __subdf3
                0x20076bf0                __adddf3
                0x20076bf0                __float64_add
                0x20076bf0                __aeabi_dadd
 .text.libc.__float64_mul
                0x20076e78      0x16c /usr/share/crossworks_for_arm_3.3/lib/libm_v7m_t_le_eabi.a(libm_asm.o)
                0x20076e78                __aeabi_dmul
                0x20076e78                __float64_mul
                0x20076e78                __muldf3
 .text.libc.__float64_div
                0x20076fe4      0x214 /usr/share/crossworks_for_arm_3.3/lib/libm_v7m_t_le_eabi.a(libm_asm.o)
                0x20076fe4                __aeabi_ddiv
                0x20076fe4                __divdf3
                0x20076fe4                __float64_div
 .text.libc.__float64_cmpeq
                0x200771f8       0x34 /usr/share/crossworks_for_arm_3.3/lib/libm_v7m_t_le_eabi.a(libm_asm.o)
                0x200771f8                __aeabi_dcmpeq
 .text.libc.__float64_cmple
                0x2007722c       0x38 /usr/share/crossworks_for_arm_3.3/lib/libm_v7m_t_le_eabi.a(libm_asm.o)
                0x2007722c                __aeabi_dcmple
 .text.libc.__float64_cmpge
                0x20077264       0x38 /usr/share/crossworks_for_arm_3.3/lib/libm_v7m_t_le_eabi.a(libm_asm.o)
                0x20077264                __aeabi_dcmpge
 .text.libc.__float64_cmplt
                0x2007729c       0x38 /usr/share/crossworks_for_arm_3.3/lib/libm_v7m_t_le_eabi.a(libm_asm.o)
                0x2007729c                __aeabi_dcmplt
 .text.libc.__float64_cmpgt
                0x200772d4       0x38 /usr/share/crossworks_for_arm_3.3/lib/libm_v7m_t_le_eabi.a(libm_asm.o)
                0x200772d4                __aeabi_dcmpgt
 .text.libc.__float64_signbit
                0x2007730c        0x8 /usr/share/crossworks_for_arm_3.3/lib/libm_v7m_t_le_eabi.a(libm_asm.o)
                0x2007730c                __float64_signbit
 .text.libc.__float64_isinf
                0x20077314       0x10 /usr/share/crossworks_for_arm_3.3/lib/libm_v7m_t_le_eabi.a(libm_asm.o)
                0x20077314                __float64_isinf
 .text.libc.__float64_isnan
                0x20077324       0x10 /usr/share/crossworks_for_arm_3.3/lib/libm_v7m_t_le_eabi.a(libm_asm.o)
                0x20077324                __float64_isnan
 .text.libc.frexp
                0x20077334       0x4c /usr/share/crossworks_for_arm_3.3/lib/libm_v7m_t_le_eabi.a(libm2.o)
                0x20077334                frexp
 .text.libc.ldexp
                0x20077380       0x64 /usr/share/crossworks_for_arm_3.3/lib/libm_v7m_t_le_eabi.a(libm2.o)
                0x20077380                ldexp
 .text.libc.floor
                0x200773e4       0x98 /usr/share/crossworks_for_arm_3.3/lib/libm_v7m_t_le_eabi.a(libm2.o)
                0x200773e4                floor
 .text.libc.fmod
                0x2007747c      0x1b8 /usr/share/crossworks_for_arm_3.3/lib/libm_v7m_t_le_eabi.a(libm2.o)
                0x2007747c                fmod
 .text.libc.fabs
                0x20077634        0x8 /usr/share/crossworks_for_arm_3.3/lib/libm_v7m_t_le_eabi.a(libm2_asm.o)
                0x20077634                fabs
                0x2007763c                __text_end__ = (__text_start__ + SIZEOF (.text))
                0x2007763c                __text_load_end__ = __text_end__

.vfp11_veneer   0x00000000        0x0
 .vfp11_veneer  0x00000000        0x0 linker stubs

.v4_bx          0x00000000        0x0
 .v4_bx         0x00000000        0x0 linker stubs

.iplt           0x00000000        0x0
 .iplt          0x00000000        0x0 due_rowley_rtos THUMB RAM Debug/main.o
                0x00000001                . = ASSERT (((__text_start__ == __text_end__) || ((__text_end__ >= __RAM_segment_start__) && (__text_end__ <= __RAM_segment_end__))), error: .text is too large to fit in RAM memory segment)
                0x2007763c                __dtors_load_start__ = ALIGN (__text_end__, 0x4)

.dtors          0x2007763c        0x0
                0x2007763c                __dtors_start__ = .
 *(SORT(.dtors.*))
 *(.dtors)
 *(.fini_array)
 *(SORT(.fini_array.*))
                0x2007763c                __dtors_end__ = (__dtors_start__ + SIZEOF (.dtors))
                0x2007763c                __dtors_load_end__ = __dtors_end__
                0x00000001                . = ASSERT (((__dtors_start__ == __dtors_end__) || ((__dtors_end__ >= __RAM_segment_start__) && (__dtors_end__ <= __RAM_segment_end__))), error: .dtors is too large to fit in RAM memory segment)
                0x2007763c                __ctors_load_start__ = ALIGN (__dtors_end__, 0x4)

.ctors          0x2007763c        0x0
                0x2007763c                __ctors_start__ = .
 *(SORT(.ctors.*))
 *(.ctors)
 *(.init_array)
 *(SORT(.init_array.*))
                0x2007763c                __ctors_end__ = (__ctors_start__ + SIZEOF (.ctors))
                0x2007763c                __ctors_load_end__ = __ctors_end__
                0x00000001                . = ASSERT (((__ctors_start__ == __ctors_end__) || ((__ctors_end__ >= __RAM_segment_start__) && (__ctors_end__ <= __RAM_segment_end__))), error: .ctors is too large to fit in RAM memory segment)
                0x2007763c                __data_load_start__ = ALIGN (__ctors_end__, 0x4)

.data           0x2007763c       0x34
                0x2007763c                __data_start__ = .
 *(.data .data.* .gnu.linkonce.d.*)
 .data.sd_mmc_cards
                0x2007763c       0x24 due_rowley_rtos THUMB RAM Debug/sd_mmc.o
 .data.SPI_DEVICE_ILI9341
                0x20077660        0x4 due_rowley_rtos THUMB RAM Debug/ili9341.o
                0x20077660                SPI_DEVICE_ILI9341
 .data.SystemCoreClock
                0x20077664        0x4 due_rowley_rtos THUMB RAM Debug/system_sam.o
                0x20077664                SystemCoreClock
 .data.xNextTaskUnblockTime
                0x20077668        0x4 due_rowley_rtos THUMB RAM Debug/tasks.o
                0x20077668                xNextTaskUnblockTime
 .data.uxCriticalNesting
                0x2007766c        0x4 due_rowley_rtos THUMB RAM Debug/port.o
                0x20077670                __data_end__ = (__data_start__ + SIZEOF (.data))
                0x20077670                __data_load_end__ = __data_end__

.igot.plt       0x00000000        0x0
 .igot.plt      0x00000000        0x0 due_rowley_rtos THUMB RAM Debug/main.o
                0x00000001                . = ASSERT (((__data_start__ == __data_end__) || ((__data_end__ >= __RAM_segment_start__) && (__data_end__ <= __RAM_segment_end__))), error: .data is too large to fit in RAM memory segment)
                0x20077670                __rodata_load_start__ = ALIGN (__data_end__, 0x4)

.rodata         0x20077670      0x440
                0x20077670                __rodata_start__ = .
 *(.rodata .rodata.* .gnu.linkonce.r.*)
 .rodata        0x20077670      0x27c due_rowley_rtos THUMB RAM Debug/main.o
 .rodata        0x200778ec       0x1c due_rowley_rtos THUMB RAM Debug/tasks.o
 .rodata        0x20077908       0x10 due_rowley_rtos THUMB RAM Debug/timers.o
 .rodata.all_uart_definitions
                0x20077918       0x10 due_rowley_rtos THUMB RAM Debug/freertos_uart_serial.o
 .rodata.all_usart_definitions
                0x20077928       0x40 due_rowley_rtos THUMB RAM Debug/freertos_usart_serial.o
 .rodata.libc.power
                0x20077968       0x48 /usr/share/crossworks_for_arm_3.3/lib/libc_v7m_t_le_eabi.a(libc2.o)
 .rodata.libc.__RAL_hex_uc
                0x200779b0       0x10 /usr/share/crossworks_for_arm_3.3/lib/libc_v7m_t_le_eabi.a(libc2.o)
                0x200779b0                __RAL_hex_uc
 .rodata.libc.__aeabi_ERANGE
                0x200779c0        0x4 /usr/share/crossworks_for_arm_3.3/lib/libc_v7m_t_le_eabi.a(libc2.o)
                0x200779c0                __aeabi_ERANGE
 .rodata.libc.__RAL_hex_lc
                0x200779c4       0x10 /usr/share/crossworks_for_arm_3.3/lib/libc_v7m_t_le_eabi.a(libc2.o)
                0x200779c4                __RAL_hex_lc
 .rodata.libc.str1.4
                0x200779d4       0x30 /usr/share/crossworks_for_arm_3.3/lib/lib_vfprintf_float_long_long_v7m_t_le_eabi.a(lib_vfprintf_float_long_long.o)
 *fill*         0x20077a04        0x4 
 .rodata.libc.ipow10
                0x20077a08       0xa0 /usr/share/crossworks_for_arm_3.3/lib/lib_vfprintf_float_long_long_v7m_t_le_eabi.a(lib_vfprintf_float_long_long.o)
 .rodata.libc.__float64_nan
                0x20077aa8        0x8 /usr/share/crossworks_for_arm_3.3/lib/libm_v7m_t_le_eabi.a(libm_asm.o)
                0x20077aa8                __float64_nan
                0x20077ab0                __rodata_end__ = (__rodata_start__ + SIZEOF (.rodata))
                0x20077ab0                __rodata_load_end__ = __rodata_end__

.rel.dyn        0x00080000        0x0
 .rel.iplt      0x00000000        0x0 due_rowley_rtos THUMB RAM Debug/main.o
                0x00000001                . = ASSERT (((__rodata_start__ == __rodata_end__) || ((__rodata_end__ >= __RAM_segment_start__) && (__rodata_end__ <= __RAM_segment_end__))), error: .rodata is too large to fit in RAM memory segment)
                0x20077ab0                __ARM.exidx_load_start__ = ALIGN (__rodata_end__, 0x4)

.ARM.exidx      0x20077ab0        0x0
                0x20077ab0                __ARM.exidx_start__ = .
                0x20077ab0                __exidx_start = __ARM.exidx_start__
 *(.ARM.exidx .ARM.exidx.*)
                0x20077ab0                __ARM.exidx_end__ = (__ARM.exidx_start__ + SIZEOF (.ARM.exidx))
                0x20077ab0                __exidx_end = __ARM.exidx_end__
                0x20077ab0                __ARM.exidx_load_end__ = __ARM.exidx_end__
                0x00000001                . = ASSERT (((__ARM.exidx_start__ == __ARM.exidx_end__) || ((__ARM.exidx_end__ >= __RAM_segment_start__) && (__ARM.exidx_end__ <= __RAM_segment_end__))), error: .ARM.exidx is too large to fit in RAM memory segment)
                0x20077ab0                __bss_load_start__ = ALIGN (__ARM.exidx_end__, 0x4)

.bss            0x20077ab0     0x2898
                0x20077ab0                __bss_start__ = .
 *(.bss .bss.* .gnu.linkonce.b.*)
 .bss.SPI_DEVICE_SD_CARD
                0x20077ab0        0x4 due_rowley_rtos THUMB RAM Debug/main.o
                0x20077ab0                SPI_DEVICE_SD_CARD
 .bss.xBinarySemaphore
                0x20077ab4        0x4 due_rowley_rtos THUMB RAM Debug/main.o
                0x20077ab4                xBinarySemaphore
 .bss.dht_resp  0x20077ab8        0x8 due_rowley_rtos THUMB RAM Debug/main.o
 .bss.receive_buffer
                0x20077ac0       0x34 due_rowley_rtos THUMB RAM Debug/main.o
 .bss.led_status.8159
                0x20077af4        0x4 due_rowley_rtos THUMB RAM Debug/main.o
 .bss.gs_interrupt_sources
                0x20077af8       0x70 due_rowley_rtos THUMB RAM Debug/pio_handler.o
 .bss.sd_mmc_slot_sel
                0x20077b68        0x1 due_rowley_rtos THUMB RAM Debug/sd_mmc.o
 .bss.sd_mmc_spi_err
                0x20077b69        0x1 due_rowley_rtos THUMB RAM Debug/sd_mmc_spi.o
 *fill*         0x20077b6a        0x2 
 .bss.xQueueRegistry
                0x20077b6c       0x50 due_rowley_rtos THUMB RAM Debug/queue.o
                0x20077b6c                xQueueRegistry
 .bss.pxCurrentTCB
                0x20077bbc        0x4 due_rowley_rtos THUMB RAM Debug/tasks.o
                0x20077bbc                pxCurrentTCB
 .bss.pxReadyTasksLists
                0x20077bc0       0x64 due_rowley_rtos THUMB RAM Debug/tasks.o
                0x20077bc0                pxReadyTasksLists
 .bss.xDelayedTaskList1
                0x20077c24       0x14 due_rowley_rtos THUMB RAM Debug/tasks.o
                0x20077c24                xDelayedTaskList1
 .bss.xDelayedTaskList2
                0x20077c38       0x14 due_rowley_rtos THUMB RAM Debug/tasks.o
                0x20077c38                xDelayedTaskList2
 .bss.pxDelayedTaskList
                0x20077c4c        0x4 due_rowley_rtos THUMB RAM Debug/tasks.o
                0x20077c4c                pxDelayedTaskList
 .bss.pxOverflowDelayedTaskList
                0x20077c50        0x4 due_rowley_rtos THUMB RAM Debug/tasks.o
                0x20077c50                pxOverflowDelayedTaskList
 .bss.xPendingReadyList
                0x20077c54       0x14 due_rowley_rtos THUMB RAM Debug/tasks.o
                0x20077c54                xPendingReadyList
 .bss.xTasksWaitingTermination
                0x20077c68       0x14 due_rowley_rtos THUMB RAM Debug/tasks.o
                0x20077c68                xTasksWaitingTermination
 .bss.uxTasksDeleted
                0x20077c7c        0x4 due_rowley_rtos THUMB RAM Debug/tasks.o
                0x20077c7c                uxTasksDeleted
 .bss.xSuspendedTaskList
                0x20077c80       0x14 due_rowley_rtos THUMB RAM Debug/tasks.o
                0x20077c80                xSuspendedTaskList
 .bss.uxCurrentNumberOfTasks
                0x20077c94        0x4 due_rowley_rtos THUMB RAM Debug/tasks.o
                0x20077c94                uxCurrentNumberOfTasks
 .bss.xTickCount
                0x20077c98        0x4 due_rowley_rtos THUMB RAM Debug/tasks.o
                0x20077c98                xTickCount
 .bss.uxTopReadyPriority
                0x20077c9c        0x4 due_rowley_rtos THUMB RAM Debug/tasks.o
                0x20077c9c                uxTopReadyPriority
 .bss.xSchedulerRunning
                0x20077ca0        0x4 due_rowley_rtos THUMB RAM Debug/tasks.o
                0x20077ca0                xSchedulerRunning
 .bss.uxPendedTicks
                0x20077ca4        0x4 due_rowley_rtos THUMB RAM Debug/tasks.o
                0x20077ca4                uxPendedTicks
 .bss.xYieldPending
                0x20077ca8        0x4 due_rowley_rtos THUMB RAM Debug/tasks.o
                0x20077ca8                xYieldPending
 .bss.xNumOfOverflows
                0x20077cac        0x4 due_rowley_rtos THUMB RAM Debug/tasks.o
                0x20077cac                xNumOfOverflows
 .bss.uxTaskNumber
                0x20077cb0        0x4 due_rowley_rtos THUMB RAM Debug/tasks.o
                0x20077cb0                uxTaskNumber
 .bss.uxSchedulerSuspended
                0x20077cb4        0x4 due_rowley_rtos THUMB RAM Debug/tasks.o
                0x20077cb4                uxSchedulerSuspended
 .bss.xActiveTimerList1
                0x20077cb8       0x14 due_rowley_rtos THUMB RAM Debug/timers.o
 .bss.xActiveTimerList2
                0x20077ccc       0x14 due_rowley_rtos THUMB RAM Debug/timers.o
 .bss.pxCurrentTimerList
                0x20077ce0        0x4 due_rowley_rtos THUMB RAM Debug/timers.o
 .bss.pxOverflowTimerList
                0x20077ce4        0x4 due_rowley_rtos THUMB RAM Debug/timers.o
 .bss.xTimerQueue
                0x20077ce8        0x4 due_rowley_rtos THUMB RAM Debug/timers.o
 .bss.xLastTime.4494
                0x20077cec        0x4 due_rowley_rtos THUMB RAM Debug/timers.o
 .bss.ucMaxSysCallPriority
                0x20077cf0        0x1 due_rowley_rtos THUMB RAM Debug/port.o
 *fill*         0x20077cf1        0x3 
 .bss.ulMaxPRIGROUPValue
                0x20077cf4        0x4 due_rowley_rtos THUMB RAM Debug/port.o
 .bss.rx_buffer_definitions
                0x20077cf8       0x1c due_rowley_rtos THUMB RAM Debug/freertos_uart_serial.o
 .bss.tx_dma_control
                0x20077d14        0x8 due_rowley_rtos THUMB RAM Debug/freertos_uart_serial.o
 .bss.rx_buffer_definitions
                0x20077d1c       0x70 due_rowley_rtos THUMB RAM Debug/freertos_usart_serial.o
 .bss.tx_dma_control
                0x20077d8c       0x20 due_rowley_rtos THUMB RAM Debug/freertos_usart_serial.o
 .bss.ucHeap    0x20077dac     0x2580 due_rowley_rtos THUMB RAM Debug/heap_4.o
 .bss.xStart    0x2007a32c        0x8 due_rowley_rtos THUMB RAM Debug/heap_4.o
 .bss.pxEnd     0x2007a334        0x4 due_rowley_rtos THUMB RAM Debug/heap_4.o
 .bss.xFreeBytesRemaining
                0x2007a338        0x4 due_rowley_rtos THUMB RAM Debug/heap_4.o
 .bss.xMinimumEverFreeBytesRemaining
                0x2007a33c        0x4 due_rowley_rtos THUMB RAM Debug/heap_4.o
 .bss.xBlockAllocatedBit
                0x2007a340        0x4 due_rowley_rtos THUMB RAM Debug/heap_4.o
 .bss.libc.__user_format_extender
                0x2007a344        0x4 /usr/share/crossworks_for_arm_3.3/lib/libc_v7m_t_le_eabi.a(libc2.o)
                0x2007a344                __user_format_extender
 *(COMMON)
                0x2007a348                __bss_end__ = (__bss_start__ + SIZEOF (.bss))
                0x2007a348                __bss_load_end__ = __bss_end__
                0x00000001                . = ASSERT (((__bss_start__ == __bss_end__) || ((__bss_end__ >= __RAM_segment_start__) && (__bss_end__ <= __RAM_segment_end__))), error: .bss is too large to fit in RAM memory segment)
                0x2007a348                __non_init_load_start__ = ALIGN (__bss_end__, 0x4)

.non_init       0x2007a348        0x0
                0x2007a348                __non_init_start__ = .
 *(.non_init .non_init.*)
                0x2007a348                __non_init_end__ = (__non_init_start__ + SIZEOF (.non_init))
                0x2007a348                __non_init_load_end__ = __non_init_end__
                0x00000001                . = ASSERT (((__non_init_start__ == __non_init_end__) || ((__non_init_end__ >= __RAM_segment_start__) && (__non_init_end__ <= __RAM_segment_end__))), error: .non_init is too large to fit in RAM memory segment)
                0x2007a348                __heap_load_start__ = ALIGN (__non_init_end__, 0x4)

.heap           0x2007a348       0x80
                0x2007a348                __heap_start__ = .
 *(.heap .heap.*)
                0x2007a3c8                . = ALIGN (MAX ((__heap_start__ + __HEAPSIZE__), .), 0x4)
 *fill*         0x2007a348       0x80 
                0x2007a3c8                __heap_end__ = (__heap_start__ + SIZEOF (.heap))
                0x2007a3c8                __heap_load_end__ = __heap_end__
                0x00000001                . = ASSERT (((__heap_start__ == __heap_end__) || ((__heap_end__ >= __RAM_segment_start__) && (__heap_end__ <= __RAM_segment_end__))), error: .heap is too large to fit in RAM memory segment)
                0x2007a3c8                __stack_load_start__ = ALIGN (__heap_end__, 0x4)

.stack          0x2007a3c8      0x100
                0x2007a3c8                __stack_start__ = .
 *(.stack .stack.*)
                0x2007a4c8                . = ALIGN (MAX ((__stack_start__ + __STACKSIZE__), .), 0x4)
 *fill*         0x2007a3c8      0x100 
                0x2007a4c8                __stack_end__ = (__stack_start__ + SIZEOF (.stack))
                0x2007a4c8                __stack_load_end__ = __stack_end__
                0x00000001                . = ASSERT (((__stack_start__ == __stack_end__) || ((__stack_end__ >= __RAM_segment_start__) && (__stack_end__ <= __RAM_segment_end__))), error: .stack is too large to fit in RAM memory segment)
                0x2007a4c8                __stack_process_load_start__ = ALIGN (__stack_end__, 0x4)

.stack_process  0x2007a4c8      0x100
                0x2007a4c8                __stack_process_start__ = .
 *(.stack_process .stack_process.*)
                0x2007a5c8                . = ALIGN (MAX ((__stack_process_start__ + __STACKSIZE_PROCESS__), .), 0x4)
 *fill*         0x2007a4c8      0x100 
                0x2007a5c8                __stack_process_end__ = (__stack_process_start__ + SIZEOF (.stack_process))
                0x2007a5c8                __stack_process_load_end__ = __stack_process_end__
                0x00000001                . = ASSERT (((__stack_process_start__ == __stack_process_end__) || ((__stack_process_end__ >= __RAM_segment_start__) && (__stack_process_end__ <= __RAM_segment_end__))), error: .stack_process is too large to fit in RAM memory segment)
                0x2007a600                __vectors_ram_load_start__ = ALIGN (__stack_process_end__, 0x100)

.vectors_ram    0x2007a600        0x0
                0x2007a600                __vectors_ram_start__ = .
 *(.vectors_ram .vectors_ram.*)
                0x2007a600                __vectors_ram_end__ = (__vectors_ram_start__ + SIZEOF (.vectors_ram))
                0x2007a600                __vectors_ram_load_end__ = __vectors_ram_end__
                0x00000001                . = ASSERT (((__vectors_ram_start__ == __vectors_ram_end__) || ((__vectors_ram_end__ >= __RAM_segment_start__) && (__vectors_ram_end__ <= __RAM_segment_end__))), error: .vectors_ram is too large to fit in RAM memory segment)
                0x2007a600                __tbss_load_start__ = ALIGN (__vectors_ram_end__, 0x4)

.tbss           0x2007a600        0x4
                0x2007a600                __tbss_start__ = .
 *(.tbss .tbss.*)
 .tbss.errno_val
                0x2007a600        0x4 /usr/share/crossworks_for_arm_3.3/lib/libc_v7m_t_le_eabi.a(libc2.o)
                0x2007a604                __tbss_end__ = (__tbss_start__ + SIZEOF (.tbss))
                0x2007a604                __tbss_load_end__ = __tbss_end__
                0x00000001                . = ASSERT (((__tbss_start__ == __tbss_end__) || ((__tbss_end__ >= __RAM_segment_start__) && (__tbss_end__ <= __RAM_segment_end__))), error: .tbss is too large to fit in RAM memory segment)
                0x2007a604                __tdata_load_start__ = ALIGN (__tbss_end__, 0x4)

.tdata          0x2007a604        0x0
                0x2007a604                __tdata_start__ = .
 *(.tdata .tdata.*)
                0x2007a604                __tdata_end__ = (__tdata_start__ + SIZEOF (.tdata))
                0x2007a604                __tdata_load_end__ = __tdata_end__
                0x2007a604                __RAM_segment_used_end__ = (ALIGN (__tbss_end__, 0x4) + SIZEOF (.tdata))
                0x00000001                . = ASSERT (((__tdata_start__ == __tdata_end__) || ((__tdata_end__ >= __RAM_segment_start__) && (__tdata_end__ <= __RAM_segment_end__))), error: .tdata is too large to fit in RAM memory segment)
START GROUP
LOAD due_rowley_rtos THUMB RAM Debug/main.o
LOAD due_rowley_rtos THUMB RAM Debug/ctrl_access.o
LOAD due_rowley_rtos THUMB RAM Debug/ff.o
LOAD due_rowley_rtos THUMB RAM Debug/diskio.o
LOAD due_rowley_rtos THUMB RAM Debug/fattime_rtc.o
LOAD due_rowley_rtos THUMB RAM Debug/init.o
LOAD due_rowley_rtos THUMB RAM Debug/exceptions.o
LOAD due_rowley_rtos THUMB RAM Debug/sd_mmc_mem.o
LOAD due_rowley_rtos THUMB RAM Debug/pio.o
LOAD due_rowley_rtos THUMB RAM Debug/pio_handler.o
LOAD due_rowley_rtos THUMB RAM Debug/sysclk.o
LOAD due_rowley_rtos THUMB RAM Debug/pmc.o
LOAD due_rowley_rtos THUMB RAM Debug/sd_mmc.o
LOAD due_rowley_rtos THUMB RAM Debug/cycle_counter.o
LOAD due_rowley_rtos THUMB RAM Debug/sd_mmc_spi.o
LOAD due_rowley_rtos THUMB RAM Debug/spi_master.o
LOAD due_rowley_rtos THUMB RAM Debug/spi.o
LOAD due_rowley_rtos THUMB RAM Debug/ccsbcs.o
LOAD due_rowley_rtos THUMB RAM Debug/adc.o
LOAD due_rowley_rtos THUMB RAM Debug/adc_sam3u.o
LOAD due_rowley_rtos THUMB RAM Debug/usart_serial.o
LOAD due_rowley_rtos THUMB RAM Debug/uart.o
LOAD due_rowley_rtos THUMB RAM Debug/usart.o
LOAD due_rowley_rtos THUMB RAM Debug/read.o
LOAD due_rowley_rtos THUMB RAM Debug/write.o
LOAD due_rowley_rtos THUMB RAM Debug/pdc.o
LOAD due_rowley_rtos THUMB RAM Debug/dht11.o
LOAD due_rowley_rtos THUMB RAM Debug/ili9341.o
LOAD due_rowley_rtos THUMB RAM Debug/thumb_crt0.o
LOAD due_rowley_rtos THUMB RAM Debug/SAM3XA_Startup.o
LOAD due_rowley_rtos THUMB RAM Debug/system_sam.o
LOAD due_rowley_rtos THUMB RAM Debug/croutine.o
LOAD due_rowley_rtos THUMB RAM Debug/event_groups.o
LOAD due_rowley_rtos THUMB RAM Debug/list.o
LOAD due_rowley_rtos THUMB RAM Debug/queue.o
LOAD due_rowley_rtos THUMB RAM Debug/tasks.o
LOAD due_rowley_rtos THUMB RAM Debug/timers.o
LOAD due_rowley_rtos THUMB RAM Debug/port.o
LOAD due_rowley_rtos THUMB RAM Debug/freertos_uart_serial.o
LOAD due_rowley_rtos THUMB RAM Debug/freertos_usart_serial.o
LOAD due_rowley_rtos THUMB RAM Debug/freertos_peripheral_control.o
LOAD due_rowley_rtos THUMB RAM Debug/heap_4.o
LOAD /usr/share/crossworks_for_arm_3.3/lib/libcm_v7m_t_le_eabi.a
LOAD /usr/share/crossworks_for_arm_3.3/lib/libdebugio_mempoll_v7m_t_le_eabi.a
LOAD /usr/share/crossworks_for_arm_3.3/lib/libm_v7m_t_le_eabi.a
LOAD /usr/share/crossworks_for_arm_3.3/lib/libc_v7m_t_le_eabi.a
LOAD /usr/share/crossworks_for_arm_3.3/lib/libcpp_v7m_t_le_eabi.a
LOAD /usr/share/crossworks_for_arm_3.3/lib/libdebugio_v7m_t_le_eabi.a
LOAD /usr/share/crossworks_for_arm_3.3/lib/lib_vfprintf_float_long_long_v7m_t_le_eabi.a
LOAD /usr/share/crossworks_for_arm_3.3/lib/lib_vfscanf_float_long_long_cc_v7m_t_le_eabi.a
LOAD /usr/share/crossworks_for_arm_3.3/lib/libc_user_libc_v7m_t_le_eabi.a
END GROUP
OUTPUT(due_rowley_rtos THUMB RAM Debug/due_rowley_rtos.elf elf32-littlearm)

.debug_frame    0x00000000     0xadf8
 .debug_frame   0x00000000      0x450 due_rowley_rtos THUMB RAM Debug/main.o
 .debug_frame   0x00000450       0x84 due_rowley_rtos THUMB RAM Debug/init.o
 .debug_frame   0x000004d4       0x30 due_rowley_rtos THUMB RAM Debug/exceptions.o
 .debug_frame   0x00000504      0x62c due_rowley_rtos THUMB RAM Debug/pio.o
 .debug_frame   0x00000b30      0x1f0 due_rowley_rtos THUMB RAM Debug/pio_handler.o
 .debug_frame   0x00000d20      0x264 due_rowley_rtos THUMB RAM Debug/sysclk.o
 .debug_frame   0x00000f84      0x8cc due_rowley_rtos THUMB RAM Debug/pmc.o
 .debug_frame   0x00001850      0x960 due_rowley_rtos THUMB RAM Debug/sd_mmc.o
 .debug_frame   0x000021b0       0x38 due_rowley_rtos THUMB RAM Debug/cycle_counter.o
 .debug_frame   0x000021e8      0x3c4 due_rowley_rtos THUMB RAM Debug/sd_mmc_spi.o
 .debug_frame   0x000025ac      0x3c0 due_rowley_rtos THUMB RAM Debug/spi_master.o
 .debug_frame   0x0000296c      0x2f8 due_rowley_rtos THUMB RAM Debug/spi.o
 .debug_frame   0x00002c64      0x6f4 due_rowley_rtos THUMB RAM Debug/adc.o
 .debug_frame   0x00003358      0x420 due_rowley_rtos THUMB RAM Debug/uart.o
 .debug_frame   0x00003778      0xde0 due_rowley_rtos THUMB RAM Debug/usart.o
 .debug_frame   0x00004558      0x240 due_rowley_rtos THUMB RAM Debug/pdc.o
 .debug_frame   0x00004798      0x110 due_rowley_rtos THUMB RAM Debug/dht11.o
 .debug_frame   0x000048a8      0x554 due_rowley_rtos THUMB RAM Debug/ili9341.o
 .debug_frame   0x00004dfc       0x78 due_rowley_rtos THUMB RAM Debug/system_sam.o
 .debug_frame   0x00004e74       0xd8 due_rowley_rtos THUMB RAM Debug/list.o
 .debug_frame   0x00004f4c      0x454 due_rowley_rtos THUMB RAM Debug/queue.o
 .debug_frame   0x000053a0      0x6d8 due_rowley_rtos THUMB RAM Debug/tasks.o
 .debug_frame   0x00005a78      0x290 due_rowley_rtos THUMB RAM Debug/timers.o
 .debug_frame   0x00005d08      0x1d4 due_rowley_rtos THUMB RAM Debug/port.o
 .debug_frame   0x00005edc      0x110 due_rowley_rtos THUMB RAM Debug/freertos_uart_serial.o
 .debug_frame   0x00005fec      0x1ec due_rowley_rtos THUMB RAM Debug/freertos_usart_serial.o
 .debug_frame   0x000061d8      0x1e0 due_rowley_rtos THUMB RAM Debug/freertos_peripheral_control.o
 .debug_frame   0x000063b8      0x118 due_rowley_rtos THUMB RAM Debug/heap_4.o
 .debug_frame   0x000064d0      0x260 /usr/share/crossworks_for_arm_3.3/lib/libc_v7m_t_le_eabi.a(libc_asm.o)
 .debug_frame   0x00006730     0x3424 /usr/share/crossworks_for_arm_3.3/lib/libc_v7m_t_le_eabi.a(libc2.o)
 .debug_frame   0x00009b54      0x120 /usr/share/crossworks_for_arm_3.3/lib/libc_v7m_t_le_eabi.a(libc2_asm.o)
 .debug_frame   0x00009c74       0x44 /usr/share/crossworks_for_arm_3.3/lib/lib_vfprintf_float_long_long_v7m_t_le_eabi.a(lib_vfprintf_float_long_long.o)
 .debug_frame   0x00009cb8       0xa0 /usr/share/crossworks_for_arm_3.3/lib/libc_user_libc_v7m_t_le_eabi.a(user_libc.o)
 .debug_frame   0x00009d58      0x640 /usr/share/crossworks_for_arm_3.3/lib/libm_v7m_t_le_eabi.a(libm_asm.o)
 .debug_frame   0x0000a398      0x9a0 /usr/share/crossworks_for_arm_3.3/lib/libm_v7m_t_le_eabi.a(libm2.o)
 .debug_frame   0x0000ad38       0xc0 /usr/share/crossworks_for_arm_3.3/lib/libm_v7m_t_le_eabi.a(libm2_asm.o)

.debug_info     0x00000000    0x12e62
 .debug_info    0x00000000     0x1639 due_rowley_rtos THUMB RAM Debug/main.o
 .debug_info    0x00001639      0x4df due_rowley_rtos THUMB RAM Debug/init.o
 .debug_info    0x00001b18       0xaa due_rowley_rtos THUMB RAM Debug/exceptions.o
 .debug_info    0x00001bc2      0xd1b due_rowley_rtos THUMB RAM Debug/pio.o
 .debug_info    0x000028dd      0xb0f due_rowley_rtos THUMB RAM Debug/pio_handler.o
 .debug_info    0x000033ec      0x58c due_rowley_rtos THUMB RAM Debug/sysclk.o
 .debug_info    0x00003978      0xdec due_rowley_rtos THUMB RAM Debug/pmc.o
 .debug_info    0x00004764     0x1472 due_rowley_rtos THUMB RAM Debug/sd_mmc.o
 .debug_info    0x00005bd6       0xd8 due_rowley_rtos THUMB RAM Debug/cycle_counter.o
 .debug_info    0x00005cae      0x75c due_rowley_rtos THUMB RAM Debug/sd_mmc_spi.o
 .debug_info    0x0000640a      0x7ba due_rowley_rtos THUMB RAM Debug/spi_master.o
 .debug_info    0x00006bc4      0x683 due_rowley_rtos THUMB RAM Debug/spi.o
 .debug_info    0x00007247      0xed4 due_rowley_rtos THUMB RAM Debug/adc.o
 .debug_info    0x0000811b      0x754 due_rowley_rtos THUMB RAM Debug/uart.o
 .debug_info    0x0000886f     0x160a due_rowley_rtos THUMB RAM Debug/usart.o
 .debug_info    0x00009e79      0x404 due_rowley_rtos THUMB RAM Debug/pdc.o
 .debug_info    0x0000a27d      0x596 due_rowley_rtos THUMB RAM Debug/dht11.o
 .debug_info    0x0000a813     0x10f5 due_rowley_rtos THUMB RAM Debug/ili9341.o
 .debug_info    0x0000b908       0x88 due_rowley_rtos THUMB RAM Debug/thumb_crt0.o
 .debug_info    0x0000b990       0x8d due_rowley_rtos THUMB RAM Debug/SAM3XA_Startup.o
 .debug_info    0x0000ba1d      0x3b9 due_rowley_rtos THUMB RAM Debug/system_sam.o
 .debug_info    0x0000bdd6      0x292 due_rowley_rtos THUMB RAM Debug/list.o
 .debug_info    0x0000c068      0xb0b due_rowley_rtos THUMB RAM Debug/queue.o
 .debug_info    0x0000cb73      0xf99 due_rowley_rtos THUMB RAM Debug/tasks.o
 .debug_info    0x0000db0c      0x7c4 due_rowley_rtos THUMB RAM Debug/timers.o
 .debug_info    0x0000e2d0      0x301 due_rowley_rtos THUMB RAM Debug/port.o
 .debug_info    0x0000e5d1      0x9ce due_rowley_rtos THUMB RAM Debug/freertos_uart_serial.o
 .debug_info    0x0000ef9f      0xb8e due_rowley_rtos THUMB RAM Debug/freertos_usart_serial.o
 .debug_info    0x0000fb2d      0xb1d due_rowley_rtos THUMB RAM Debug/freertos_peripheral_control.o
 .debug_info    0x0001064a      0x2f6 due_rowley_rtos THUMB RAM Debug/heap_4.o
 .debug_info    0x00010940     0x1f77 /usr/share/crossworks_for_arm_3.3/lib/libc_v7m_t_le_eabi.a(libc2.o)
 .debug_info    0x000128b7       0x30 /usr/share/crossworks_for_arm_3.3/lib/lib_vfprintf_float_long_long_v7m_t_le_eabi.a(lib_vfprintf_float_long_long.o)
 .debug_info    0x000128e7       0xb7 /usr/share/crossworks_for_arm_3.3/lib/libc_user_libc_v7m_t_le_eabi.a(user_libc.o)
 .debug_info    0x0001299e      0x4c4 /usr/share/crossworks_for_arm_3.3/lib/libm_v7m_t_le_eabi.a(libm2.o)

.debug_abbrev   0x00000000     0x3398
 .debug_abbrev  0x00000000      0x342 due_rowley_rtos THUMB RAM Debug/main.o
 .debug_abbrev  0x00000342      0x12f due_rowley_rtos THUMB RAM Debug/init.o
 .debug_abbrev  0x00000471       0x76 due_rowley_rtos THUMB RAM Debug/exceptions.o
 .debug_abbrev  0x000004e7      0x1a1 due_rowley_rtos THUMB RAM Debug/pio.o
 .debug_abbrev  0x00000688      0x228 due_rowley_rtos THUMB RAM Debug/pio_handler.o
 .debug_abbrev  0x000008b0      0x1cd due_rowley_rtos THUMB RAM Debug/sysclk.o
 .debug_abbrev  0x00000a7d      0x217 due_rowley_rtos THUMB RAM Debug/pmc.o
 .debug_abbrev  0x00000c94      0x3b2 due_rowley_rtos THUMB RAM Debug/sd_mmc.o
 .debug_abbrev  0x00001046       0x89 due_rowley_rtos THUMB RAM Debug/cycle_counter.o
 .debug_abbrev  0x000010cf      0x274 due_rowley_rtos THUMB RAM Debug/sd_mmc_spi.o
 .debug_abbrev  0x00001343      0x21d due_rowley_rtos THUMB RAM Debug/spi_master.o
 .debug_abbrev  0x00001560      0x1d3 due_rowley_rtos THUMB RAM Debug/spi.o
 .debug_abbrev  0x00001733      0x1bb due_rowley_rtos THUMB RAM Debug/adc.o
 .debug_abbrev  0x000018ee      0x17e due_rowley_rtos THUMB RAM Debug/uart.o
 .debug_abbrev  0x00001a6c      0x1e0 due_rowley_rtos THUMB RAM Debug/usart.o
 .debug_abbrev  0x00001c4c      0x118 due_rowley_rtos THUMB RAM Debug/pdc.o
 .debug_abbrev  0x00001d64      0x1a6 due_rowley_rtos THUMB RAM Debug/dht11.o
 .debug_abbrev  0x00001f0a      0x2bb due_rowley_rtos THUMB RAM Debug/ili9341.o
 .debug_abbrev  0x000021c5       0x14 due_rowley_rtos THUMB RAM Debug/thumb_crt0.o
 .debug_abbrev  0x000021d9       0x14 due_rowley_rtos THUMB RAM Debug/SAM3XA_Startup.o
 .debug_abbrev  0x000021ed       0xfd due_rowley_rtos THUMB RAM Debug/system_sam.o
 .debug_abbrev  0x000022ea       0xbe due_rowley_rtos THUMB RAM Debug/list.o
 .debug_abbrev  0x000023a8      0x19e due_rowley_rtos THUMB RAM Debug/queue.o
 .debug_abbrev  0x00002546      0x1ed due_rowley_rtos THUMB RAM Debug/tasks.o
 .debug_abbrev  0x00002733      0x188 due_rowley_rtos THUMB RAM Debug/timers.o
 .debug_abbrev  0x000028bb      0x1a4 due_rowley_rtos THUMB RAM Debug/port.o
 .debug_abbrev  0x00002a5f      0x1c4 due_rowley_rtos THUMB RAM Debug/freertos_uart_serial.o
 .debug_abbrev  0x00002c23      0x20e due_rowley_rtos THUMB RAM Debug/freertos_usart_serial.o
 .debug_abbrev  0x00002e31      0x24e due_rowley_rtos THUMB RAM Debug/freertos_peripheral_control.o
 .debug_abbrev  0x0000307f      0x172 due_rowley_rtos THUMB RAM Debug/heap_4.o
 .debug_abbrev  0x000031f1       0xbe /usr/share/crossworks_for_arm_3.3/lib/libc_v7m_t_le_eabi.a(libc2.o)
 .debug_abbrev  0x000032af       0x26 /usr/share/crossworks_for_arm_3.3/lib/lib_vfprintf_float_long_long_v7m_t_le_eabi.a(lib_vfprintf_float_long_long.o)
 .debug_abbrev  0x000032d5       0x26 /usr/share/crossworks_for_arm_3.3/lib/libc_user_libc_v7m_t_le_eabi.a(user_libc.o)
 .debug_abbrev  0x000032fb       0x9d /usr/share/crossworks_for_arm_3.3/lib/libm_v7m_t_le_eabi.a(libm2.o)

.debug_aranges  0x00000000     0x2798
 .debug_aranges
                0x00000000       0xe8 due_rowley_rtos THUMB RAM Debug/main.o
 .debug_aranges
                0x000000e8       0x30 due_rowley_rtos THUMB RAM Debug/init.o
 .debug_aranges
                0x00000118       0x20 due_rowley_rtos THUMB RAM Debug/exceptions.o
 .debug_aranges
                0x00000138      0x148 due_rowley_rtos THUMB RAM Debug/pio.o
 .debug_aranges
                0x00000280       0x78 due_rowley_rtos THUMB RAM Debug/pio_handler.o
 .debug_aranges
                0x000002f8       0x88 due_rowley_rtos THUMB RAM Debug/sysclk.o
 .debug_aranges
                0x00000380      0x1f8 due_rowley_rtos THUMB RAM Debug/pmc.o
 .debug_aranges
                0x00000578      0x1e0 due_rowley_rtos THUMB RAM Debug/sd_mmc.o
 .debug_aranges
                0x00000758       0x20 due_rowley_rtos THUMB RAM Debug/cycle_counter.o
 .debug_aranges
                0x00000778       0xd0 due_rowley_rtos THUMB RAM Debug/sd_mmc_spi.o
 .debug_aranges
                0x00000848       0xd0 due_rowley_rtos THUMB RAM Debug/spi_master.o
 .debug_aranges
                0x00000918       0xa8 due_rowley_rtos THUMB RAM Debug/spi.o
 .debug_aranges
                0x000009c0      0x178 due_rowley_rtos THUMB RAM Debug/adc.o
 .debug_aranges
                0x00000b38       0xe8 due_rowley_rtos THUMB RAM Debug/uart.o
 .debug_aranges
                0x00000c20      0x2d0 due_rowley_rtos THUMB RAM Debug/usart.o
 .debug_aranges
                0x00000ef0       0x88 due_rowley_rtos THUMB RAM Debug/pdc.o
 .debug_aranges
                0x00000f78       0x48 due_rowley_rtos THUMB RAM Debug/dht11.o
 .debug_aranges
                0x00000fc0      0x110 due_rowley_rtos THUMB RAM Debug/ili9341.o
 .debug_aranges
                0x000010d0       0x20 due_rowley_rtos THUMB RAM Debug/thumb_crt0.o
 .debug_aranges
                0x000010f0       0x20 due_rowley_rtos THUMB RAM Debug/SAM3XA_Startup.o
 .debug_aranges
                0x00001110       0x30 due_rowley_rtos THUMB RAM Debug/system_sam.o
 .debug_aranges
                0x00001140       0x40 due_rowley_rtos THUMB RAM Debug/list.o
 .debug_aranges
                0x00001180       0xe0 due_rowley_rtos THUMB RAM Debug/queue.o
 .debug_aranges
                0x00001260      0x160 due_rowley_rtos THUMB RAM Debug/tasks.o
 .debug_aranges
                0x000013c0       0x90 due_rowley_rtos THUMB RAM Debug/timers.o
 .debug_aranges
                0x00001450       0x90 due_rowley_rtos THUMB RAM Debug/port.o
 .debug_aranges
                0x000014e0       0x48 due_rowley_rtos THUMB RAM Debug/freertos_uart_serial.o
 .debug_aranges
                0x00001528       0x78 due_rowley_rtos THUMB RAM Debug/freertos_usart_serial.o
 .debug_aranges
                0x000015a0       0x70 due_rowley_rtos THUMB RAM Debug/freertos_peripheral_control.o
 .debug_aranges
                0x00001610       0x50 due_rowley_rtos THUMB RAM Debug/heap_4.o
 .debug_aranges
                0x00001660      0xea0 /usr/share/crossworks_for_arm_3.3/lib/libc_v7m_t_le_eabi.a(libc2.o)
 .debug_aranges
                0x00002500       0x20 /usr/share/crossworks_for_arm_3.3/lib/lib_vfprintf_float_long_long_v7m_t_le_eabi.a(lib_vfprintf_float_long_long.o)
 .debug_aranges
                0x00002520       0x60 /usr/share/crossworks_for_arm_3.3/lib/libc_user_libc_v7m_t_le_eabi.a(user_libc.o)
 .debug_aranges
                0x00002580      0x218 /usr/share/crossworks_for_arm_3.3/lib/libm_v7m_t_le_eabi.a(libm2.o)

.debug_ranges   0x00000000     0x2558
 .debug_ranges  0x00000000       0xd8 due_rowley_rtos THUMB RAM Debug/main.o
 .debug_ranges  0x000000d8       0x20 due_rowley_rtos THUMB RAM Debug/init.o
 .debug_ranges  0x000000f8       0x10 due_rowley_rtos THUMB RAM Debug/exceptions.o
 .debug_ranges  0x00000108      0x138 due_rowley_rtos THUMB RAM Debug/pio.o
 .debug_ranges  0x00000240       0x68 due_rowley_rtos THUMB RAM Debug/pio_handler.o
 .debug_ranges  0x000002a8       0x78 due_rowley_rtos THUMB RAM Debug/sysclk.o
 .debug_ranges  0x00000320      0x1e8 due_rowley_rtos THUMB RAM Debug/pmc.o
 .debug_ranges  0x00000508      0x1d0 due_rowley_rtos THUMB RAM Debug/sd_mmc.o
 .debug_ranges  0x000006d8       0x10 due_rowley_rtos THUMB RAM Debug/cycle_counter.o
 .debug_ranges  0x000006e8       0xc0 due_rowley_rtos THUMB RAM Debug/sd_mmc_spi.o
 .debug_ranges  0x000007a8       0xc0 due_rowley_rtos THUMB RAM Debug/spi_master.o
 .debug_ranges  0x00000868       0x98 due_rowley_rtos THUMB RAM Debug/spi.o
 .debug_ranges  0x00000900      0x168 due_rowley_rtos THUMB RAM Debug/adc.o
 .debug_ranges  0x00000a68       0xd8 due_rowley_rtos THUMB RAM Debug/uart.o
 .debug_ranges  0x00000b40      0x2c0 due_rowley_rtos THUMB RAM Debug/usart.o
 .debug_ranges  0x00000e00       0x78 due_rowley_rtos THUMB RAM Debug/pdc.o
 .debug_ranges  0x00000e78       0x38 due_rowley_rtos THUMB RAM Debug/dht11.o
 .debug_ranges  0x00000eb0      0x100 due_rowley_rtos THUMB RAM Debug/ili9341.o
 .debug_ranges  0x00000fb0       0x20 due_rowley_rtos THUMB RAM Debug/system_sam.o
 .debug_ranges  0x00000fd0       0x30 due_rowley_rtos THUMB RAM Debug/list.o
 .debug_ranges  0x00001000       0xd0 due_rowley_rtos THUMB RAM Debug/queue.o
 .debug_ranges  0x000010d0      0x150 due_rowley_rtos THUMB RAM Debug/tasks.o
 .debug_ranges  0x00001220       0x80 due_rowley_rtos THUMB RAM Debug/timers.o
 .debug_ranges  0x000012a0       0x80 due_rowley_rtos THUMB RAM Debug/port.o
 .debug_ranges  0x00001320       0x38 due_rowley_rtos THUMB RAM Debug/freertos_uart_serial.o
 .debug_ranges  0x00001358       0x68 due_rowley_rtos THUMB RAM Debug/freertos_usart_serial.o
 .debug_ranges  0x000013c0       0x60 due_rowley_rtos THUMB RAM Debug/freertos_peripheral_control.o
 .debug_ranges  0x00001420       0x40 due_rowley_rtos THUMB RAM Debug/heap_4.o
 .debug_ranges  0x00001460      0xe90 /usr/share/crossworks_for_arm_3.3/lib/libc_v7m_t_le_eabi.a(libc2.o)
 .debug_ranges  0x000022f0       0x10 /usr/share/crossworks_for_arm_3.3/lib/lib_vfprintf_float_long_long_v7m_t_le_eabi.a(lib_vfprintf_float_long_long.o)
 .debug_ranges  0x00002300       0x50 /usr/share/crossworks_for_arm_3.3/lib/libc_user_libc_v7m_t_le_eabi.a(user_libc.o)
 .debug_ranges  0x00002350      0x208 /usr/share/crossworks_for_arm_3.3/lib/libm_v7m_t_le_eabi.a(libm2.o)

.debug_line     0x00000000     0x9a47
 .debug_line    0x00000000      0x843 due_rowley_rtos THUMB RAM Debug/main.o
 .debug_line    0x00000843      0x383 due_rowley_rtos THUMB RAM Debug/init.o
 .debug_line    0x00000bc6      0x121 due_rowley_rtos THUMB RAM Debug/exceptions.o
 .debug_line    0x00000ce7      0x532 due_rowley_rtos THUMB RAM Debug/pio.o
 .debug_line    0x00001219      0x385 due_rowley_rtos THUMB RAM Debug/pio_handler.o
 .debug_line    0x0000159e      0x3ce due_rowley_rtos THUMB RAM Debug/sysclk.o
 .debug_line    0x0000196c      0x801 due_rowley_rtos THUMB RAM Debug/pmc.o
 .debug_line    0x0000216d      0xac0 due_rowley_rtos THUMB RAM Debug/sd_mmc.o
 .debug_line    0x00002c2d      0x183 due_rowley_rtos THUMB RAM Debug/cycle_counter.o
 .debug_line    0x00002db0      0x526 due_rowley_rtos THUMB RAM Debug/sd_mmc_spi.o
 .debug_line    0x000032d6      0x503 due_rowley_rtos THUMB RAM Debug/spi_master.o
 .debug_line    0x000037d9      0x3e6 due_rowley_rtos THUMB RAM Debug/spi.o
 .debug_line    0x00003bbf      0x5c7 due_rowley_rtos THUMB RAM Debug/adc.o
 .debug_line    0x00004186      0x3ed due_rowley_rtos THUMB RAM Debug/uart.o
 .debug_line    0x00004573      0x96b due_rowley_rtos THUMB RAM Debug/usart.o
 .debug_line    0x00004ede      0x2fb due_rowley_rtos THUMB RAM Debug/pdc.o
 .debug_line    0x000051d9      0x3dc due_rowley_rtos THUMB RAM Debug/dht11.o
 .debug_line    0x000055b5      0x79e due_rowley_rtos THUMB RAM Debug/ili9341.o
 .debug_line    0x00005d53       0xfd due_rowley_rtos THUMB RAM Debug/thumb_crt0.o
 .debug_line    0x00005e50       0xb9 due_rowley_rtos THUMB RAM Debug/SAM3XA_Startup.o
 .debug_line    0x00005f09      0x296 due_rowley_rtos THUMB RAM Debug/system_sam.o
 .debug_line    0x0000619f      0x19e due_rowley_rtos THUMB RAM Debug/list.o
 .debug_line    0x0000633d      0x660 due_rowley_rtos THUMB RAM Debug/queue.o
 .debug_line    0x0000699d      0x881 due_rowley_rtos THUMB RAM Debug/tasks.o
 .debug_line    0x0000721e      0x335 due_rowley_rtos THUMB RAM Debug/timers.o
 .debug_line    0x00007553      0x265 due_rowley_rtos THUMB RAM Debug/port.o
 .debug_line    0x000077b8      0x5af due_rowley_rtos THUMB RAM Debug/freertos_uart_serial.o
 .debug_line    0x00007d67      0x6ab due_rowley_rtos THUMB RAM Debug/freertos_usart_serial.o
 .debug_line    0x00008412      0x569 due_rowley_rtos THUMB RAM Debug/freertos_peripheral_control.o
 .debug_line    0x0000897b      0x1c2 due_rowley_rtos THUMB RAM Debug/heap_4.o
 .debug_line    0x00008b3d      0xb09 /usr/share/crossworks_for_arm_3.3/lib/libc_v7m_t_le_eabi.a(libc2.o)
 .debug_line    0x00009646       0x68 /usr/share/crossworks_for_arm_3.3/lib/lib_vfprintf_float_long_long_v7m_t_le_eabi.a(lib_vfprintf_float_long_long.o)
 .debug_line    0x000096ae       0x67 /usr/share/crossworks_for_arm_3.3/lib/libc_user_libc_v7m_t_le_eabi.a(user_libc.o)
 .debug_line    0x00009715      0x332 /usr/share/crossworks_for_arm_3.3/lib/libm_v7m_t_le_eabi.a(libm2.o)

.debug_str      0x00000000     0x8b6f
 .debug_str     0x00000000     0x11eb due_rowley_rtos THUMB RAM Debug/main.o
                               0x1296 (size before relaxing)
 .debug_str     0x000011eb       0xd3 due_rowley_rtos THUMB RAM Debug/init.o
                                0x4f7 (size before relaxing)
 .debug_str     0x000012be       0x5d due_rowley_rtos THUMB RAM Debug/exceptions.o
                                0x1fa (size before relaxing)
 .debug_str     0x0000131b      0x408 due_rowley_rtos THUMB RAM Debug/pio.o
                                0x857 (size before relaxing)
 .debug_str     0x00001723      0x40a due_rowley_rtos THUMB RAM Debug/pio_handler.o
                                0x8c1 (size before relaxing)
 .debug_str     0x00001b2d      0x243 due_rowley_rtos THUMB RAM Debug/sysclk.o
                                0x53e (size before relaxing)
 .debug_str     0x00001d70      0x68a due_rowley_rtos THUMB RAM Debug/pmc.o
                                0xa3d (size before relaxing)
 .debug_str     0x000023fa      0x77f due_rowley_rtos THUMB RAM Debug/sd_mmc.o
                                0xcc1 (size before relaxing)
 .debug_str     0x00002b79       0x67 due_rowley_rtos THUMB RAM Debug/cycle_counter.o
                                0x26c (size before relaxing)
 .debug_str     0x00002be0      0x322 due_rowley_rtos THUMB RAM Debug/sd_mmc_spi.o
                                0x639 (size before relaxing)
 .debug_str     0x00002f02      0x371 due_rowley_rtos THUMB RAM Debug/spi_master.o
                                0x729 (size before relaxing)
 .debug_str     0x00003273      0x2e1 due_rowley_rtos THUMB RAM Debug/spi.o
                                0x60e (size before relaxing)
 .debug_str     0x00003554      0x59a due_rowley_rtos THUMB RAM Debug/adc.o
                                0xc5c (size before relaxing)
 .debug_str     0x00003aee      0x223 due_rowley_rtos THUMB RAM Debug/uart.o
                                0x5ac (size before relaxing)
 .debug_str     0x00003d11      0xa2c due_rowley_rtos THUMB RAM Debug/usart.o
                                0xd49 (size before relaxing)
 .debug_str     0x0000473d      0x190 due_rowley_rtos THUMB RAM Debug/pdc.o
                                0x408 (size before relaxing)
 .debug_str     0x000048cd       0x62 due_rowley_rtos THUMB RAM Debug/dht11.o
                                0x55e (size before relaxing)
 .debug_str     0x0000492f      0x29e due_rowley_rtos THUMB RAM Debug/ili9341.o
                                0x92d (size before relaxing)
 .debug_str     0x00004bcd       0xa7 due_rowley_rtos THUMB RAM Debug/system_sam.o
                                0x3d7 (size before relaxing)
 .debug_str     0x00004c74      0x157 due_rowley_rtos THUMB RAM Debug/list.o
                                0x34b (size before relaxing)
 .debug_str     0x00004dcb      0x4aa due_rowley_rtos THUMB RAM Debug/queue.o
                                0x78c (size before relaxing)
 .debug_str     0x00005275      0x7d5 due_rowley_rtos THUMB RAM Debug/tasks.o
                                0xb26 (size before relaxing)
 .debug_str     0x00005a4a      0x3be due_rowley_rtos THUMB RAM Debug/timers.o
                                0x6d5 (size before relaxing)
 .debug_str     0x00005e08      0x240 due_rowley_rtos THUMB RAM Debug/port.o
                                0x471 (size before relaxing)
 .debug_str     0x00006048      0x3b9 due_rowley_rtos THUMB RAM Debug/freertos_uart_serial.o
                                0xcaf (size before relaxing)
 .debug_str     0x00006401      0x146 due_rowley_rtos THUMB RAM Debug/freertos_usart_serial.o
                                0xe14 (size before relaxing)
 .debug_str     0x00006547      0x278 due_rowley_rtos THUMB RAM Debug/freertos_peripheral_control.o
                                0xcb0 (size before relaxing)
 .debug_str     0x000067bf      0x1ef due_rowley_rtos THUMB RAM Debug/heap_4.o
                                0x3f8 (size before relaxing)
 .debug_str     0x000069ae     0x1da6 /usr/share/crossworks_for_arm_3.3/lib/libc_v7m_t_le_eabi.a(libc2.o)
                               0x1f1e (size before relaxing)
 .debug_str     0x00008754       0x53 /usr/share/crossworks_for_arm_3.3/lib/lib_vfprintf_float_long_long_v7m_t_le_eabi.a(lib_vfprintf_float_long_long.o)
                                0x1ad (size before relaxing)
 .debug_str     0x000087a7       0xcd /usr/share/crossworks_for_arm_3.3/lib/libc_user_libc_v7m_t_le_eabi.a(user_libc.o)
                                0x227 (size before relaxing)
 .debug_str     0x00008874      0x2fb /usr/share/crossworks_for_arm_3.3/lib/libm_v7m_t_le_eabi.a(libm2.o)
                                0x33b (size before relaxing)

.comment        0x00000000       0x4e
 .comment       0x00000000       0x4e due_rowley_rtos THUMB RAM Debug/main.o
                                 0x4f (size before relaxing)
 .comment       0x00000000       0x4f due_rowley_rtos THUMB RAM Debug/init.o
 .comment       0x00000000       0x4f due_rowley_rtos THUMB RAM Debug/exceptions.o
 .comment       0x00000000       0x4f due_rowley_rtos THUMB RAM Debug/pio.o
 .comment       0x00000000       0x4f due_rowley_rtos THUMB RAM Debug/pio_handler.o
 .comment       0x00000000       0x4f due_rowley_rtos THUMB RAM Debug/sysclk.o
 .comment       0x00000000       0x4f due_rowley_rtos THUMB RAM Debug/pmc.o
 .comment       0x00000000       0x4f due_rowley_rtos THUMB RAM Debug/sd_mmc.o
 .comment       0x00000000       0x4f due_rowley_rtos THUMB RAM Debug/cycle_counter.o
 .comment       0x00000000       0x4f due_rowley_rtos THUMB RAM Debug/sd_mmc_spi.o
 .comment       0x00000000       0x4f due_rowley_rtos THUMB RAM Debug/spi_master.o
 .comment       0x00000000       0x4f due_rowley_rtos THUMB RAM Debug/spi.o
 .comment       0x00000000       0x4f due_rowley_rtos THUMB RAM Debug/adc.o
 .comment       0x00000000       0x4f due_rowley_rtos THUMB RAM Debug/uart.o
 .comment       0x00000000       0x4f due_rowley_rtos THUMB RAM Debug/usart.o
 .comment       0x00000000       0x4f due_rowley_rtos THUMB RAM Debug/pdc.o
 .comment       0x00000000       0x4f due_rowley_rtos THUMB RAM Debug/dht11.o